Component: ARM Compiler 5.06 update 1 (build 61) Tool: armlink [4d35a8]

==============================================================================

Section Cross References

    main.o(i.MX_ADC1_Init) refers to stm32f2xx_hal_adc.o(i.HAL_ADC_Init) for HAL_ADC_Init
    main.o(i.MX_ADC1_Init) refers to stm32f2xx_hal_adc.o(i.HAL_ADC_ConfigChannel) for HAL_ADC_ConfigChannel
    main.o(i.MX_ADC1_Init) refers to main.o(.bss) for .bss
    main.o(i.MX_GPIO_Init) refers to stm32f2xx_hal_gpio.o(i.HAL_GPIO_WritePin) for HAL_GPIO_WritePin
    main.o(i.MX_GPIO_Init) refers to stm32f2xx_hal_gpio.o(i.HAL_GPIO_Init) for HAL_GPIO_Init
    main.o(i.MX_I2C2_Init) refers to stm32f2xx_hal_i2c.o(i.HAL_I2C_Init) for HAL_I2C_Init
    main.o(i.MX_I2C2_Init) refers to main.o(.bss) for .bss
    main.o(i.MX_TIM2_Init) refers to stm32f2xx_hal_tim.o(i.HAL_TIM_Base_Init) for HAL_TIM_Base_Init
    main.o(i.MX_TIM2_Init) refers to stm32f2xx_hal_tim.o(i.HAL_TIM_ConfigClockSource) for HAL_TIM_ConfigClockSource
    main.o(i.MX_TIM2_Init) refers to stm32f2xx_hal_tim_ex.o(i.HAL_TIMEx_MasterConfigSynchronization) for HAL_TIMEx_MasterConfigSynchronization
    main.o(i.MX_TIM2_Init) refers to main.o(.bss) for .bss
    main.o(i.MX_TIM4_Init) refers to stm32f2xx_hal_tim.o(i.HAL_TIM_Base_Init) for HAL_TIM_Base_Init
    main.o(i.MX_TIM4_Init) refers to stm32f2xx_hal_tim.o(i.HAL_TIM_ConfigClockSource) for HAL_TIM_ConfigClockSource
    main.o(i.MX_TIM4_Init) refers to stm32f2xx_hal_tim_ex.o(i.HAL_TIMEx_MasterConfigSynchronization) for HAL_TIMEx_MasterConfigSynchronization
    main.o(i.MX_TIM4_Init) refers to main.o(.bss) for .bss
    main.o(i.StartDefaultTask) refers to cmsis_os.o(i.osDelay) for osDelay
    main.o(i.SystemClock_Config) refers to stm32f2xx_hal_rcc.o(i.HAL_RCC_OscConfig) for HAL_RCC_OscConfig
    main.o(i.SystemClock_Config) refers to stm32f2xx_hal_rcc.o(i.HAL_RCC_ClockConfig) for HAL_RCC_ClockConfig
    main.o(i.SystemClock_Config) refers to stm32f2xx_hal_rcc.o(i.HAL_RCC_GetHCLKFreq) for HAL_RCC_GetHCLKFreq
    main.o(i.SystemClock_Config) refers to stm32f2xx_hal_cortex.o(i.HAL_SYSTICK_Config) for HAL_SYSTICK_Config
    main.o(i.SystemClock_Config) refers to stm32f2xx_hal_cortex.o(i.HAL_SYSTICK_CLKSourceConfig) for HAL_SYSTICK_CLKSourceConfig
    main.o(i.SystemClock_Config) refers to stm32f2xx_hal_cortex.o(i.HAL_NVIC_SetPriority) for HAL_NVIC_SetPriority
    main.o(i.main) refers to stm32f2xx_hal.o(i.HAL_Init) for HAL_Init
    main.o(i.main) refers to main.o(i.SystemClock_Config) for SystemClock_Config
    main.o(i.main) refers to main.o(i.MX_GPIO_Init) for MX_GPIO_Init
    main.o(i.main) refers to stm32f2xx_hal_cortex.o(i.HAL_NVIC_SetPriority) for HAL_NVIC_SetPriority
    main.o(i.main) refers to stm32f2xx_hal_cortex.o(i.HAL_NVIC_EnableIRQ) for HAL_NVIC_EnableIRQ
    main.o(i.main) refers to main.o(i.MX_ADC1_Init) for MX_ADC1_Init
    main.o(i.main) refers to main.o(i.MX_I2C2_Init) for MX_I2C2_Init
    main.o(i.main) refers to stm32f2xx_hal_uart.o(i.HAL_UART_Init) for HAL_UART_Init
    main.o(i.main) refers to main.o(i.MX_TIM2_Init) for MX_TIM2_Init
    main.o(i.main) refers to main.o(i.MX_TIM4_Init) for MX_TIM4_Init
    main.o(i.main) refers to stm32f2xx_hal_iwdg.o(i.HAL_IWDG_Init) for HAL_IWDG_Init
    main.o(i.main) refers to cfg_info.o(i.ConfigInfoRead) for ConfigInfoRead
    main.o(i.main) refers to dig_pot.o(i.DigPot_Init) for DigPot_Init
    main.o(i.main) refers to adc.o(i.ADC_Init) for ADC_Init
    main.o(i.main) refers to pyro_squib.o(i.PyroSquib_Init) for PyroSquib_Init
    main.o(i.main) refers to mbinit.o(i.Modbus_Init) for Modbus_Init
    main.o(i.main) refers to memcpya.o(.text) for __aeabi_memcpy4
    main.o(i.main) refers to cmsis_os.o(i.osThreadCreate) for osThreadCreate
    main.o(i.main) refers to cmsis_os.o(i.osKernelStart) for osKernelStart
    main.o(i.main) refers to main.o(.bss) for .bss
    main.o(i.main) refers to main.o(.constdata) for .constdata
    main.o(i.main) refers to main.o(.data) for .data
    main.o(.constdata) refers to main.o(.conststring) for .conststring
    main.o(.constdata) refers to main.o(i.StartDefaultTask) for StartDefaultTask
    stm32f2xx_it.o(i.DMA2_Stream0_IRQHandler) refers to stm32f2xx_hal_dma.o(i.HAL_DMA_IRQHandler) for HAL_DMA_IRQHandler
    stm32f2xx_it.o(i.DMA2_Stream0_IRQHandler) refers to main.o(.bss) for hdma_adc1
    stm32f2xx_it.o(i.DMA2_Stream2_IRQHandler) refers to stm32f2xx_hal_dma.o(i.HAL_DMA_IRQHandler) for HAL_DMA_IRQHandler
    stm32f2xx_it.o(i.DMA2_Stream2_IRQHandler) refers to main.o(.bss) for hdma_usart1_rx
    stm32f2xx_it.o(i.DMA2_Stream7_IRQHandler) refers to stm32f2xx_hal_dma.o(i.HAL_DMA_IRQHandler) for HAL_DMA_IRQHandler
    stm32f2xx_it.o(i.DMA2_Stream7_IRQHandler) refers to main.o(.bss) for hdma_usart1_tx
    stm32f2xx_it.o(i.HAL_TIM_PeriodElapsedCallback) refers to porttimer.o(i.xMBPort_TimerExpired) for xMBPort_TimerExpired
    stm32f2xx_it.o(i.HAL_TIM_PeriodElapsedCallback) refers to pyro_squib.o(i.PyroSquib_TimerExpired) for PyroSquib_TimerExpired
[...]
    makeFreeRtosPriority                     0x080106b1   Thumb Code    12  cmsis_os.o(i.makeFreeRtosPriority)
    i.osDelay                                0x080106bc   Section        0  cmsis_os.o(i.osDelay)
    i.osKernelStart                          0x080106ca   Section        0  cmsis_os.o(i.osKernelStart)
    i.osSystickHandler                       0x080106d4   Section        0  cmsis_os.o(i.osSystickHandler)
    i.osThreadCreate                         0x080106e8   Section        0  cmsis_os.o(i.osThreadCreate)
    i.prvAddCurrentTaskToDelayedList         0x08010718   Section        0  tasks.o(i.prvAddCurrentTaskToDelayedList)
    prvAddCurrentTaskToDelayedList           0x08010719   Thumb Code   102  tasks.o(i.prvAddCurrentTaskToDelayedList)
    i.prvAddNewTaskToReadyList               0x08010788   Section        0  tasks.o(i.prvAddNewTaskToReadyList)
    prvAddNewTaskToReadyList                 0x08010789   Thumb Code   194  tasks.o(i.prvAddNewTaskToReadyList)
    i.prvCheckTasksWaitingTermination        0x08010858   Section        0  tasks.o(i.prvCheckTasksWaitingTermination)
    prvCheckTasksWaitingTermination          0x08010859   Thumb Code    70  tasks.o(i.prvCheckTasksWaitingTermination)
    i.prvCopyDataFromQueue                   0x080108a8   Section        0  queue.o(i.prvCopyDataFromQueue)
    prvCopyDataFromQueue                     0x080108a9   Thumb Code    38  queue.o(i.prvCopyDataFromQueue)
    i.prvCopyDataToQueue                     0x080108ce   Section        0  queue.o(i.prvCopyDataToQueue)
    prvCopyDataToQueue                       0x080108cf   Thumb Code   108  queue.o(i.prvCopyDataToQueue)
    i.prvDeleteTCB                           0x0801093a   Section        0  tasks.o(i.prvDeleteTCB)
    prvDeleteTCB                             0x0801093b   Thumb Code    20  tasks.o(i.prvDeleteTCB)
    i.prvHeapInit                            0x08010950   Section        0  heap_4.o(i.prvHeapInit)
    prvHeapInit                              0x08010951   Thumb Code    66  heap_4.o(i.prvHeapInit)
    i.prvIdleTask                            0x0801099c   Section        0  tasks.o(i.prvIdleTask)
    prvIdleTask                              0x0801099d   Thumb Code    30  tasks.o(i.prvIdleTask)
    i.prvInitialiseNewTask                   0x080109c4   Section        0  tasks.o(i.prvInitialiseNewTask)
    prvInitialiseNewTask                     0x080109c5   Thumb Code   142  tasks.o(i.prvInitialiseNewTask)
    i.prvInsertBlockIntoFreeList             0x08010a54   Section        0  heap_4.o(i.prvInsertBlockIntoFreeList)
    prvInsertBlockIntoFreeList               0x08010a55   Thumb Code    72  heap_4.o(i.prvInsertBlockIntoFreeList)
    i.prvIsQueueEmpty                        0x08010aa0   Section        0  queue.o(i.prvIsQueueEmpty)
    prvIsQueueEmpty                          0x08010aa1   Thumb Code    28  queue.o(i.prvIsQueueEmpty)
    i.prvResetNextTaskUnblockTime            0x08010abc   Section        0  tasks.o(i.prvResetNextTaskUnblockTime)
    prvResetNextTaskUnblockTime              0x08010abd   Thumb Code    26  tasks.o(i.prvResetNextTaskUnblockTime)
    i.prvTaskExitError                       0x08010adc   Section        0  port.o(i.prvTaskExitError)
    prvTaskExitError                         0x08010add   Thumb Code    36  port.o(i.prvTaskExitError)
    i.prvUnlockQueue                         0x08010b04   Section        0  queue.o(i.prvUnlockQueue)
    prvUnlockQueue                           0x08010b05   Thumb Code   106  queue.o(i.prvUnlockQueue)
    i.prveMBError2Exception                  0x08010b6e   Section        0  mbutils.o(i.prveMBError2Exception)
    i.prvvUARTTxReadyISR                     0x08010b88   Section        0  portserial.o(i.prvvUARTTxReadyISR)
    i.pvPortMalloc                           0x08010bb0   Section        0  heap_4.o(i.pvPortMalloc)
    i.pvTaskIncrementMutexHeldCount          0x08010c88   Section        0  tasks.o(i.pvTaskIncrementMutexHeldCount)
    i.pxPortInitialiseStack                  0x08010ca0   Section        0  port.o(i.pxPortInitialiseStack)
    i.startUARTRcv                           0x08010cc4   Section        0  usart_app.o(i.startUARTRcv)
    i.stopUART                               0x08010cf4   Section        0  usart_app.o(i.stopUART)
    i.usMBCRC16                              0x08010d1c   Section        0  mbcrc.o(i.usMBCRC16)
    i.uxListRemove                           0x08010d48   Section        0  list.o(i.uxListRemove)
    i.vListInitialise                        0x08010d6c   Section        0  list.o(i.vListInitialise)
    i.vListInitialiseItem                    0x08010d82   Section        0  list.o(i.vListInitialiseItem)
    i.vListInsert                            0x08010d88   Section        0  list.o(i.vListInsert)
    i.vListInsertEnd                         0x08010db8   Section        0  list.o(i.vListInsertEnd)
    i.vMBPortSerialEnable                    0x08010dd0   Section        0  portserial.o(i.vMBPortSerialEnable)
    i.vMBPortTimersDisable                   0x08010dfc   Section        0  porttimer.o(i.vMBPortTimersDisable)
    i.vMBPortTimersEnable                    0x08010e18   Section        0  porttimer.o(i.vMBPortTimersEnable)
    i.vPortEnterCritical                     0x08010e2c   Section        0  port.o(i.vPortEnterCritical)
    i.vPortExitCritical                      0x08010e6c   Section        0  port.o(i.vPortExitCritical)
    i.vPortFree                              0x08010e94   Section        0  heap_4.o(i.vPortFree)
    i.vPortSetupTimerInterrupt               0x08010ef0   Section        0  port.o(i.vPortSetupTimerInterrupt)
    i.vTaskDelay                             0x08010f10   Section        0  tasks.o(i.vTaskDelay)
    i.vTaskMissedYield                       0x08010f5c   Section        0  tasks.o(i.vTaskMissedYield)
    i.vTaskPlaceOnEventList                  0x08010f68   Section        0  tasks.o(i.vTaskPlaceOnEventList)
    i.vTaskPriorityInherit                   0x08010f98   Section        0  tasks.o(i.vTaskPriorityInherit)
    i.vTaskSetTimeOutState                   0x0801101c   Section        0  tasks.o(i.vTaskSetTimeOutState)
    i.vTaskStartScheduler                    0x08011040   Section        0  tasks.o(i.vTaskStartScheduler)
    i.vTaskSuspendAll                        0x080110a8   Section        0  tasks.o(i.vTaskSuspendAll)
    i.vTaskSwitchContext                     0x080110b8   Section        0  tasks.o(i.vTaskSwitchContext)
    i.xMBPortEventGet                        0x08011114   Section        0  portevent.o(i.xMBPortEventGet)
    i.xMBPortEventInit                       0x08011130   Section        0  portevent.o(i.xMBPortEventInit)
    i.xMBPortEventPost                       0x08011140   Section        0  portevent.o(i.xMBPortEventPost)
    i.xMBPortSerialInit                      0x08011150   Section        0  portserial.o(i.xMBPortSerialInit)
    i.xMBPortSerialPutPktDMA                 0x0801117c   Section        0  portserial.o(i.xMBPortSerialPutPktDMA)
    i.xMBPortTimersInit                      0x08011190   Section        0  porttimer.o(i.xMBPortTimersInit)
    i.xMBPort_TimerExpired                   0x080111e0   Section        0  porttimer.o(i.xMBPort_TimerExpired)
    i.xMBRTUReceiveFSM                       0x08011208   Section        0  mbrtu_dma.o(i.xMBRTUReceiveFSM)
    i.xMBRTUTimerT35Expired                  0x0801121c   Section        0  mbrtu_dma.o(i.xMBRTUTimerT35Expired)
    i.xMBRTUTransmitFSM                      0x08011258   Section        0  mbrtu_dma.o(i.xMBRTUTransmitFSM)
    i.xPortStartScheduler                    0x080112a0   Section        0  port.o(i.xPortStartScheduler)
    i.xPortSysTickHandler                    0x08011314   Section        0  port.o(i.xPortSysTickHandler)
    i.xQueueGenericCreate                    0x08011340   Section        0  queue.o(i.xQueueGenericCreate)
    i.xQueueGenericReceive                   0x08011388   Section        0  queue.o(i.xQueueGenericReceive)
    i.xQueueGenericReset                     0x080114f4   Section        0  queue.o(i.xQueueGenericReset)
    i.xQueueGenericSend                      0x0801157c   Section        0  queue.o(i.xQueueGenericSend)
    i.xTaskCheckForTimeOut                   0x080116dc   Section        0  tasks.o(i.xTaskCheckForTimeOut)
    i.xTaskCreate                            0x08011748   Section        0  tasks.o(i.xTaskCreate)
    i.xTaskGetSchedulerState                 0x080117a0   Section        0  tasks.o(i.xTaskGetSchedulerState)
    i.xTaskIncrementTick                     0x080117bc   Section        0  tasks.o(i.xTaskIncrementTick)
    i.xTaskPriorityDisinherit                0x08011884   Section        0  tasks.o(i.xTaskPriorityDisinherit)
    i.xTaskRemoveFromEventList               0x0801191c   Section        0  tasks.o(i.xTaskRemoveFromEventList)
    i.xTaskResumeAll                         0x08011990   Section        0  tasks.o(i.xTaskResumeAll)
    .constdata                               0x08011a54   Section       20  main.o(.constdata)
    .constdata                               0x08011a68   Section       76  cfg_info.o(.constdata)
    .constdata                               0x08011ab4   Section      512  mbcrc.o(.constdata)
    aucCRCHi                                 0x08011ab4   Data         256  mbcrc.o(.constdata)
    aucCRCLo                                 0x08011bb4   Data         256  mbcrc.o(.constdata)
    .constdata                               0x08011cb4   Section       16  system_stm32f2xx.o(.constdata)
    .constdata                               0x08011cc4   Section        8  system_stm32f2xx.o(.constdata)
    .constdata                               0x08011ccc   Section        8  stm32f2xx_hal_dma.o(.constdata)
    flagBitshiftOffset                       0x08011ccc   Data           8  stm32f2xx_hal_dma.o(.constdata)
    .conststring                             0x08011cd4   Section       12  main.o(.conststring)
    .data                                    0x20000000   Section        4  main.o(.data)
    .data                                    0x20000004   Section        4  cfg_info.o(.data)
    pMyInfoActive                            0x20000004   Data           4  cfg_info.o(.data)
    .data                                    0x20000008   Section       12  pyro_squib.o(.data)
    .data                                    0x20000014   Section      172  mb.o(.data)
    eMBState                                 0x20000014   Data           1  mb.o(.data)
    ucRcvAddress                             0x20000015   Data           1  mb.o(.data)
    ucFunctionCode                           0x20000016   Data           1  mb.o(.data)
    eException                               0x20000017   Data           1  mb.o(.data)
    ucMBAddress                              0x20000018   Data           1  mb.o(.data)
    eMBCurrentMode                           0x20000019   Data           1  mb.o(.data)
    usLength                                 0x2000001a   Data           2  mb.o(.data)
    ucMBFrame                                0x2000001c   Data           4  mb.o(.data)
    peMBFrameSendCur                         0x20000020   Data           4  mb.o(.data)
    pvMBFrameStartCur                        0x20000024   Data           4  mb.o(.data)
    pvMBFrameStopCur                         0x20000028   Data           4  mb.o(.data)
    peMBFrameReceiveCur                      0x2000002c   Data           4  mb.o(.data)
    pvMBFrameCloseCur                        0x20000030   Data           4  mb.o(.data)
    xFuncHandlers                            0x20000040   Data         128  mb.o(.data)
    .data                                    0x200000c0   Section       12  mbrtu_dma.o(.data)
    eSndState                                0x200000c0   Data           1  mbrtu_dma.o(.data)
    eRcvState                                0x200000c1   Data           1  mbrtu_dma.o(.data)
    usSndBufferCount                         0x200000c2   Data           2  mbrtu_dma.o(.data)
    usRcvBufferPos                           0x200000c4   Data           2  mbrtu_dma.o(.data)
    pucSndBufferCur                          0x200000c8   Data           4  mbrtu_dma.o(.data)
    .data                                    0x200000cc   Section        4  mbport.o(.data)
    usRegInputStart                          0x200000cc   Data           2  mbport.o(.data)
    usRegHoldingStart                        0x200000ce   Data           2  mbport.o(.data)
    .data                                    0x200000d0   Section        2  portevent.o(.data)
    eQueuedEvent                             0x200000d0   Data           1  portevent.o(.data)
    xEventInQueue                            0x200000d1   Data           1  portevent.o(.data)
    .data                                    0x200000d2   Section        2  mbfuncother.o(.data)
    usMBSlaveIDLen                           0x200000d2   Data           2  mbfuncother.o(.data)
    .data                                    0x200000d4   Section        4  system_stm32f2xx.o(.data)
    .data                                    0x200000d8   Section        4  stm32f2xx_hal.o(.data)
    .data                                    0x200000dc   Section       60  tasks.o(.data)
    uxDeletedTasksWaitingCleanUp             0x200000e0   Data           4  tasks.o(.data)
    uxCurrentNumberOfTasks                   0x200000e4   Data           4  tasks.o(.data)
    xTickCount                               0x200000e8   Data           4  tasks.o(.data)
    uxTopReadyPriority                       0x200000ec   Data           4  tasks.o(.data)
    xSchedulerRunning                        0x200000f0   Data           4  tasks.o(.data)
    uxPendedTicks                            0x200000f4   Data           4  tasks.o(.data)
    xYieldPending                            0x200000f8   Data           4  tasks.o(.data)
    xNumOfOverflows                          0x200000fc   Data           4  tasks.o(.data)
    uxTaskNumber                             0x20000100   Data           4  tasks.o(.data)
    xNextTaskUnblockTime                     0x20000104   Data           4  tasks.o(.data)
    xIdleTaskHandle                          0x20000108   Data           4  tasks.o(.data)
    uxSchedulerSuspended                     0x2000010c   Data           4  tasks.o(.data)
    pxDelayedTaskList                        0x20000110   Data           4  tasks.o(.data)
    pxOverflowDelayedTaskList                0x20000114   Data           4  tasks.o(.data)
    .data                                    0x20000118   Section       24  heap_4.o(.data)
    pxEnd                                    0x20000118   Data           4  heap_4.o(.data)
    xFreeBytesRemaining                      0x2000011c   Data           4  heap_4.o(.data)
    xMinimumEverFreeBytesRemaining           0x20000120   Data           4  heap_4.o(.data)
    xBlockAllocatedBit                       0x20000124   Data           4  heap_4.o(.data)
    xStart                                   0x20000128   Data           8  heap_4.o(.data)
    .data                                    0x20000130   Section       12  port.o(.data)
    ucMaxSysCallPriority                     0x20000130   Data           1  port.o(.data)
    uxCriticalNesting                        0x20000134   Data           4  port.o(.data)
    ulMaxPRIGROUPValue                       0x20000138   Data           4  port.o(.data)
    .bss                                     0x2000013c   Section      360  main.o(.bss)
    .bss                                     0x200002a4   Section       96  main.o(.bss)
    .bss                                     0x20000304   Section       96  main.o(.bss)
    .bss                                     0x20000364   Section       96  main.o(.bss)
    .bss                                     0x200003c4   Section       16  adc.o(.bss)
    .bss                                     0x200003d4   Section       76  cfg_info.o(.bss)
    .bss                                     0x20000420   Section       16  pyro_squib.o(.bss)
    .bss                                     0x20000430   Section      256  mbrtu_dma.o(.bss)
    .bss                                     0x20000530   Section      104  mbport.o(.bss)
    .bss                                     0x20000598   Section       32  mbfuncother.o(.bss)
    ucMBSlaveID                              0x20000598   Data          32  mbfuncother.o(.bss)
    .bss                                     0x200005b8   Section       32  stm32f2xx_hal_flash.o(.bss)
    .bss                                     0x200005d8   Section      240  tasks.o(.bss)
    pxReadyTasksLists                        0x200005d8   Data         140  tasks.o(.bss)
    xDelayedTaskList1                        0x20000664   Data          20  tasks.o(.bss)
    xDelayedTaskList2                        0x20000678   Data          20  tasks.o(.bss)
    xPendingReadyList                        0x2000068c   Data          20  tasks.o(.bss)
    xTasksWaitingTermination                 0x200006a0   Data          20  tasks.o(.bss)
    xSuspendedTaskList                       0x200006b4   Data          20  tasks.o(.bss)
    .bss                                     0x200006c8   Section    15360  heap_4.o(.bss)
    ucHeap                                   0x200006c8   Data       15360  heap_4.o(.bss)
    STACK                                    0x200042c8   Section    16384  startup_stm32f205xx.o(STACK)

    Global Symbols

    Symbol Name                              Value     Ov Type        Size  Object(Section)

    BuildAttributes$$THM_ISAv4$P$D$K$B$S$PE$A:L22UL41UL21$X:L11$S22US41US21$IEEE1$IW$USESV6$~STKCKD$USESV7$~SHL$OTIME$ROPI$EBA8$MICROLIB$REQ8$PRES8$EABIv2 0x00000000   Number         0  anon$$obj.o ABSOLUTE
    __ARM_use_no_argv                        0x00000000   Number         0  main.o ABSOLUTE
    __cpp_initialize__aeabi_                  - Undefined Weak Reference
    __cxa_finalize                            - Undefined Weak Reference
    _clock_init                               - Undefined Weak Reference
    _microlib_exit                            - Undefined Weak Reference
    __Vectors_Size                           0x00000184   Number         0  startup_stm32f205xx.o ABSOLUTE
    __Vectors                                0x08000000   Data           4  startup_stm32f205xx.o(RESET)
    __Vectors_End                            0x08000184   Data           0  startup_stm32f205xx.o(RESET)
    __main                                   0x0800c001   Thumb Code     0  entry.o(.ARM.Collect$$$$00000000)
    _main_stk                                0x0800c001   Thumb Code     0  entry2.o(.ARM.Collect$$$$00000001)
    _main_scatterload                        0x0800c005   Thumb Code     0  entry5.o(.ARM.Collect$$$$00000004)
    __main_after_scatterload                 0x0800c009   Thumb Code     0  entry5.o(.ARM.Collect$$$$00000004)
    _main_clock                              0x0800c009   Thumb Code     0  entry7b.o(.ARM.Collect$$$$00000008)
    _main_cpp_init                           0x0800c009   Thumb Code     0  entry8b.o(.ARM.Collect$$$$0000000A)
    _main_init                               0x0800c009   Thumb Code     0  entry9a.o(.ARM.Collect$$$$0000000B)
    __rt_final_cpp                           0x0800c011   Thumb Code     0  entry10a.o(.ARM.Collect$$$$0000000D)
    __rt_final_exit                          0x0800c011   Thumb Code     0  entry11a.o(.ARM.Collect$$$$0000000F)
    SVC_Handler                              0x0800c015   Thumb Code    32  port.o(.emb_text)
    __asm___6_port_c_39a90d8d__prvStartFirstTask 0x0800c039   Thumb Code    28  port.o(.emb_text)
    PendSV_Handler                           0x0800c059   Thumb Code    72  port.o(.emb_text)
    vPortGetIPSR                             0x0800c0a5   Thumb Code     6  port.o(.emb_text)
    Reset_Handler                            0x0800c0ad   Thumb Code     8  startup_stm32f205xx.o(.text)
    ADC_IRQHandler                           0x0800c0c7   Thumb Code     0  startup_stm32f205xx.o(.text)
    CAN1_RX0_IRQHandler                      0x0800c0c7   Thumb Code     0  startup_stm32f205xx.o(.text)
    CAN1_RX1_IRQHandler                      0x0800c0c7   Thumb Code     0  startup_stm32f205xx.o(.text)
    CAN1_SCE_IRQHandler                      0x0800c0c7   Thumb Code     0  startup_stm32f205xx.o(.text)
    CAN1_TX_IRQHandler                       0x0800c0c7   Thumb Code     0  startup_stm32f205xx.o(.text)
    CAN2_RX0_IRQHandler                      0x0800c0c7   Thumb Code     0  startup_stm32f205xx.o(.text)
    CAN2_RX1_IRQHandler                      0x0800c0c7   Thumb Code     0  startup_stm32f205xx.o(.text)
    CAN2_SCE_IRQHandler                      0x0800c0c7   Thumb Code     0  startup_stm32f205xx.o(.text)
    CAN2_TX_IRQHandler                       0x0800c0c7   Thumb Code     0  startup_stm32f205xx.o(.text)
    DMA1_Stream0_IRQHandler                  0x0800c0c7   Thumb Code     0  startup_stm32f205xx.o(.text)
    DMA1_Stream1_IRQHandler                  0x0800c0c7   Thumb Code     0  startup_stm32f205xx.o(.text)
    DMA1_Stream2_IRQHandler                  0x0800c0c7   Thumb Code     0  startup_stm32f205xx.o(.text)
    DMA1_Stream3_IRQHandler                  0x0800c0c7   Thumb Code     0  startup_stm32f205xx.o(.text)
    DMA1_Stream4_IRQHandler                  0x0800c0c7   Thumb Code     0  startup_stm32f205xx.o(.text)
    DMA1_Stream5_IRQHandler                  0x0800c0c7   Thumb Code     0  startup_stm32f205xx.o(.text)
    DMA1_Stream6_IRQHandler                  0x0800c0c7   Thumb Code     0  startup_stm32f205xx.o(.text)
    DMA1_Stream7_IRQHandler                  0x0800c0c7   Thumb Code     0  startup_stm32f205xx.o(.text)
    DMA2_Stream1_IRQHandler                  0x0800c0c7   Thumb Code     0  startup_stm32f205xx.o(.text)
    DMA2_Stream3_IRQHandler                  0x0800c0c7   Thumb Code     0  startup_stm32f205xx.o(.text)
    DMA2_Stream4_IRQHandler                  0x0800c0c7   Thumb Code     0  startup_stm32f205xx.o(.text)
    DMA2_Stream5_IRQHandler                  0x0800c0c7   Thumb Code     0  startup_stm32f205xx.o(.text)
    DMA2_Stream6_IRQHandler                  0x0800c0c7   Thumb Code     0  startup_stm32f205xx.o(.text)
    EXTI0_IRQHandler                         0x0800c0c7   Thumb Code     0  startup_stm32f205xx.o(.text)
    EXTI15_10_IRQHandler                     0x0800c0c7   Thumb Code     0  startup_stm32f205xx.o(.text)
    EXTI1_IRQHandler                         0x0800c0c7   Thumb Code     0  startup_stm32f205xx.o(.text)
    EXTI2_IRQHandler                         0x0800c0c7   Thumb Code     0  startup_stm32f205xx.o(.text)
    EXTI3_IRQHandler                         0x0800c0c7   Thumb Code     0  startup_stm32f205xx.o(.text)
    EXTI4_IRQHandler                         0x0800c0c7   Thumb Code     0  startup_stm32f205xx.o(.text)
    EXTI9_5_IRQHandler                       0x0800c0c7   Thumb Code     0  startup_stm32f205xx.o(.text)
    FLASH_IRQHandler                         0x0800c0c7   Thumb Code     0  startup_stm32f205xx.o(.text)
    FSMC_IRQHandler                          0x0800c0c7   Thumb Code     0  startup_stm32f205xx.o(.text)
    HASH_RNG_IRQHandler                      0x0800c0c7   Thumb Code     0  startup_stm32f205xx.o(.text)
    I2C1_ER_IRQHandler                       0x0800c0c7   Thumb Code     0  startup_stm32f205xx.o(.text)
    I2C1_EV_IRQHandler                       0x0800c0c7   Thumb Code     0  startup_stm32f205xx.o(.text)
    I2C2_ER_IRQHandler                       0x0800c0c7   Thumb Code     0  startup_stm32f205xx.o(.text)
    I2C2_EV_IRQHandler                       0x0800c0c7   Thumb Code     0  startup_stm32f205xx.o(.text)
    I2C3_ER_IRQHandler                       0x0800c0c7   Thumb Code     0  startup_stm32f205xx.o(.text)
    I2C3_EV_IRQHandler                       0x0800c0c7   Thumb Code     0  startup_stm32f205xx.o(.text)
    OTG_FS_IRQHandler                        0x0800c0c7   Thumb Code     0  startup_stm32f205xx.o(.text)
    OTG_FS_WKUP_IRQHandler                   0x0800c0c7   Thumb Code     0  startup_stm32f205xx.o(.text)
    OTG_HS_EP1_IN_IRQHandler                 0x0800c0c7   Thumb Code     0  startup_stm32f205xx.o(.text)
    OTG_HS_EP1_OUT_IRQHandler                0x0800c0c7   Thumb Code     0  startup_stm32f205xx.o(.text)
    OTG_HS_IRQHandler                        0x0800c0c7   Thumb Code     0  startup_stm32f205xx.o(.text)
    OTG_HS_WKUP_IRQHandler                   0x0800c0c7   Thumb Code     0  startup_stm32f205xx.o(.text)
    PVD_IRQHandler                           0x0800c0c7   Thumb Code     0  startup_stm32f205xx.o(.text)
    RCC_IRQHandler                           0x0800c0c7   Thumb Code     0  startup_stm32f205xx.o(.text)
    RTC_Alarm_IRQHandler                     0x0800c0c7   Thumb Code     0  startup_stm32f205xx.o(.text)
    RTC_WKUP_IRQHandler                      0x0800c0c7   Thumb Code     0  startup_stm32f205xx.o(.text)
    SDIO_IRQHandler                          0x0800c0c7   Thumb Code     0  startup_stm32f205xx.o(.text)
    SPI1_IRQHandler                          0x0800c0c7   Thumb Code     0  startup_stm32f205xx.o(.text)
    SPI2_IRQHandler                          0x0800c0c7   Thumb Code     0  startup_stm32f205xx.o(.text)
    SPI3_IRQHandler                          0x0800c0c7   Thumb Code     0  startup_stm32f205xx.o(.text)
    TAMP_STAMP_IRQHandler                    0x0800c0c7   Thumb Code     0  startup_stm32f205xx.o(.text)
    TIM1_BRK_TIM9_IRQHandler                 0x0800c0c7   Thumb Code     0  startup_stm32f205xx.o(.text)
    TIM1_CC_IRQHandler                       0x0800c0c7   Thumb Code     0  startup_stm32f205xx.o(.text)
    TIM1_TRG_COM_TIM11_IRQHandler            0x0800c0c7   Thumb Code     0  startup_stm32f205xx.o(.text)
    TIM1_UP_TIM10_IRQHandler                 0x0800c0c7   Thumb Code     0  startup_stm32f205xx.o(.text)
    TIM3_IRQHandler                          0x0800c0c7   Thumb Code     0  startup_stm32f205xx.o(.text)
    TIM5_IRQHandler                          0x0800c0c7   Thumb Code     0  startup_stm32f205xx.o(.text)
    TIM6_DAC_IRQHandler                      0x0800c0c7   Thumb Code     0  startup_stm32f205xx.o(.text)
    TIM7_IRQHandler                          0x0800c0c7   Thumb Code     0  startup_stm32f205xx.o(.text)
    TIM8_BRK_TIM12_IRQHandler                0x0800c0c7   Thumb Code     0  startup_stm32f205xx.o(.text)
    TIM8_CC_IRQHandler                       0x0800c0c7   Thumb Code     0  startup_stm32f205xx.o(.text)
    TIM8_TRG_COM_TIM14_IRQHandler            0x0800c0c7   Thumb Code     0  startup_stm32f205xx.o(.text)
    TIM8_UP_TIM13_IRQHandler                 0x0800c0c7   Thumb Code     0  startup_stm32f205xx.o(.text)
    UART4_IRQHandler                         0x0800c0c7   Thumb Code     0  startup_stm32f205xx.o(.text)
    UART5_IRQHandler                         0x0800c0c7   Thumb Code     0  startup_stm32f205xx.o(.text)
    USART2_IRQHandler                        0x0800c0c7   Thumb Code     0  startup_stm32f205xx.o(.text)
    USART3_IRQHandler                        0x0800c0c7   Thumb Code     0  startup_stm32f205xx.o(.text)
    USART6_IRQHandler                        0x0800c0c7   Thumb Code     0  startup_stm32f205xx.o(.text)
    WWDG_IRQHandler                          0x0800c0c7   Thumb Code     0  startup_stm32f205xx.o(.text)
    __aeabi_memcpy                           0x0800c0d1   Thumb Code    36  memcpya.o(.text)
    __aeabi_memcpy4                          0x0800c0d1   Thumb Code     0  memcpya.o(.text)
    __aeabi_memcpy8                          0x0800c0d1   Thumb Code     0  memcpya.o(.text)
    strcmp                                   0x0800c0f5   Thumb Code    28  strcmp.o(.text)
    __aeabi_fadd                             0x0800c111   Thumb Code   164  fadd.o(.text)
    __aeabi_fsub                             0x0800c1b5   Thumb Code     6  fadd.o(.text)
    __aeabi_frsub                            0x0800c1bb   Thumb Code     6  fadd.o(.text)
    __aeabi_fmul                             0x0800c1c1   Thumb Code   100  fmul.o(.text)
    __aeabi_dadd                             0x0800c225   Thumb Code   322  dadd.o(.text)
    __aeabi_dsub                             0x0800c367   Thumb Code     6  dadd.o(.text)
    __aeabi_drsub                            0x0800c36d   Thumb Code     6  dadd.o(.text)
    __aeabi_dmul                             0x0800c373   Thumb Code   228  dmul.o(.text)
    __aeabi_ddiv                             0x0800c457   Thumb Code   222  ddiv.o(.text)
    __aeabi_ui2d                             0x0800c535   Thumb Code    26  dfltui.o(.text)
    __aeabi_f2uiz                            0x0800c54f   Thumb Code    40  ffixui.o(.text)
    __aeabi_f2d                              0x0800c577   Thumb Code    38  f2d.o(.text)
    __aeabi_cdcmpeq                          0x0800c59d   Thumb Code     0  cdcmple.o(.text)
    __aeabi_cdcmple                          0x0800c59d   Thumb Code    48  cdcmple.o(.text)
    __aeabi_d2f                              0x0800c5cd   Thumb Code    56  d2f.o(.text)
    __aeabi_llsl                             0x0800c605   Thumb Code    30  llshl.o(.text)
    _ll_shift_l                              0x0800c605   Thumb Code     0  llshl.o(.text)
    __aeabi_lasr                             0x0800c623   Thumb Code    36  llsshr.o(.text)
    _ll_sshift_r                             0x0800c623   Thumb Code     0  llsshr.o(.text)
    __I$use$fp                               0x0800c647   Thumb Code     0  iusefp.o(.text)
    _float_round                             0x0800c647   Thumb Code    18  fepilogue.o(.text)
    _float_epilogue                          0x0800c659   Thumb Code    92  fepilogue.o(.text)
    _double_round                            0x0800c6b5   Thumb Code    30  depilogue.o(.text)
    _double_epilogue                         0x0800c6d3   Thumb Code   156  depilogue.o(.text)
    __scatterload                            0x0800c771   Thumb Code    28  init.o(.text)
    __scatterload_rt2                        0x0800c771   Thumb Code     0  init.o(.text)
    __aeabi_llsr                             0x0800c795   Thumb Code    32  llushr.o(.text)
    _ll_ushift_r                             0x0800c795   Thumb Code     0  llushr.o(.text)
    __decompress                             0x0800c7b5   Thumb Code     0  __dczerorl2.o(.text)
    __decompress1                            0x0800c7b5   Thumb Code    86  __dczerorl2.o(.text)
    ADC_Init                                 0x0800c88d   Thumb Code    10  adc.o(i.ADC_Init)
    ADC_toCurrent                            0x0800c9d5   Thumb Code    38  adc.o(i.ADC_toCurrent)
    BusFault_Handler                         0x0800ca11   Thumb Code     2  stm32f2xx_it.o(i.BusFault_Handler)
    ConfigInfoRead                           0x0800ca15   Thumb Code    80  cfg_info.o(i.ConfigInfoRead)
    ConfigInfoWrite                          0x0800ca85   Thumb Code    56  cfg_info.o(i.ConfigInfoWrite)
    DMA2_Stream0_IRQHandler                  0x0800cacd   Thumb Code     6  stm32f2xx_it.o(i.DMA2_Stream0_IRQHandler)
    DMA2_Stream2_IRQHandler                  0x0800cad9   Thumb Code     6  stm32f2xx_it.o(i.DMA2_Stream2_IRQHandler)
    DMA2_Stream7_IRQHandler                  0x0800cae5   Thumb Code     6  stm32f2xx_it.o(i.DMA2_Stream7_IRQHandler)
    DebugMon_Handler                         0x0800cb95   Thumb Code     2  stm32f2xx_it.o(i.DebugMon_Handler)
    DigPot_Init                              0x0800cb99   Thumb Code    44  dig_pot.o(i.DigPot_Init)
    DigPot_SetValue                          0x0800cbc9   Thumb Code   106  dig_pot.o(i.DigPot_SetValue)
    ENTER_CRITICAL_SECTION                   0x0800cc3d   Thumb Code     4  mbport.o(i.ENTER_CRITICAL_SECTION)
    EXIT_CRITICAL_SECTION                    0x0800cc41   Thumb Code     4  mbport.o(i.EXIT_CRITICAL_SECTION)
    FLASH_Erase_Sector                       0x0800cc89   Thumb Code    84  stm32f2xx_hal_flash_ex.o(i.FLASH_Erase_Sector)
    FLASH_FlushCaches                        0x0800cce1   Thumb Code    80  stm32f2xx_hal_flash_ex.o(i.FLASH_FlushCaches)
    FLASH_WaitForLastOperation               0x0800ce55   Thumb Code    72  stm32f2xx_hal_flash.o(i.FLASH_WaitForLastOperation)
    FloatCheckEquality                       0x0800cf11   Thumb Code    76  utilities.o(i.FloatCheckEquality)
    Float_To_UINT16_Buf                      0x0800cf5d   Thumb Code     8  utilities.o(i.Float_To_UINT16_Buf)
    HAL_ADC_ConfigChannel                    0x0800cf65   Thumb Code   322  stm32f2xx_hal_adc.o(i.HAL_ADC_ConfigChannel)
    HAL_ADC_ConvCpltCallback                 0x0800d0b5   Thumb Code     2  stm32f2xx_hal_adc.o(i.HAL_ADC_ConvCpltCallback)
    HAL_ADC_ConvHalfCpltCallback             0x0800d0b7   Thumb Code     2  stm32f2xx_hal_adc.o(i.HAL_ADC_ConvHalfCpltCallback)
    HAL_ADC_ErrorCallback                    0x0800d0b9   Thumb Code     2  stm32f2xx_hal_adc.o(i.HAL_ADC_ErrorCallback)
    HAL_ADC_Init                             0x0800d0bb   Thumb Code    84  stm32f2xx_hal_adc.o(i.HAL_ADC_Init)
    HAL_ADC_MspInit                          0x0800d111   Thumb Code   122  stm32f2xx_hal_msp.o(i.HAL_ADC_MspInit)
    HAL_ADC_Start_DMA                        0x0800d1c1   Thumb Code   228  stm32f2xx_hal_adc.o(i.HAL_ADC_Start_DMA)
    HAL_DMA_Abort                            0x0800d2bd   Thumb Code   142  stm32f2xx_hal_dma.o(i.HAL_DMA_Abort)
    HAL_DMA_Abort_IT                         0x0800d34b   Thumb Code    36  stm32f2xx_hal_dma.o(i.HAL_DMA_Abort_IT)
    HAL_DMA_IRQHandler                       0x0800d371   Thumb Code   414  stm32f2xx_hal_dma.o(i.HAL_DMA_IRQHandler)
    HAL_DMA_Init                             0x0800d519   Thumb Code   206  stm32f2xx_hal_dma.o(i.HAL_DMA_Init)
    HAL_DMA_Start_IT                         0x0800d5ed   Thumb Code   120  stm32f2xx_hal_dma.o(i.HAL_DMA_Start_IT)
    HAL_FLASHEx_Erase                        0x0800d665   Thumb Code   144  stm32f2xx_hal_flash_ex.o(i.HAL_FLASHEx_Erase)
    HAL_FLASH_Lock                           0x0800d6fd   Thumb Code    14  stm32f2xx_hal_flash.o(i.HAL_FLASH_Lock)
    HAL_FLASH_Program                        0x0800d711   Thumb Code   116  stm32f2xx_hal_flash.o(i.HAL_FLASH_Program)
    HAL_FLASH_Unlock                         0x0800d78d   Thumb Code    28  stm32f2xx_hal_flash.o(i.HAL_FLASH_Unlock)
    HAL_GPIO_Init                            0x0800d7b5   Thumb Code   398  stm32f2xx_hal_gpio.o(i.HAL_GPIO_Init)
    HAL_GPIO_WritePin                        0x0800d975   Thumb Code    10  stm32f2xx_hal_gpio.o(i.HAL_GPIO_WritePin)
    HAL_GetTick                              0x0800d981   Thumb Code     6  stm32f2xx_hal.o(i.HAL_GetTick)
    HAL_I2C_Init                             0x0800d98d   Thumb Code   254  stm32f2xx_hal_i2c.o(i.HAL_I2C_Init)
    HAL_I2C_Master_Transmit                  0x0800da95   Thumb Code   304  stm32f2xx_hal_i2c.o(i.HAL_I2C_Master_Transmit)
    HAL_I2C_MspInit                          0x0800dbcd   Thumb Code    64  stm32f2xx_hal_msp.o(i.HAL_I2C_MspInit)
    HAL_IWDG_Init                            0x0800dc19   Thumb Code    82  stm32f2xx_hal_iwdg.o(i.HAL_IWDG_Init)
    HAL_IWDG_Refresh                         0x0800dc6b   Thumb Code    12  stm32f2xx_hal_iwdg.o(i.HAL_IWDG_Refresh)
    HAL_IncTick                              0x0800dc79   Thumb Code    10  stm32f2xx_hal.o(i.HAL_IncTick)
    HAL_Init                                 0x0800dc89   Thumb Code    48  stm32f2xx_hal.o(i.HAL_Init)
    HAL_InitTick                             0x0800dcbd   Thumb Code    34  stm32f2xx_hal.o(i.HAL_InitTick)
    HAL_MspInit                              0x0800dce5   Thumb Code    88  stm32f2xx_hal_msp.o(i.HAL_MspInit)
    HAL_NVIC_EnableIRQ                       0x0800dd3d   Thumb Code    22  stm32f2xx_hal_cortex.o(i.HAL_NVIC_EnableIRQ)
    HAL_NVIC_SetPriority                     0x0800dd55   Thumb Code    60  stm32f2xx_hal_cortex.o(i.HAL_NVIC_SetPriority)
    HAL_NVIC_SetPriorityGrouping             0x0800dd95   Thumb Code    26  stm32f2xx_hal_cortex.o(i.HAL_NVIC_SetPriorityGrouping)
    HAL_RCC_ClockConfig                      0x0800ddb9   Thumb Code   328  stm32f2xx_hal_rcc.o(i.HAL_RCC_ClockConfig)
    HAL_RCC_GetHCLKFreq                      0x0800df11   Thumb Code     6  stm32f2xx_hal_rcc.o(i.HAL_RCC_GetHCLKFreq)
    HAL_RCC_GetPCLK1Freq                     0x0800df1d   Thumb Code    34  stm32f2xx_hal_rcc.o(i.HAL_RCC_GetPCLK1Freq)
    HAL_RCC_GetPCLK2Freq                     0x0800df4d   Thumb Code    34  stm32f2xx_hal_rcc.o(i.HAL_RCC_GetPCLK2Freq)
    HAL_RCC_GetSysClockFreq                  0x0800df7d   Thumb Code   104  stm32f2xx_hal_rcc.o(i.HAL_RCC_GetSysClockFreq)
    HAL_RCC_OscConfig                        0x0800dfed   Thumb Code   722  stm32f2xx_hal_rcc.o(i.HAL_RCC_OscConfig)
    HAL_SYSTICK_CLKSourceConfig              0x0800e2d1   Thumb Code    24  stm32f2xx_hal_cortex.o(i.HAL_SYSTICK_CLKSourceConfig)
    HAL_SYSTICK_Config                       0x0800e2e9   Thumb Code    40  stm32f2xx_hal_cortex.o(i.HAL_SYSTICK_Config)
    HAL_TIMEx_BreakCallback                  0x0800e311   Thumb Code     2  stm32f2xx_hal_tim_ex.o(i.HAL_TIMEx_BreakCallback)
    HAL_TIMEx_CommutationCallback            0x0800e313   Thumb Code     2  stm32f2xx_hal_tim_ex.o(i.HAL_TIMEx_CommutationCallback)
    HAL_TIMEx_MasterConfigSynchronization    0x0800e315   Thumb Code    80  stm32f2xx_hal_tim_ex.o(i.HAL_TIMEx_MasterConfigSynchronization)
    HAL_TIM_Base_Init                        0x0800e365   Thumb Code    54  stm32f2xx_hal_tim.o(i.HAL_TIM_Base_Init)
    HAL_TIM_Base_MspInit                     0x0800e39d   Thumb Code    86  stm32f2xx_hal_msp.o(i.HAL_TIM_Base_MspInit)
    HAL_TIM_Base_Start_IT                    0x0800e3fd   Thumb Code    24  stm32f2xx_hal_tim.o(i.HAL_TIM_Base_Start_IT)
    HAL_TIM_Base_Stop                        0x0800e415   Thumb Code    44  stm32f2xx_hal_tim.o(i.HAL_TIM_Base_Stop)
    HAL_TIM_Base_Stop_IT                     0x0800e441   Thumb Code    42  stm32f2xx_hal_tim.o(i.HAL_TIM_Base_Stop_IT)
    HAL_TIM_ConfigClockSource                0x0800e46b   Thumb Code   242  stm32f2xx_hal_tim.o(i.HAL_TIM_ConfigClockSource)
    HAL_TIM_IC_CaptureCallback               0x0800e55d   Thumb Code     2  stm32f2xx_hal_tim.o(i.HAL_TIM_IC_CaptureCallback)
    HAL_TIM_IRQHandler                       0x0800e55f   Thumb Code   358  stm32f2xx_hal_tim.o(i.HAL_TIM_IRQHandler)
    HAL_TIM_OC_DelayElapsedCallback          0x0800e6c5   Thumb Code     2  stm32f2xx_hal_tim.o(i.HAL_TIM_OC_DelayElapsedCallback)
    HAL_TIM_PWM_PulseFinishedCallback        0x0800e6c7   Thumb Code     2  stm32f2xx_hal_tim.o(i.HAL_TIM_PWM_PulseFinishedCallback)
    HAL_TIM_PeriodElapsedCallback            0x0800e6c9   Thumb Code    24  stm32f2xx_it.o(i.HAL_TIM_PeriodElapsedCallback)
    HAL_TIM_TriggerCallback                  0x0800e6e5   Thumb Code     2  stm32f2xx_hal_tim.o(i.HAL_TIM_TriggerCallback)
    HAL_UART_DMAStop                         0x0800e6e7   Thumb Code    88  stm32f2xx_hal_uart.o(i.HAL_UART_DMAStop)
    HAL_UART_ErrorCallback                   0x0800e73f   Thumb Code     4  usart_app.o(i.HAL_UART_ErrorCallback)
    HAL_UART_IRQHandler                      0x0800e745   Thumb Code   266  stm32f2xx_hal_uart.o(i.HAL_UART_IRQHandler)
    HAL_UART_Init                            0x0800e855   Thumb Code    98  stm32f2xx_hal_uart.o(i.HAL_UART_Init)
    HAL_UART_MspInit                         0x0800e8b9   Thumb Code   196  stm32f2xx_hal_msp.o(i.HAL_UART_MspInit)
    HAL_UART_Receive_DMA                     0x0800e9b1   Thumb Code   138  stm32f2xx_hal_uart.o(i.HAL_UART_Receive_DMA)
    HAL_UART_RxCpltCallback                  0x0800ea49   Thumb Code     2  usart_app.o(i.HAL_UART_RxCpltCallback)
    HAL_UART_RxHalfCpltCallback              0x0800ea4b   Thumb Code     2  stm32f2xx_hal_uart.o(i.HAL_UART_RxHalfCpltCallback)
    HAL_UART_Transmit_DMA                    0x0800ea4d   Thumb Code   114  stm32f2xx_hal_uart.o(i.HAL_UART_Transmit_DMA)
    HAL_UART_TxCpltCallback                  0x0800eacd   Thumb Code    14  usart_app.o(i.HAL_UART_TxCpltCallback)
    HAL_UART_TxHalfCpltCallback              0x0800eae1   Thumb Code     2  stm32f2xx_hal_uart.o(i.HAL_UART_TxHalfCpltCallback)
    HardFault_Handler                        0x0800eae3   Thumb Code     2  stm32f2xx_it.o(i.HardFault_Handler)
    MX_I2C2_Init                             0x0800eed9   Thumb Code    46  main.o(i.MX_I2C2_Init)
    MemManage_Handler                        0x0800efb9   Thumb Code     2  stm32f2xx_it.o(i.MemManage_Handler)
    Modbus_Init                              0x0800efbd   Thumb Code    40  mbinit.o(i.Modbus_Init)
    NMI_Handler                              0x0800efff   Thumb Code     2  stm32f2xx_it.o(i.NMI_Handler)
    PyroSquib_CurrentToPotVal                0x0800f021   Thumb Code    46  pyro_squib.o(i.PyroSquib_CurrentToPotVal)
    PyroSquib_Init                           0x0800f059   Thumb Code    60  pyro_squib.o(i.PyroSquib_Init)
    PyroSquib_SetCurrent                     0x0800f0b1   Thumb Code    42  pyro_squib.o(i.PyroSquib_SetCurrent)
    PyroSquib_SetCurrent_All                 0x0800f0e1   Thumb Code    32  pyro_squib.o(i.PyroSquib_SetCurrent_All)
    PyroSquib_SetKeysState                   0x0800f101   Thumb Code   330  pyro_squib.o(i.PyroSquib_SetKeysState)
    PyroSquib_Start                          0x0800f25d   Thumb Code   120  pyro_squib.o(i.PyroSquib_Start)
    PyroSquib_Test                           0x0800f319   Thumb Code   126  pyro_squib.o(i.PyroSquib_Test)
    PyroSquib_TimerExpired                   0x0800f3b1   Thumb Code    36  pyro_squib.o(i.PyroSquib_TimerExpired)
    StartDefaultTask                         0x0800f3e1   Thumb Code     8  main.o(i.StartDefaultTask)
    SysTick_Handler                          0x0800f3e9   Thumb Code    14  stm32f2xx_it.o(i.SysTick_Handler)
    SystemClock_Config                       0x0800f3f7   Thumb Code   112  main.o(i.SystemClock_Config)
    SystemInit                               0x0800f469   Thumb Code    54  system_stm32f2xx.o(i.SystemInit)
    TIM2_IRQHandler                          0x0800f4b1   Thumb Code     6  stm32f2xx_it.o(i.TIM2_IRQHandler)
    TIM4_IRQHandler                          0x0800f4bd   Thumb Code     6  stm32f2xx_it.o(i.TIM4_IRQHandler)
    TIM_Base_SetConfig                       0x0800f4c9   Thumb Code   156  stm32f2xx_hal_tim.o(i.TIM_Base_SetConfig)
    UINT16_Buf_To_Float                      0x0800fa9b   Thumb Code    16  utilities.o(i.UINT16_Buf_To_Float)
    USART1_IRQHandler                        0x0800faad   Thumb Code    42  stm32f2xx_it.o(i.USART1_IRQHandler)
    UsageFault_Handler                       0x0800fadd   Thumb Code     2  stm32f2xx_it.o(i.UsageFault_Handler)
    _Error_Handler                           0x0800fadf   Thumb Code     2  main.o(i._Error_Handler)
    __scatterload_copy                       0x0800fae1   Thumb Code    14  handlers.o(i.__scatterload_copy)
    __scatterload_null                       0x0800faef   Thumb Code     2  handlers.o(i.__scatterload_null)
    __scatterload_zeroinit                   0x0800faf1   Thumb Code    14  handlers.o(i.__scatterload_zeroinit)
    eMBEnable                                0x0800fb01   Thumb Code    28  mb.o(i.eMBEnable)
    eMBFuncReadCoils                         0x0800fb21   Thumb Code   110  mbfunccoils.o(i.eMBFuncReadCoils)
    eMBFuncReadDiscreteInputs                0x0800fb8f   Thumb Code   110  mbfuncdisc.o(i.eMBFuncReadDiscreteInputs)
    eMBFuncReadHoldingRegister               0x0800fbfd   Thumb Code    90  mbfuncholding.o(i.eMBFuncReadHoldingRegister)
    eMBFuncReadInputRegister                 0x0800fc57   Thumb Code    94  mbfuncinput.o(i.eMBFuncReadInputRegister)
    eMBFuncReadWriteMultipleHoldingRegister  0x0800fcb5   Thumb Code   156  mbfuncholding.o(i.eMBFuncReadWriteMultipleHoldingRegister)
    eMBFuncReportSlaveID                     0x0800fd51   Thumb Code    26  mbfuncother.o(i.eMBFuncReportSlaveID)
    eMBFuncWriteCoil                         0x0800fd75   Thumb Code    82  mbfunccoils.o(i.eMBFuncWriteCoil)
    eMBFuncWriteHoldingRegister              0x0800fdc7   Thumb Code    46  mbfuncholding.o(i.eMBFuncWriteHoldingRegister)
    eMBFuncWriteMultipleCoils                0x0800fdf5   Thumb Code    94  mbfunccoils.o(i.eMBFuncWriteMultipleCoils)
    eMBFuncWriteMultipleHoldingRegister      0x0800fe53   Thumb Code    74  mbfuncholding.o(i.eMBFuncWriteMultipleHoldingRegister)
    eMBInit                                  0x0800fe9d   Thumb Code    96  mb.o(i.eMBInit)
    eMBPoll                                  0x0800ff1d   Thumb Code   176  mb.o(i.eMBPoll)
    eMBRTUInit                               0x0800ffd1   Thumb Code    66  mbrtu_dma.o(i.eMBRTUInit)
    eMBRTUReceive                            0x08010019   Thumb Code    68  mbrtu_dma.o(i.eMBRTUReceive)
    eMBRTUSend                               0x08010065   Thumb Code    98  mbrtu_dma.o(i.eMBRTUSend)
    eMBRTUStart                              0x080100d1   Thumb Code    32  mbrtu_dma.o(i.eMBRTUStart)
    eMBRTUStop                               0x080100f5   Thumb Code    26  mbrtu_dma.o(i.eMBRTUStop)
    eMBRegCoilsCB                            0x0801010f   Thumb Code     4  mbport.o(i.eMBRegCoilsCB)
    eMBRegDiscreteCB                         0x08010113   Thumb Code     4  mbport.o(i.eMBRegDiscreteCB)
    eMBRegHoldingCB                          0x08010119   Thumb Code   904  mbport.o(i.eMBRegHoldingCB)
    eMBRegInputCB                            0x080104b9   Thumb Code   228  mbport.o(i.eMBRegInputCB)
    getUART_BB_RcvDMAPktLength               0x080105b9   Thumb Code    16  usart_app.o(i.getUART_BB_RcvDMAPktLength)
    main                                     0x080105cd   Thumb Code   204  main.o(i.main)
    osDelay                                  0x080106bd   Thumb Code    14  cmsis_os.o(i.osDelay)
    osKernelStart                            0x080106cb   Thumb Code    10  cmsis_os.o(i.osKernelStart)
    osSystickHandler                         0x080106d5   Thumb Code    20  cmsis_os.o(i.osSystickHandler)
    osThreadCreate                           0x080106e9   Thumb Code    46  cmsis_os.o(i.osThreadCreate)
    prveMBError2Exception                    0x08010b6f   Thumb Code    24  mbutils.o(i.prveMBError2Exception)
    prvvUARTTxReadyISR                       0x08010b89   Thumb Code    30  portserial.o(i.prvvUARTTxReadyISR)
    pvPortMalloc                             0x08010bb1   Thumb Code   210  heap_4.o(i.pvPortMalloc)
    pvTaskIncrementMutexHeldCount            0x08010c89   Thumb Code    18  tasks.o(i.pvTaskIncrementMutexHeldCount)
    pxPortInitialiseStack                    0x08010ca1   Thumb Code    32  port.o(i.pxPortInitialiseStack)
    startUARTRcv                             0x08010cc5   Thumb Code    34  usart_app.o(i.startUARTRcv)
    stopUART                                 0x08010cf5   Thumb Code    30  usart_app.o(i.stopUART)
    usMBCRC16                                0x08010d1d   Thumb Code    40  mbcrc.o(i.usMBCRC16)
    uxListRemove                             0x08010d49   Thumb Code    36  list.o(i.uxListRemove)
    vListInitialise                          0x08010d6d   Thumb Code    22  list.o(i.vListInitialise)
    vListInitialiseItem                      0x08010d83   Thumb Code     6  list.o(i.vListInitialiseItem)
    vListInsert                              0x08010d89   Thumb Code    48  list.o(i.vListInsert)
    vListInsertEnd                           0x08010db9   Thumb Code    24  list.o(i.vListInsertEnd)
    vMBPortSerialEnable                      0x08010dd1   Thumb Code    36  portserial.o(i.vMBPortSerialEnable)
    vMBPortTimersDisable                     0x08010dfd   Thumb Code    24  porttimer.o(i.vMBPortTimersDisable)
    vMBPortTimersEnable                      0x08010e19   Thumb Code    14  porttimer.o(i.vMBPortTimersEnable)
    vPortEnterCritical                       0x08010e2d   Thumb Code    54  port.o(i.vPortEnterCritical)
    vPortExitCritical                        0x08010e6d   Thumb Code    34  port.o(i.vPortExitCritical)
    vPortFree                                0x08010e95   Thumb Code    88  heap_4.o(i.vPortFree)
    vPortSetupTimerInterrupt                 0x08010ef1   Thumb Code    26  port.o(i.vPortSetupTimerInterrupt)
    vTaskDelay                               0x08010f11   Thumb Code    66  tasks.o(i.vTaskDelay)
    vTaskMissedYield                         0x08010f5d   Thumb Code     8  tasks.o(i.vTaskMissedYield)
    vTaskPlaceOnEventList                    0x08010f69   Thumb Code    44  tasks.o(i.vTaskPlaceOnEventList)
    vTaskPriorityInherit                     0x08010f99   Thumb Code   124  tasks.o(i.vTaskPriorityInherit)
    vTaskSetTimeOutState                     0x0801101d   Thumb Code    30  tasks.o(i.vTaskSetTimeOutState)
    vTaskStartScheduler                      0x08011041   Thumb Code    86  tasks.o(i.vTaskStartScheduler)
    vTaskSuspendAll                          0x080110a9   Thumb Code    10  tasks.o(i.vTaskSuspendAll)
    vTaskSwitchContext                       0x080110b9   Thumb Code    82  tasks.o(i.vTaskSwitchContext)
    xMBPortEventGet                          0x08011115   Thumb Code    24  portevent.o(i.xMBPortEventGet)
    xMBPortEventInit                         0x08011131   Thumb Code    10  portevent.o(i.xMBPortEventInit)
    xMBPortEventPost                         0x08011141   Thumb Code    12  portevent.o(i.xMBPortEventPost)
    xMBPortSerialInit                        0x08011151   Thumb Code    34  portserial.o(i.xMBPortSerialInit)
    xMBPortSerialPutPktDMA                   0x0801117d   Thumb Code    16  portserial.o(i.xMBPortSerialPutPktDMA)
    xMBPortTimersInit                        0x08011191   Thumb Code    72  porttimer.o(i.xMBPortTimersInit)
    xMBPort_TimerExpired                     0x080111e1   Thumb Code    30  porttimer.o(i.xMBPort_TimerExpired)
    xMBRTUReceiveFSM                         0x08011209   Thumb Code    16  mbrtu_dma.o(i.xMBRTUReceiveFSM)
    xMBRTUTimerT35Expired                    0x0801121d   Thumb Code    56  mbrtu_dma.o(i.xMBRTUTimerT35Expired)
    xMBRTUTransmitFSM                        0x08011259   Thumb Code    66  mbrtu_dma.o(i.xMBRTUTransmitFSM)
    xPortStartScheduler                      0x080112a1   Thumb Code   102  port.o(i.xPortStartScheduler)
    xPortSysTickHandler                      0x08011315   Thumb Code    38  port.o(i.xPortSysTickHandler)
    xQueueGenericCreate                      0x08011341   Thumb Code    72  queue.o(i.xQueueGenericCreate)
    xQueueGenericReceive                     0x08011389   Thumb Code   360  queue.o(i.xQueueGenericReceive)
    xQueueGenericReset                       0x080114f5   Thumb Code   132  queue.o(i.xQueueGenericReset)
    xQueueGenericSend                        0x0801157d   Thumb Code   346  queue.o(i.xQueueGenericSend)
    xTaskCheckForTimeOut                     0x080116dd   Thumb Code   102  tasks.o(i.xTaskCheckForTimeOut)
    xTaskCreate                              0x08011749   Thumb Code    86  tasks.o(i.xTaskCreate)
    xTaskGetSchedulerState                   0x080117a1   Thumb Code    22  tasks.o(i.xTaskGetSchedulerState)
    xTaskIncrementTick                       0x080117bd   Thumb Code   192  tasks.o(i.xTaskIncrementTick)
    xTaskPriorityDisinherit                  0x08011885   Thumb Code   144  tasks.o(i.xTaskPriorityDisinherit)
    xTaskRemoveFromEventList                 0x0801191d   Thumb Code   108  tasks.o(i.xTaskRemoveFromEventList)
    xTaskResumeAll                           0x08011991   Thumb Code   182  tasks.o(i.xTaskResumeAll)
    configInfoHard                           0x08011a68   Data          76  cfg_info.o(.constdata)
    AHBPrescTable                            0x08011cb4   Data          16  system_stm32f2xx.o(.constdata)
    APBPrescTable                            0x08011cc4   Data           8  system_stm32f2xx.o(.constdata)
    Region$$Table$$Base                      0x08011ce0   Number         0  anon$$obj.o(Region$$Table)
    Region$$Table$$Limit                     0x08011d00   Number         0  anon$$obj.o(Region$$Table)
    defaultTaskHandle                        0x20000000   Data           4  main.o(.data)
    pyroSquibStatus                          0x20000008   Data           1  pyro_squib.o(.data)
    pulseTimeExpired                         0x20000009   Data           1  pyro_squib.o(.data)
    PyroSquibError                           0x2000000a   Data           1  pyro_squib.o(.data)
    xPyroSquib_Semaphore                     0x2000000c   Data           4  pyro_squib.o(.data)
    PyroSquibParam                           0x20000010   Data           4  pyro_squib.o(.data)
    pxMBFrameCBByteReceived                  0x20000034   Data           4  mb.o(.data)
    pxMBFrameCBTransmitterEmpty              0x20000038   Data           4  mb.o(.data)
    pxMBPortCBTimerExpired                   0x2000003c   Data           4  mb.o(.data)
    SystemCoreClock                          0x200000d4   Data           4  system_stm32f2xx.o(.data)
    uwTick                                   0x200000d8   Data           4  stm32f2xx_hal.o(.data)
    pxCurrentTCB                             0x200000dc   Data           4  tasks.o(.data)
    hadc1                                    0x2000013c   Data          72  main.o(.bss)
    hi2c2                                    0x20000184   Data          84  main.o(.bss)
    hiwdg                                    0x200001d8   Data          12  main.o(.bss)
    htim2                                    0x200001e4   Data          64  main.o(.bss)
    htim4                                    0x20000224   Data          64  main.o(.bss)
    huart1                                   0x20000264   Data          64  main.o(.bss)
    hdma_adc1                                0x200002a4   Data          96  main.o(.bss)
    hdma_usart1_rx                           0x20000304   Data          96  main.o(.bss)
    hdma_usart1_tx                           0x20000364   Data          96  main.o(.bss)
    ADC_value                                0x200003c4   Data          16  adc.o(.bss)
    configInfo                               0x200003d4   Data          76  cfg_info.o(.bss)
    ADC_value_temp                           0x20000420   Data          16  pyro_squib.o(.bss)
    ucRTUBuf                                 0x20000430   Data         256  mbrtu_dma.o(.bss)
    usRegInputBuf                            0x20000530   Data          40  mbport.o(.bss)
    usRegHoldingBuf                          0x20000558   Data          64  mbport.o(.bss)
    pFlash                                   0x200005b8   Data          32  stm32f2xx_hal_flash.o(.bss)
    __initial_sp                             0x200082c8   Data           0  startup_stm32f205xx.o(STACK)



==============================================================================

Memory Map of the image

  Image Entry point : 0x0800c001

  Load Region LR_IROM1 (Base: 0x08000000, Size: 0x00000184, Max: 0x00004000, ABSOLUTE)

    Execution Region ER_IROM1 (Base: 0x08000000, Size: 0x00000184, Max: 0x00004000, ABSOLUTE)

    Base Addr    Size         Type   Attr      Idx    E Section Name        Object

    0x08000000   0x00000184   Data   RO         1443    RESET               startup_stm32f205xx.o



  Load Region LR_IROM2 (Base: 0x0800c000, Size: 0x00005e3c, Max: 0x00014000, ABSOLUTE, COMPRESSED[0x00005d50])

    Execution Region ER_IROM2 (Base: 0x0800c000, Size: 0x00005d00, Max: 0x00014000, ABSOLUTE)

    Base Addr    Size         Type   Attr      Idx    E Section Name        Object

    0x0800c000   0x00000000   Code   RO         5412  * .ARM.Collect$$$$00000000  mc_w.l(entry.o)
    0x0800c000   0x00000004   Code   RO         5441    .ARM.Collect$$$$00000001  mc_w.l(entry2.o)
    0x0800c004   0x00000004   Code   RO         5444    .ARM.Collect$$$$00000004  mc_w.l(entry5.o)
    0x0800c008   0x00000000   Code   RO         5446    .ARM.Collect$$$$00000008  mc_w.l(entry7b.o)
    0x0800c008   0x00000000   Code   RO         5448    .ARM.Collect$$$$0000000A  mc_w.l(entry8b.o)
    0x0800c008   0x00000008   Code   RO         5449    .ARM.Collect$$$$0000000B  mc_w.l(entry9a.o)
    0x0800c010   0x00000000   Code   RO         5451    .ARM.Collect$$$$0000000D  mc_w.l(entry10a.o)
    0x0800c010   0x00000000   Code   RO         5453    .ARM.Collect$$$$0000000F  mc_w.l(entry11a.o)
    0x0800c010   0x00000004   Code   RO         5442    .ARM.Collect$$$$00002712  mc_w.l(entry2.o)
    0x0800c014   0x00000096   Code   RO         5162    .emb_text           port.o
    0x0800c0aa   0x00000002   PAD
    0x0800c0ac   0x00000024   Code   RO         1444    .text               startup_stm32f205xx.o
    0x0800c0d0   0x00000024   Code   RO         5415    .text               mc_w.l(memcpya.o)
    0x0800c0f4   0x0000001c   Code   RO         5417    .text               mc_w.l(strcmp.o)
    0x0800c110   0x000000b0   Code   RO         5421    .text               mf_w.l(fadd.o)
    0x0800c1c0   0x00000064   Code   RO         5423    .text               mf_w.l(fmul.o)
    0x0800c224   0x0000014e   Code   RO         5425    .text               mf_w.l(dadd.o)
    0x0800c372   0x000000e4   Code   RO         5427    .text               mf_w.l(dmul.o)
    0x0800c456   0x000000de   Code   RO         5429    .text               mf_w.l(ddiv.o)
    0x0800c534   0x0000001a   Code   RO         5431    .text               mf_w.l(dfltui.o)
    0x0800c54e   0x00000028   Code   RO         5433    .text               mf_w.l(ffixui.o)
    0x0800c576   0x00000026   Code   RO         5435    .text               mf_w.l(f2d.o)
    0x0800c59c   0x00000030   Code   RO         5437    .text               mf_w.l(cdcmple.o)
    0x0800c5cc   0x00000038   Code   RO         5439    .text               mf_w.l(d2f.o)
    0x0800c604   0x0000001e   Code   RO         5455    .text               mc_w.l(llshl.o)
    0x0800c622   0x00000024   Code   RO         5457    .text               mc_w.l(llsshr.o)
    0x0800c646   0x00000000   Code   RO         5459    .text               mc_w.l(iusefp.o)
    0x0800c646   0x0000006e   Code   RO         5460    .text               mf_w.l(fepilogue.o)
    0x0800c6b4   0x000000ba   Code   RO         5462    .text               mf_w.l(depilogue.o)
    0x0800c76e   0x00000002   PAD
    0x0800c770   0x00000024   Code   RO         5464    .text               mc_w.l(init.o)
    0x0800c794   0x00000020   Code   RO         5466    .text               mc_w.l(llushr.o)
    0x0800c7b4   0x00000056   Code   RO         5476    .text               mc_w.l(__dczerorl2.o)
    0x0800c80a   0x00000062   Code   RO         2860    i.ADC_DMAConvCplt   stm32f2xx_hal_adc.o
    0x0800c86c   0x00000016   Code   RO         2861    i.ADC_DMAError      stm32f2xx_hal_adc.o
    0x0800c882   0x0000000a   Code   RO         2862    i.ADC_DMAHalfConvCplt  stm32f2xx_hal_adc.o
    0x0800c88c   0x00000014   Code   RO          452    i.ADC_Init          adc.o
    0x0800c8a0   0x00000134   Code   RO         2863    i.ADC_Init          stm32f2xx_hal_adc.o
    0x0800c9d4   0x0000003c   Code   RO          453    i.ADC_toCurrent     adc.o
    0x0800ca10   0x00000002   Code   RO          244    i.BusFault_Handler  stm32f2xx_it.o
    0x0800ca12   0x00000002   PAD
    0x0800ca14   0x00000070   Code   RO          494    i.ConfigInfoRead    cfg_info.o
    0x0800ca84   0x00000048   Code   RO          495    i.ConfigInfoWrite   cfg_info.o
    0x0800cacc   0x0000000c   Code   RO          245    i.DMA2_Stream0_IRQHandler  stm32f2xx_it.o
    0x0800cad8   0x0000000c   Code   RO          246    i.DMA2_Stream2_IRQHandler  stm32f2xx_it.o
    0x0800cae4   0x0000000c   Code   RO          247    i.DMA2_Stream7_IRQHandler  stm32f2xx_it.o
    0x0800caf0   0x00000028   Code   RO         2356    i.DMA_CalcBaseAndBitshift  stm32f2xx_hal_dma.o
    0x0800cb18   0x00000054   Code   RO         2357    i.DMA_CheckFifoParam  stm32f2xx_hal_dma.o
    0x0800cb6c   0x00000028   Code   RO         2358    i.DMA_SetConfig     stm32f2xx_hal_dma.o
    0x0800cb94   0x00000002   Code   RO          248    i.DebugMon_Handler  stm32f2xx_it.o
    0x0800cb96   0x00000002   PAD
    0x0800cb98   0x00000030   Code   RO          557    i.DigPot_Init       dig_pot.o
    0x0800cbc8   0x00000074   Code   RO          558    i.DigPot_SetValue   dig_pot.o
    0x0800cc3c   0x00000004   Code   RO         1048    i.ENTER_CRITICAL_SECTION  mbport.o
    0x0800cc40   0x00000004   Code   RO         1049    i.EXIT_CRITICAL_SECTION  mbport.o
    0x0800cc44   0x00000044   Code   RO          496    i.FLASH_ErasePage   cfg_info.o
    0x0800cc88   0x00000058   Code   RO         1672    i.FLASH_Erase_Sector  stm32f2xx_hal_flash_ex.o
    0x0800cce0   0x00000054   Code   RO         1673    i.FLASH_FlushCaches  stm32f2xx_hal_flash_ex.o
    0x0800cd34   0x00000028   Code   RO         1674    i.FLASH_MassErase   stm32f2xx_hal_flash_ex.o
    0x0800cd5c   0x00000020   Code   RO         2155    i.FLASH_Program_Byte  stm32f2xx_hal_flash.o
    0x0800cd7c   0x00000028   Code   RO         2156    i.FLASH_Program_DoubleWord  stm32f2xx_hal_flash.o
    0x0800cda4   0x00000024   Code   RO         2157    i.FLASH_Program_HalfWord  stm32f2xx_hal_flash.o
    0x0800cdc8   0x00000024   Code   RO         2158    i.FLASH_Program_Word  stm32f2xx_hal_flash.o
    0x0800cdec   0x00000068   Code   RO         2159    i.FLASH_SetErrorCode  stm32f2xx_hal_flash.o
    0x0800ce54   0x00000050   Code   RO         2160    i.FLASH_WaitForLastOperation  stm32f2xx_hal_flash.o
    0x0800cea4   0x0000006c   Code   RO          497    i.FlashWrite_32     cfg_info.o
    0x0800cf10   0x0000004c   Code   RO          777    i.FloatCheckEquality  utilities.o
    0x0800cf5c   0x00000008   Code   RO          778    i.Float_To_UINT16_Buf  utilities.o
    0x0800cf64   0x00000150   Code   RO         2865    i.HAL_ADC_ConfigChannel  stm32f2xx_hal_adc.o
    0x0800d0b4   0x00000002   Code   RO         2866    i.HAL_ADC_ConvCpltCallback  stm32f2xx_hal_adc.o
    0x0800d0b6   0x00000002   Code   RO         2867    i.HAL_ADC_ConvHalfCpltCallback  stm32f2xx_hal_adc.o
    0x0800d0b8   0x00000002   Code   RO         2869    i.HAL_ADC_ErrorCallback  stm32f2xx_hal_adc.o
    0x0800d0ba   0x00000054   Code   RO         2874    i.HAL_ADC_Init      stm32f2xx_hal_adc.o
    0x0800d10e   0x00000002   PAD
    0x0800d110   0x000000b0   Code   RO          364    i.HAL_ADC_MspInit   stm32f2xx_hal_msp.o
    0x0800d1c0   0x000000fc   Code   RO         2881    i.HAL_ADC_Start_DMA  stm32f2xx_hal_adc.o
    0x0800d2bc   0x0000008e   Code   RO         2359    i.HAL_DMA_Abort     stm32f2xx_hal_dma.o
    0x0800d34a   0x00000024   Code   RO         2360    i.HAL_DMA_Abort_IT  stm32f2xx_hal_dma.o
    0x0800d36e   0x00000002   PAD
    0x0800d370   0x000001a8   Code   RO         2364    i.HAL_DMA_IRQHandler  stm32f2xx_hal_dma.o
    0x0800d518   0x000000d4   Code   RO         2365    i.HAL_DMA_Init      stm32f2xx_hal_dma.o
    0x0800d5ec   0x00000078   Code   RO         2369    i.HAL_DMA_Start_IT  stm32f2xx_hal_dma.o
    0x0800d664   0x00000098   Code   RO         1675    i.HAL_FLASHEx_Erase  stm32f2xx_hal_flash_ex.o
    0x0800d6fc   0x00000014   Code   RO         2164    i.HAL_FLASH_Lock    stm32f2xx_hal_flash.o
    0x0800d710   0x0000007c   Code   RO         2169    i.HAL_FLASH_Program  stm32f2xx_hal_flash.o
    0x0800d78c   0x00000028   Code   RO         2171    i.HAL_FLASH_Unlock  stm32f2xx_hal_flash.o
    0x0800d7b4   0x000001c0   Code   RO         2092    i.HAL_GPIO_Init     stm32f2xx_hal_gpio.o
    0x0800d974   0x0000000a   Code   RO         2096    i.HAL_GPIO_WritePin  stm32f2xx_hal_gpio.o
    0x0800d97e   0x00000002   PAD
    0x0800d980   0x0000000c   Code   RO         1532    i.HAL_GetTick       stm32f2xx_hal.o
    0x0800d98c   0x00000108   Code   RO         2473    i.HAL_I2C_Init      stm32f2xx_hal_i2c.o
    0x0800da94   0x00000138   Code   RO         2484    i.HAL_I2C_Master_Transmit  stm32f2xx_hal_i2c.o
    0x0800dbcc   0x0000004c   Code   RO          366    i.HAL_I2C_MspInit   stm32f2xx_hal_msp.o
    0x0800dc18   0x00000052   Code   RO         4331    i.HAL_IWDG_Init     stm32f2xx_hal_iwdg.o
    0x0800dc6a   0x0000000c   Code   RO         4332    i.HAL_IWDG_Refresh  stm32f2xx_hal_iwdg.o
    0x0800dc76   0x00000002   PAD
    0x0800dc78   0x00000010   Code   RO         1534    i.HAL_IncTick       stm32f2xx_hal.o
    0x0800dc88   0x00000034   Code   RO         1535    i.HAL_Init          stm32f2xx_hal.o
    0x0800dcbc   0x00000028   Code   RO         1536    i.HAL_InitTick      stm32f2xx_hal.o
    0x0800dce4   0x00000058   Code   RO          367    i.HAL_MspInit       stm32f2xx_hal_msp.o
    0x0800dd3c   0x00000016   Code   RO         1959    i.HAL_NVIC_EnableIRQ  stm32f2xx_hal_cortex.o
    0x0800dd52   0x00000002   PAD
    0x0800dd54   0x00000040   Code   RO         1965    i.HAL_NVIC_SetPriority  stm32f2xx_hal_cortex.o
    0x0800dd94   0x00000024   Code   RO         1966    i.HAL_NVIC_SetPriorityGrouping  stm32f2xx_hal_cortex.o
    0x0800ddb8   0x00000158   Code   RO         1853    i.HAL_RCC_ClockConfig  stm32f2xx_hal_rcc.o
    0x0800df10   0x0000000c   Code   RO         1858    i.HAL_RCC_GetHCLKFreq  stm32f2xx_hal_rcc.o
    0x0800df1c   0x00000030   Code   RO         1860    i.HAL_RCC_GetPCLK1Freq  stm32f2xx_hal_rcc.o
    0x0800df4c   0x00000030   Code   RO         1861    i.HAL_RCC_GetPCLK2Freq  stm32f2xx_hal_rcc.o
    0x0800df7c   0x00000070   Code   RO         1862    i.HAL_RCC_GetSysClockFreq  stm32f2xx_hal_rcc.o
    0x0800dfec   0x000002e4   Code   RO         1865    i.HAL_RCC_OscConfig  stm32f2xx_hal_rcc.o
    0x0800e2d0   0x00000018   Code   RO         1968    i.HAL_SYSTICK_CLKSourceConfig  stm32f2xx_hal_cortex.o
    0x0800e2e8   0x00000028   Code   RO         1970    i.HAL_SYSTICK_Config  stm32f2xx_hal_cortex.o
    0x0800e310   0x00000002   Code   RO         3356    i.HAL_TIMEx_BreakCallback  stm32f2xx_hal_tim_ex.o
    0x0800e312   0x00000002   Code   RO         3357    i.HAL_TIMEx_CommutationCallback  stm32f2xx_hal_tim_ex.o
    0x0800e314   0x00000050   Code   RO         3373    i.HAL_TIMEx_MasterConfigSynchronization  stm32f2xx_hal_tim_ex.o
    0x0800e364   0x00000036   Code   RO         3597    i.HAL_TIM_Base_Init  stm32f2xx_hal_tim.o
    0x0800e39a   0x00000002   PAD
    0x0800e39c   0x00000060   Code   RO          369    i.HAL_TIM_Base_MspInit  stm32f2xx_hal_msp.o
    0x0800e3fc   0x00000018   Code   RO         3602    i.HAL_TIM_Base_Start_IT  stm32f2xx_hal_tim.o
    0x0800e414   0x0000002c   Code   RO         3603    i.HAL_TIM_Base_Stop  stm32f2xx_hal_tim.o
    0x0800e440   0x0000002a   Code   RO         3605    i.HAL_TIM_Base_Stop_IT  stm32f2xx_hal_tim.o
    0x0800e46a   0x000000f2   Code   RO         3606    i.HAL_TIM_ConfigClockSource  stm32f2xx_hal_tim.o
    0x0800e55c   0x00000002   Code   RO         3626    i.HAL_TIM_IC_CaptureCallback  stm32f2xx_hal_tim.o
    0x0800e55e   0x00000166   Code   RO         3639    i.HAL_TIM_IRQHandler  stm32f2xx_hal_tim.o
    0x0800e6c4   0x00000002   Code   RO         3642    i.HAL_TIM_OC_DelayElapsedCallback  stm32f2xx_hal_tim.o
    0x0800e6c6   0x00000002   Code   RO         3669    i.HAL_TIM_PWM_PulseFinishedCallback  stm32f2xx_hal_tim.o
    0x0800e6c8   0x0000001c   Code   RO          249    i.HAL_TIM_PeriodElapsedCallback  stm32f2xx_it.o
    0x0800e6e4   0x00000002   Code   RO         3680    i.HAL_TIM_TriggerCallback  stm32f2xx_hal_tim.o
    0x0800e6e6   0x00000058   Code   RO         3049    i.HAL_UART_DMAStop  stm32f2xx_hal_uart.o
    0x0800e73e   0x00000004   Code   RO          719    i.HAL_UART_ErrorCallback  usart_app.o
    0x0800e742   0x00000002   PAD
    0x0800e744   0x00000110   Code   RO         3054    i.HAL_UART_IRQHandler  stm32f2xx_hal_uart.o
    0x0800e854   0x00000062   Code   RO         3055    i.HAL_UART_Init     stm32f2xx_hal_uart.o
    0x0800e8b6   0x00000002   PAD
    0x0800e8b8   0x000000f8   Code   RO          371    i.HAL_UART_MspInit  stm32f2xx_hal_msp.o
    0x0800e9b0   0x00000098   Code   RO         3059    i.HAL_UART_Receive_DMA  stm32f2xx_hal_uart.o
    0x0800ea48   0x00000002   Code   RO          720    i.HAL_UART_RxCpltCallback  usart_app.o
    0x0800ea4a   0x00000002   Code   RO         3062    i.HAL_UART_RxHalfCpltCallback  stm32f2xx_hal_uart.o
    0x0800ea4c   0x00000080   Code   RO         3064    i.HAL_UART_Transmit_DMA  stm32f2xx_hal_uart.o
    0x0800eacc   0x00000014   Code   RO          721    i.HAL_UART_TxCpltCallback  usart_app.o
    0x0800eae0   0x00000002   Code   RO         3067    i.HAL_UART_TxHalfCpltCallback  stm32f2xx_hal_uart.o
    0x0800eae2   0x00000002   Code   RO          250    i.HardFault_Handler  stm32f2xx_it.o
    0x0800eae4   0x00000028   Code   RO         2511    i.I2C_IsAcknowledgeFailed  stm32f2xx_hal_i2c.o
    0x0800eb0c   0x00000094   Code   RO         2515    i.I2C_MasterRequestWrite  stm32f2xx_hal_i2c.o
    0x0800eba0   0x0000004e   Code   RO         2524    i.I2C_WaitOnBTFFlagUntilTimeout  stm32f2xx_hal_i2c.o
    0x0800ebee   0x00000060   Code   RO         2525    i.I2C_WaitOnFlagUntilTimeout  stm32f2xx_hal_i2c.o
    0x0800ec4e   0x00000002   PAD
    0x0800ec50   0x00000088   Code   RO         2526    i.I2C_WaitOnMasterAddressFlagUntilTimeout  stm32f2xx_hal_i2c.o
    0x0800ecd8   0x0000004e   Code   RO         2528    i.I2C_WaitOnTXEFlagUntilTimeout  stm32f2xx_hal_i2c.o
    0x0800ed26   0x00000002   PAD
    0x0800ed28   0x000000cc   Code   RO            4    i.MX_ADC1_Init      main.o
    0x0800edf4   0x000000e4   Code   RO            5    i.MX_GPIO_Init      main.o
    0x0800eed8   0x00000038   Code   RO            6    i.MX_I2C2_Init      main.o
    0x0800ef10   0x00000054   Code   RO            7    i.MX_TIM2_Init      main.o
    0x0800ef64   0x00000054   Code   RO            8    i.MX_TIM4_Init      main.o
    0x0800efb8   0x00000002   Code   RO          251    i.MemManage_Handler  stm32f2xx_it.o
    0x0800efba   0x00000002   PAD
    0x0800efbc   0x00000038   Code   RO          594    i.Modbus_Init       mbinit.o
    0x0800eff4   0x0000000a   Code   RO          595    i.Modbus_Task       mbinit.o
    0x0800effe   0x00000002   Code   RO          252    i.NMI_Handler       stm32f2xx_it.o
    0x0800f000   0x00000020   Code   RO         1972    i.NVIC_SetPriority  stm32f2xx_hal_cortex.o
    0x0800f020   0x00000038   Code   RO          632    i.PyroSquib_CurrentToPotVal  pyro_squib.o
    0x0800f058   0x00000058   Code   RO          633    i.PyroSquib_Init    pyro_squib.o
    0x0800f0b0   0x00000030   Code   RO          634    i.PyroSquib_SetCurrent  pyro_squib.o
    0x0800f0e0   0x00000020   Code   RO          635    i.PyroSquib_SetCurrent_All  pyro_squib.o
    0x0800f100   0x0000015c   Code   RO          636    i.PyroSquib_SetKeysState  pyro_squib.o
    0x0800f25c   0x00000084   Code   RO          638    i.PyroSquib_Start   pyro_squib.o
    0x0800f2e0   0x00000038   Code   RO          639    i.PyroSquib_Task    pyro_squib.o
    0x0800f318   0x00000098   Code   RO          640    i.PyroSquib_Test    pyro_squib.o
    0x0800f3b0   0x00000030   Code   RO          641    i.PyroSquib_TimerExpired  pyro_squib.o
    0x0800f3e0   0x00000008   Code   RO            9    i.StartDefaultTask  main.o
    0x0800f3e8   0x0000000e   Code   RO          253    i.SysTick_Handler   stm32f2xx_it.o
    0x0800f3f6   0x00000070   Code   RO           10    i.SystemClock_Config  main.o
    0x0800f466   0x00000002   PAD
    0x0800f468   0x00000048   Code   RO         1452    i.SystemInit        system_stm32f2xx.o
    0x0800f4b0   0x0000000c   Code   RO          254    i.TIM2_IRQHandler   stm32f2xx_it.o
    0x0800f4bc   0x0000000c   Code   RO          255    i.TIM4_IRQHandler   stm32f2xx_it.o
    0x0800f4c8   0x000000c8   Code   RO         3681    i.TIM_Base_SetConfig  stm32f2xx_hal_tim.o
    0x0800f590   0x00000014   Code   RO         3688    i.TIM_ETR_SetConfig  stm32f2xx_hal_tim.o
    0x0800f5a4   0x00000010   Code   RO         3689    i.TIM_ITRx_SetConfig  stm32f2xx_hal_tim.o
    0x0800f5b4   0x00000022   Code   RO         3695    i.TIM_TI1_ConfigInputStage  stm32f2xx_hal_tim.o
    0x0800f5d6   0x00000024   Code   RO         3697    i.TIM_TI2_ConfigInputStage  stm32f2xx_hal_tim.o
    0x0800f5fa   0x00000010   Code   RO         3068    i.UART_DMAAbortOnError  stm32f2xx_hal_uart.o
    0x0800f60a   0x0000004a   Code   RO         3069    i.UART_DMAError     stm32f2xx_hal_uart.o
    0x0800f654   0x0000003c   Code   RO         3070    i.UART_DMAReceiveCplt  stm32f2xx_hal_uart.o
    0x0800f690   0x0000000a   Code   RO         3072    i.UART_DMARxHalfCplt  stm32f2xx_hal_uart.o
    0x0800f69a   0x0000002e   Code   RO         3074    i.UART_DMATransmitCplt  stm32f2xx_hal_uart.o
    0x0800f6c8   0x0000000a   Code   RO         3076    i.UART_DMATxHalfCplt  stm32f2xx_hal_uart.o
    0x0800f6d2   0x0000001c   Code   RO         3078    i.UART_EndRxTransfer  stm32f2xx_hal_uart.o
    0x0800f6ee   0x00000012   Code   RO         3079    i.UART_EndTxTransfer  stm32f2xx_hal_uart.o
    0x0800f700   0x0000008c   Code   RO         3080    i.UART_Receive_IT   stm32f2xx_hal_uart.o
    0x0800f78c   0x000002ac   Code   RO         3081    i.UART_SetConfig    stm32f2xx_hal_uart.o
    0x0800fa38   0x00000062   Code   RO         3082    i.UART_Transmit_IT  stm32f2xx_hal_uart.o
    0x0800fa9a   0x00000010   Code   RO          780    i.UINT16_Buf_To_Float  utilities.o
    0x0800faaa   0x00000002   PAD
    0x0800faac   0x00000030   Code   RO          256    i.USART1_IRQHandler  stm32f2xx_it.o
    0x0800fadc   0x00000002   Code   RO          257    i.UsageFault_Handler  stm32f2xx_it.o
    0x0800fade   0x00000002   Code   RO           11    i._Error_Handler    main.o
    0x0800fae0   0x0000000e   Code   RO         5470    i.__scatterload_copy  mc_w.l(handlers.o)
    0x0800faee   0x00000002   Code   RO         5471    i.__scatterload_null  mc_w.l(handlers.o)
    0x0800faf0   0x0000000e   Code   RO         5472    i.__scatterload_zeroinit  mc_w.l(handlers.o)
    0x0800fafe   0x00000002   PAD
    0x0800fb00   0x00000020   Code   RO          837    i.eMBEnable         mb.o
    0x0800fb20   0x0000006e   Code   RO         1246    i.eMBFuncReadCoils  mbfunccoils.o
    0x0800fb8e   0x0000006e   Code   RO         1285    i.eMBFuncReadDiscreteInputs  mbfuncdisc.o
    0x0800fbfc   0x0000005a   Code   RO         1309    i.eMBFuncReadHoldingRegister  mbfuncholding.o
    0x0800fc56   0x0000005e   Code   RO         1351    i.eMBFuncReadInputRegister  mbfuncinput.o
    0x0800fcb4   0x0000009c   Code   RO         1310    i.eMBFuncReadWriteMultipleHoldingRegister  mbfuncholding.o
    0x0800fd50   0x00000024   Code   RO         1375    i.eMBFuncReportSlaveID  mbfuncother.o
    0x0800fd74   0x00000052   Code   RO         1247    i.eMBFuncWriteCoil  mbfunccoils.o
    0x0800fdc6   0x0000002e   Code   RO         1311    i.eMBFuncWriteHoldingRegister  mbfuncholding.o
    0x0800fdf4   0x0000005e   Code   RO         1248    i.eMBFuncWriteMultipleCoils  mbfunccoils.o
    0x0800fe52   0x0000004a   Code   RO         1312    i.eMBFuncWriteMultipleHoldingRegister  mbfuncholding.o
    0x0800fe9c   0x00000080   Code   RO          838    i.eMBInit           mb.o
    0x0800ff1c   0x000000b4   Code   RO          839    i.eMBPoll           mb.o
    0x0800ffd0   0x00000048   Code   RO          969    i.eMBRTUInit        mbrtu_dma.o
    0x08010018   0x0000004c   Code   RO          970    i.eMBRTUReceive     mbrtu_dma.o
    0x08010064   0x0000006c   Code   RO          971    i.eMBRTUSend        mbrtu_dma.o
    0x080100d0   0x00000024   Code   RO          972    i.eMBRTUStart       mbrtu_dma.o
    0x080100f4   0x0000001a   Code   RO          973    i.eMBRTUStop        mbrtu_dma.o
    0x0801010e   0x00000004   Code   RO         1050    i.eMBRegCoilsCB     mbport.o
    0x08010112   0x00000004   Code   RO         1051    i.eMBRegDiscreteCB  mbport.o
    0x08010116   0x00000002   PAD
    0x08010118   0x000003a0   Code   RO         1052    i.eMBRegHoldingCB   mbport.o
    0x080104b8   0x00000100   Code   RO         1053    i.eMBRegInputCB     mbport.o
    0x080105b8   0x00000014   Code   RO          722    i.getUART_BB_RcvDMAPktLength  usart_app.o
    0x080105cc   0x000000e4   Code   RO           12    i.main              main.o
    0x080106b0   0x0000000c   Code   RO         4362    i.makeFreeRtosPriority  cmsis_os.o
    0x080106bc   0x0000000e   Code   RO         4364    i.osDelay           cmsis_os.o
    0x080106ca   0x0000000a   Code   RO         4367    i.osKernelStart     cmsis_os.o
    0x080106d4   0x00000014   Code   RO         4400    i.osSystickHandler  cmsis_os.o
    0x080106e8   0x0000002e   Code   RO         4401    i.osThreadCreate    cmsis_os.o
    0x08010716   0x00000002   PAD
    0x08010718   0x00000070   Code   RO         4807    i.prvAddCurrentTaskToDelayedList  tasks.o
    0x08010788   0x000000d0   Code   RO         4808    i.prvAddNewTaskToReadyList  tasks.o
    0x08010858   0x00000050   Code   RO         4809    i.prvCheckTasksWaitingTermination  tasks.o
    0x080108a8   0x00000026   Code   RO         5240    i.prvCopyDataFromQueue  queue.o
    0x080108ce   0x0000006c   Code   RO         5241    i.prvCopyDataToQueue  queue.o
    0x0801093a   0x00000014   Code   RO         4810    i.prvDeleteTCB      tasks.o
    0x0801094e   0x00000002   PAD
    0x08010950   0x0000004c   Code   RO         5101    i.prvHeapInit       heap_4.o
    0x0801099c   0x00000028   Code   RO         4811    i.prvIdleTask       tasks.o
    0x080109c4   0x0000008e   Code   RO         4812    i.prvInitialiseNewTask  tasks.o
    0x08010a52   0x00000002   PAD
    0x08010a54   0x0000004c   Code   RO         5102    i.prvInsertBlockIntoFreeList  heap_4.o
    0x08010aa0   0x0000001c   Code   RO         5242    i.prvIsQueueEmpty   queue.o
    0x08010abc   0x00000020   Code   RO         4813    i.prvResetNextTaskUnblockTime  tasks.o
    0x08010adc   0x00000028   Code   RO         5163    i.prvTaskExitError  port.o
    0x08010b04   0x0000006a   Code   RO         5243    i.prvUnlockQueue    queue.o
    0x08010b6e   0x00000018   Code   RO         1408    i.prveMBError2Exception  mbutils.o
    0x08010b86   0x00000002   PAD
    0x08010b88   0x00000028   Code   RO         1148    i.prvvUARTTxReadyISR  portserial.o
    0x08010bb0   0x000000d8   Code   RO         5103    i.pvPortMalloc      heap_4.o
    0x08010c88   0x00000018   Code   RO         4815    i.pvTaskIncrementMutexHeldCount  tasks.o
    0x08010ca0   0x00000024   Code   RO         5164    i.pxPortInitialiseStack  port.o
    0x08010cc4   0x00000030   Code   RO          723    i.startUARTRcv      usart_app.o
    0x08010cf4   0x00000028   Code   RO          724    i.stopUART          usart_app.o
    0x08010d1c   0x0000002c   Code   RO          937    i.usMBCRC16         mbcrc.o
    0x08010d48   0x00000024   Code   RO         5376    i.uxListRemove      list.o
    0x08010d6c   0x00000016   Code   RO         5377    i.vListInitialise   list.o
    0x08010d82   0x00000006   Code   RO         5378    i.vListInitialiseItem  list.o
    0x08010d88   0x00000030   Code   RO         5379    i.vListInsert       list.o
    0x08010db8   0x00000018   Code   RO         5380    i.vListInsertEnd    list.o
    0x08010dd0   0x0000002c   Code   RO         1149    i.vMBPortSerialEnable  portserial.o
    0x08010dfc   0x0000001c   Code   RO         1233    i.vMBPortTimersDisable  porttimer.o
    0x08010e18   0x00000014   Code   RO         1227    i.vMBPortTimersEnable  porttimer.o
    0x08010e2c   0x00000040   Code   RO         5166    i.vPortEnterCritical  port.o
    0x08010e6c   0x00000028   Code   RO         5167    i.vPortExitCritical  port.o
    0x08010e94   0x0000005c   Code   RO         5104    i.vPortFree         heap_4.o
    0x08010ef0   0x00000020   Code   RO         5168    i.vPortSetupTimerInterrupt  port.o
    0x08010f10   0x0000004c   Code   RO         4821    i.vTaskDelay        tasks.o
    0x08010f5c   0x0000000c   Code   RO         4824    i.vTaskMissedYield  tasks.o
    0x08010f68   0x00000030   Code   RO         4826    i.vTaskPlaceOnEventList  tasks.o
    0x08010f98   0x00000084   Code   RO         4828    i.vTaskPriorityInherit  tasks.o
    0x0801101c   0x00000024   Code   RO         4831    i.vTaskSetTimeOutState  tasks.o
    0x08011040   0x00000068   Code   RO         4832    i.vTaskStartScheduler  tasks.o
    0x080110a8   0x00000010   Code   RO         4834    i.vTaskSuspendAll   tasks.o
    0x080110b8   0x0000005c   Code   RO         4835    i.vTaskSwitchContext  tasks.o
    0x08011114   0x0000001c   Code   RO         1110    i.xMBPortEventGet   portevent.o
    0x08011130   0x00000010   Code   RO         1111    i.xMBPortEventInit  portevent.o
    0x08011140   0x00000010   Code   RO         1112    i.xMBPortEventPost  portevent.o
    0x08011150   0x0000002c   Code   RO         1151    i.xMBPortSerialInit  portserial.o
    0x0801117c   0x00000014   Code   RO         1153    i.xMBPortSerialPutPktDMA  portserial.o
    0x08011190   0x00000050   Code   RO         1203    i.xMBPortTimersInit  porttimer.o
    0x080111e0   0x00000028   Code   RO         1204    i.xMBPort_TimerExpired  porttimer.o
    0x08011208   0x00000014   Code   RO          974    i.xMBRTUReceiveFSM  mbrtu_dma.o
    0x0801121c   0x0000003c   Code   RO          975    i.xMBRTUTimerT35Expired  mbrtu_dma.o
    0x08011258   0x00000048   Code   RO          976    i.xMBRTUTransmitFSM  mbrtu_dma.o
    0x080112a0   0x00000074   Code   RO         5170    i.xPortStartScheduler  port.o
    0x08011314   0x0000002c   Code   RO         5171    i.xPortSysTickHandler  port.o
    0x08011340   0x00000048   Code   RO         5251    i.xQueueGenericCreate  queue.o
    0x08011388   0x0000016c   Code   RO         5252    i.xQueueGenericReceive  queue.o
    0x080114f4   0x00000088   Code   RO         5253    i.xQueueGenericReset  queue.o
    0x0801157c   0x00000160   Code   RO         5254    i.xQueueGenericSend  queue.o
    0x080116dc   0x0000006c   Code   RO         4836    i.xTaskCheckForTimeOut  tasks.o
    0x08011748   0x00000056   Code   RO         4837    i.xTaskCreate       tasks.o
    0x0801179e   0x00000002   PAD
    0x080117a0   0x0000001c   Code   RO         4841    i.xTaskGetSchedulerState  tasks.o
    0x080117bc   0x000000c8   Code   RO         4844    i.xTaskIncrementTick  tasks.o
    0x08011884   0x00000098   Code   RO         4847    i.xTaskPriorityDisinherit  tasks.o
    0x0801191c   0x00000074   Code   RO         4848    i.xTaskRemoveFromEventList  tasks.o
    0x08011990   0x000000c4   Code   RO         4850    i.xTaskResumeAll    tasks.o
    0x08011a54   0x00000014   Data   RO           17    .constdata          main.o
    0x08011a68   0x0000004c   Data   RO          499    .constdata          cfg_info.o
    0x08011ab4   0x00000200   Data   RO          938    .constdata          mbcrc.o
    0x08011cb4   0x00000010   Data   RO         1453    .constdata          system_stm32f2xx.o
    0x08011cc4   0x00000008   Data   RO         1454    .constdata          system_stm32f2xx.o
    0x08011ccc   0x00000008   Data   RO         2371    .constdata          stm32f2xx_hal_dma.o
    0x08011cd4   0x0000000c   Data   RO           18    .conststring        main.o
    0x08011ce0   0x00000020   Data   RO         5468    Region$$Table       anon$$obj.o


    Execution Region RW_IRAM2 (Base: 0x20000000, Size: 0x000082c8, Max: 0x00010000, ABSOLUTE, COMPRESSED[0x00000050])

    Base Addr    Size         Type   Attr      Idx    E Section Name        Object

    0x20000000   0x00000004   Data   RW           19    .data               main.o
    0x20000004   0x00000004   Data   RW          500    .data               cfg_info.o
    0x20000008   0x0000000c   Data   RW          643    .data               pyro_squib.o
    0x20000014   0x000000ac   Data   RW          841    .data               mb.o
    0x200000c0   0x0000000c   Data   RW          978    .data               mbrtu_dma.o
    0x200000cc   0x00000004   Data   RW         1055    .data               mbport.o
    0x200000d0   0x00000002   Data   RW         1113    .data               portevent.o
    0x200000d2   0x00000002   Data   RW         1378    .data               mbfuncother.o
    0x200000d4   0x00000004   Data   RW         1455    .data               system_stm32f2xx.o
    0x200000d8   0x00000004   Data   RW         1541    .data               stm32f2xx_hal.o
    0x200000dc   0x0000003c   Data   RW         4853    .data               tasks.o
    0x20000118   0x00000018   Data   RW         5109    .data               heap_4.o
    0x20000130   0x0000000c   Data   RW         5172    .data               port.o
    0x2000013c   0x00000168   Zero   RW           13    .bss                main.o
    0x200002a4   0x00000060   Zero   RW           14    .bss                main.o
    0x20000304   0x00000060   Zero   RW           15    .bss                main.o
    0x20000364   0x00000060   Zero   RW           16    .bss                main.o
    0x200003c4   0x00000010   Zero   RW          454    .bss                adc.o
    0x200003d4   0x0000004c   Zero   RW          498    .bss                cfg_info.o
    0x20000420   0x00000010   Zero   RW          642    .bss                pyro_squib.o
    0x20000430   0x00000100   Zero   RW          977    .bss                mbrtu_dma.o
    0x20000530   0x00000068   Zero   RW         1054    .bss                mbport.o
    0x20000598   0x00000020   Zero   RW         1377    .bss                mbfuncother.o
    0x200005b8   0x00000020   Zero   RW         2172    .bss                stm32f2xx_hal_flash.o
    0x200005d8   0x000000f0   Zero   RW         4852    .bss                tasks.o
    0x200006c8   0x00003c00   Zero   RW         5108    .bss                heap_4.o
    0x200042c8   0x00004000   Zero   RW         1441    STACK               startup_stm32f205xx.o



  Load Region LR_IROM3 (Base: 0x08004000, Size: 0x0000004c, Max: 0x00004000, ABSOLUTE)

    Execution Region FLASH_CFG1 (Base: 0x08004000, Size: 0x0000004c, Max: 0x00004000, ABSOLUTE)

    Base Addr    Size         Type   Attr      Idx    E Section Name        Object

    0x08004000   0x0000004c   Data   RW          501    .flash_cfg1         cfg_info.o



  Load Region LR_IROM4 (Base: 0x08008000, Size: 0x0000004c, Max: 0x00004000, ABSOLUTE)

    Execution Region FLASH_CFG2 (Base: 0x08008000, Size: 0x0000004c, Max: 0x00004000, ABSOLUTE)

    Base Addr    Size         Type   Attr      Idx    E Section Name        Object

    0x08008000   0x0000004c   Data   RW          502    .flash_cfg2         cfg_info.o


==============================================================================

Image component sizes


      Code (inc. data)   RO Data    RW Data    ZI Data      Debug   Object Name

        80         32          0          0         16       1685   adc.o
       360         60         76        156         76       4331   cfg_info.o
       102          0          0          0          0      13320   cmsis_os.o
       164         14          0          0          0       1168   dig_pot.o
         0          0          0          0          0       8128   event_groups.o
       460         24          0         24      15360       7335   heap_4.o
       136          0          0          0          0       3478   list.o
      1006         78         32          4        648     662728   main.o
       340         40          0        172          0       9108   mb.o
        44          4        512          0          0       1228   mbcrc.o
       286          0          0          0          0       3674   mbfunccoils.o
       110          0          0          0          0       1528   mbfuncdisc.o
       366          0          0          0          0       5075   mbfuncholding.o
        94          0          0          0          0       1523   mbfuncinput.o
        36         10          0          2         32       1363   mbfuncother.o
        66         16          0          0          0       2782   mbinit.o
      1200         80          0          4        104       6223   mbport.o
       470         42          0         12        256       6195   mbrtu_dma.o
        24          0          0          0          0        616   mbutils.o
       522         62          0         12          0      10336   port.o
        60         14          0          2          0       2136   portevent.o
       148         32          0          0          0       2813   portserial.o
       168         28          0          0          0       2724   porttimer.o
       960        118          0         12         16       6717   pyro_squib.o
      1204         14          0          0          0      10594   queue.o
        36          8        388          0      16384        784   startup_stm32f205xx.o
       120         22          0          4          0       3575   stm32f2xx_hal.o
      1116         46          0          0          0       7045   stm32f2xx_hal_adc.o
       218         14          0          0          0      28093   stm32f2xx_hal_cortex.o
      1098         22          8          0          0       7226   stm32f2xx_hal_dma.o
       512         66          0          0         32       6438   stm32f2xx_hal_flash.o
       364         22          0          0          0       3938   stm32f2xx_hal_flash_ex.o
       458         50          0          0          0       2420   stm32f2xx_hal_gpio.o
      1152         24          0          0          0       8961   stm32f2xx_hal_i2c.o
        94          0          0          0          0       1739   stm32f2xx_hal_iwdg.o
       684        128          0          0          0       3758   stm32f2xx_hal_msp.o
      1304         76          0          0          0       5488   stm32f2xx_hal_rcc.o
      1078         44          0          0          0      10810   stm32f2xx_hal_tim.o
        84          0          0          0          0       2378   stm32f2xx_hal_tim_ex.o
      1926         42          0          0          0      12620   stm32f2xx_hal_uart.o
       162         40          0          0          0       8639   stm32f2xx_it.o
        72         18         24          4          0       1183   system_stm32f2xx.o
      2060        172          0         60        240      21945   tasks.o
       134         34          0          0          0       3494   usart_app.o
       100          0          0          0          0       2245   utilities.o

    ----------------------------------------------------------------------
     21222       1496       1072        468      33164     919587   Object Totals
         0          0         32          0          0          0   (incl. Generated)
        44          0          0          0          0          0   (incl. Padding)

    ----------------------------------------------------------------------

      Code (inc. data)   RO Data    RW Data    ZI Data      Debug   Library Member Name

        86          0          0          0          0          0   __dczerorl2.o
         0          0          0          0          0          0   entry.o
         0          0          0          0          0          0   entry10a.o
         0          0          0          0          0          0   entry11a.o
         8          4          0          0          0          0   entry2.o
         4          0          0          0          0          0   entry5.o
         0          0          0          0          0          0   entry7b.o
         0          0          0          0          0          0   entry8b.o
         8          4          0          0          0          0   entry9a.o
        30          0          0          0          0          0   handlers.o
        36          8          0          0          0         68   init.o
         0          0          0          0          0          0   iusefp.o
        30          0          0          0          0         68   llshl.o
        36          0          0          0          0         68   llsshr.o
        32          0          0          0          0         68   llushr.o
        36          0          0          0          0         68   memcpya.o
        28          0          0          0          0         76   strcmp.o
        48          0          0          0          0         68   cdcmple.o
        56          0          0          0          0         88   d2f.o
       334          0          0          0          0        148   dadd.o
       222          0          0          0          0        100   ddiv.o
       186          0          0          0          0        176   depilogue.o
        26          0          0          0          0         76   dfltui.o
       228          0          0          0          0         96   dmul.o
        38          0          0          0          0         68   f2d.o
       176          0          0          0          0        140   fadd.o
       110          0          0          0          0        168   fepilogue.o
        40          0          0          0          0         68   ffixui.o
       100          0          0          0          0         76   fmul.o

    ----------------------------------------------------------------------
      1902         16          0          0          0       1688   Library Totals
         4          0          0          0          0          0   (incl. Padding)

    ----------------------------------------------------------------------

      Code (inc. data)   RO Data    RW Data    ZI Data      Debug   Library Name

       334         16          0          0          0        416   mc_w.l
      1564          0          0          0          0       1272   mf_w.l

    ----------------------------------------------------------------------
      1902         16          0          0          0       1688   Library Totals

    ----------------------------------------------------------------------

==============================================================================


      Code (inc. data)   RO Data    RW Data    ZI Data      Debug   

     23124       1512       1072        468      33164     908091   Grand Totals
     23124       1512       1072        232      33164     908091   ELF Image Totals (compressed)
     23124       1512       1072        232          0          0   ROM Totals

==============================================================================

    Total RO  Size (Code + RO Data)                24196 (  23.63kB)
    Total RW  Size (RW Data + ZI Data)             33632 (  32.84kB)
    Total ROM Size (Code + RO Data + RW Data)      24428 (  23.86kB)

==============================================================================

