Component: ARM Compiler 5.06 update 1 (build 61) Tool: armlink [4d35a8]

==============================================================================

Section Cross References

    main.o(i.MX_ADC1_Init) refers to stm32f2xx_hal_adc.o(i.HAL_ADC_Init) for HAL_ADC_Init
    main.o(i.MX_ADC1_Init) refers to stm32f2xx_hal_adc.o(i.HAL_ADC_ConfigChannel) for HAL_ADC_ConfigChannel
    main.o(i.MX_ADC1_Init) refers to main.o(.bss) for .bss
    main.o(i.MX_GPIO_Init) refers to stm32f2xx_hal_gpio.o(i.HAL_GPIO_WritePin) for HAL_GPIO_WritePin
    main.o(i.MX_GPIO_Init) refers to stm32f2xx_hal_gpio.o(i.HAL_GPIO_Init) for HAL_GPIO_Init
    main.o(i.MX_I2C2_Init) refers to stm32f2xx_hal_i2c.o(i.HAL_I2C_Init) for HAL_I2C_Init
    main.o(i.MX_I2C2_Init) refers to main.o(.bss) for .bss
    main.o(i.MX_TIM2_Init) refers to stm32f2xx_hal_tim.o(i.HAL_TIM_Base_Init) for HAL_TIM_Base_Init
    main.o(i.MX_TIM2_Init) refers to stm32f2xx_hal_tim.o(i.HAL_TIM_ConfigClockSource) for HAL_TIM_ConfigClockSource
    main.o(i.MX_TIM2_Init) refers to stm32f2xx_hal_tim_ex.o(i.HAL_TIMEx_MasterConfigSynchronization) for HAL_TIMEx_MasterConfigSynchronization
    main.o(i.MX_TIM2_Init) refers to main.o(.bss) for .bss
    main.o(i.MX_TIM4_Init) refers to stm32f2xx_hal_tim.o(i.HAL_TIM_Base_Init) for HAL_TIM_Base_Init
    main.o(i.MX_TIM4_Init) refers to stm32f2xx_hal_tim.o(i.HAL_TIM_ConfigClockSource) for HAL_TIM_ConfigClockSource
    main.o(i.MX_TIM4_Init) refers to stm32f2xx_hal_tim_ex.o(i.HAL_TIMEx_MasterConfigSynchronization) for HAL_TIMEx_MasterConfigSynchronization
    main.o(i.MX_TIM4_Init) refers to main.o(.bss) for .bss
    main.o(i.StartDefaultTask) refers to cmsis_os.o(i.osDelay) for osDelay
    main.o(i.SystemClock_Config) refers to stm32f2xx_hal_rcc.o(i.HAL_RCC_OscConfig) for HAL_RCC_OscConfig
    main.o(i.SystemClock_Config) refers to stm32f2xx_hal_rcc.o(i.HAL_RCC_ClockConfig) for HAL_RCC_ClockConfig
    main.o(i.SystemClock_Config) refers to stm32f2xx_hal_rcc.o(i.HAL_RCC_GetHCLKFreq) for HAL_RCC_GetHCLKFreq
    main.o(i.SystemClock_Config) refers to stm32f2xx_hal_cortex.o(i.HAL_SYSTICK_Config) for HAL_SYSTICK_Config
    main.o(i.SystemClock_Config) refers to stm32f2xx_hal_cortex.o(i.HAL_SYSTICK_CLKSourceConfig) for HAL_SYSTICK_CLKSourceConfig
    main.o(i.SystemClock_Config) refers to stm32f2xx_hal_cortex.o(i.HAL_NVIC_SetPriority) for HAL_NVIC_SetPriority
    main.o(i.main) refers to stm32f2xx_hal.o(i.HAL_Init) for HAL_Init
    main.o(i.main) refers to main.o(i.SystemClock_Config) for SystemClock_Config
    main.o(i.main) refers to main.o(i.MX_GPIO_Init) for MX_GPIO_Init
    main.o(i.main) refers to stm32f2xx_hal_cortex.o(i.HAL_NVIC_SetPriority) for HAL_NVIC_SetPriority
    main.o(i.main) refers to stm32f2xx_hal_cortex.o(i.HAL_NVIC_EnableIRQ) for HAL_NVIC_EnableIRQ
    main.o(i.main) refers to main.o(i.MX_ADC1_Init) for MX_ADC1_Init
    main.o(i.main) refers to main.o(i.MX_I2C2_Init) for MX_I2C2_Init
    main.o(i.main) refers to stm32f2xx_hal_uart.o(i.HAL_UART_Init) for HAL_UART_Init
    main.o(i.main) refers to main.o(i.MX_TIM2_Init) for MX_TIM2_Init
    main.o(i.main) refers to main.o(i.MX_TIM4_Init) for MX_TIM4_Init
    main.o(i.main) refers to cfg_info.o(i.ConfigInfoRead) for ConfigInfoRead
    main.o(i.main) refers to dig_pot.o(i.DigPot_Init) for DigPot_Init
    main.o(i.main) refers to adc.o(i.ADC_Init) for ADC_Init
    main.o(i.main) refers to pyro_squib.o(i.PyroSquib_Init) for PyroSquib_Init
    main.o(i.main) refers to mbinit.o(i.Modbus_Init) for Modbus_Init
    main.o(i.main) refers to memcpya.o(.text) for __aeabi_memcpy4
    main.o(i.main) refers to cmsis_os.o(i.osThreadCreate) for osThreadCreate
    main.o(i.main) refers to cmsis_os.o(i.osKernelStart) for osKernelStart
    main.o(i.main) refers to main.o(.bss) for .bss
    main.o(i.main) refers to main.o(.constdata) for .constdata
    main.o(i.main) refers to main.o(.data) for .data
    main.o(.constdata) refers to main.o(.conststring) for .conststring
    main.o(.constdata) refers to main.o(i.StartDefaultTask) for StartDefaultTask
    stm32f2xx_it.o(i.DMA2_Stream0_IRQHandler) refers to stm32f2xx_hal_dma.o(i.HAL_DMA_IRQHandler) for HAL_DMA_IRQHandler
    stm32f2xx_it.o(i.DMA2_Stream0_IRQHandler) refers to main.o(.bss) for hdma_adc1
    stm32f2xx_it.o(i.DMA2_Stream2_IRQHandler) refers to stm32f2xx_hal_dma.o(i.HAL_DMA_IRQHandler) for HAL_DMA_IRQHandler
    stm32f2xx_it.o(i.DMA2_Stream2_IRQHandler) refers to main.o(.bss) for hdma_usart1_rx
    stm32f2xx_it.o(i.DMA2_Stream7_IRQHandler) refers to stm32f2xx_hal_dma.o(i.HAL_DMA_IRQHandler) for HAL_DMA_IRQHandler
    stm32f2xx_it.o(i.DMA2_Stream7_IRQHandler) refers to main.o(.bss) for hdma_usart1_tx
    stm32f2xx_it.o(i.HAL_TIM_PeriodElapsedCallback) refers to porttimer.o(i.xMBPort_TimerExpired) for xMBPort_TimerExpired
    stm32f2xx_it.o(i.HAL_TIM_PeriodElapsedCallback) refers to pyro_squib.o(i.PyroSquib_TimerExpired) for PyroSquib_TimerExpired
[...]
    i.eMBRegCoilsCB                          0x0801006e   Section        0  mbport.o(i.eMBRegCoilsCB)
    i.eMBRegDiscreteCB                       0x08010072   Section        0  mbport.o(i.eMBRegDiscreteCB)
    i.eMBRegHoldingCB                        0x08010078   Section        0  mbport.o(i.eMBRegHoldingCB)
    i.eMBRegInputCB                          0x08010418   Section        0  mbport.o(i.eMBRegInputCB)
    i.getUART_BB_RcvDMAPktLength             0x0801050c   Section        0  usart_app.o(i.getUART_BB_RcvDMAPktLength)
    i.main                                   0x08010520   Section        0  main.o(i.main)
    i.makeFreeRtosPriority                   0x080105e8   Section        0  cmsis_os.o(i.makeFreeRtosPriority)
    makeFreeRtosPriority                     0x080105e9   Thumb Code    12  cmsis_os.o(i.makeFreeRtosPriority)
    i.osDelay                                0x080105f4   Section        0  cmsis_os.o(i.osDelay)
    i.osKernelStart                          0x08010602   Section        0  cmsis_os.o(i.osKernelStart)
    i.osSystickHandler                       0x0801060c   Section        0  cmsis_os.o(i.osSystickHandler)
    i.osThreadCreate                         0x08010620   Section        0  cmsis_os.o(i.osThreadCreate)
    i.prvAddCurrentTaskToDelayedList         0x08010650   Section        0  tasks.o(i.prvAddCurrentTaskToDelayedList)
    prvAddCurrentTaskToDelayedList           0x08010651   Thumb Code   102  tasks.o(i.prvAddCurrentTaskToDelayedList)
    i.prvAddNewTaskToReadyList               0x080106c0   Section        0  tasks.o(i.prvAddNewTaskToReadyList)
    prvAddNewTaskToReadyList                 0x080106c1   Thumb Code   194  tasks.o(i.prvAddNewTaskToReadyList)
    i.prvCheckTasksWaitingTermination        0x08010790   Section        0  tasks.o(i.prvCheckTasksWaitingTermination)
    prvCheckTasksWaitingTermination          0x08010791   Thumb Code    70  tasks.o(i.prvCheckTasksWaitingTermination)
    i.prvCopyDataFromQueue                   0x080107e0   Section        0  queue.o(i.prvCopyDataFromQueue)
    prvCopyDataFromQueue                     0x080107e1   Thumb Code    38  queue.o(i.prvCopyDataFromQueue)
    i.prvCopyDataToQueue                     0x08010806   Section        0  queue.o(i.prvCopyDataToQueue)
    prvCopyDataToQueue                       0x08010807   Thumb Code   108  queue.o(i.prvCopyDataToQueue)
    i.prvDeleteTCB                           0x08010872   Section        0  tasks.o(i.prvDeleteTCB)
    prvDeleteTCB                             0x08010873   Thumb Code    20  tasks.o(i.prvDeleteTCB)
    i.prvHeapInit                            0x08010888   Section        0  heap_4.o(i.prvHeapInit)
    prvHeapInit                              0x08010889   Thumb Code    66  heap_4.o(i.prvHeapInit)
    i.prvIdleTask                            0x080108d4   Section        0  tasks.o(i.prvIdleTask)
    prvIdleTask                              0x080108d5   Thumb Code    30  tasks.o(i.prvIdleTask)
    i.prvInitialiseNewTask                   0x080108fc   Section        0  tasks.o(i.prvInitialiseNewTask)
    prvInitialiseNewTask                     0x080108fd   Thumb Code   142  tasks.o(i.prvInitialiseNewTask)
    i.prvInsertBlockIntoFreeList             0x0801098c   Section        0  heap_4.o(i.prvInsertBlockIntoFreeList)
    prvInsertBlockIntoFreeList               0x0801098d   Thumb Code    72  heap_4.o(i.prvInsertBlockIntoFreeList)
    i.prvIsQueueEmpty                        0x080109d8   Section        0  queue.o(i.prvIsQueueEmpty)
    prvIsQueueEmpty                          0x080109d9   Thumb Code    28  queue.o(i.prvIsQueueEmpty)
    i.prvResetNextTaskUnblockTime            0x080109f4   Section        0  tasks.o(i.prvResetNextTaskUnblockTime)
    prvResetNextTaskUnblockTime              0x080109f5   Thumb Code    26  tasks.o(i.prvResetNextTaskUnblockTime)
    i.prvTaskExitError                       0x08010a14   Section        0  port.o(i.prvTaskExitError)
    prvTaskExitError                         0x08010a15   Thumb Code    36  port.o(i.prvTaskExitError)
    i.prvUnlockQueue                         0x08010a3c   Section        0  queue.o(i.prvUnlockQueue)
    prvUnlockQueue                           0x08010a3d   Thumb Code   106  queue.o(i.prvUnlockQueue)
    i.prveMBError2Exception                  0x08010aa6   Section        0  mbutils.o(i.prveMBError2Exception)
    i.prvvUARTTxReadyISR                     0x08010ac0   Section        0  portserial.o(i.prvvUARTTxReadyISR)
    i.pvPortMalloc                           0x08010ae8   Section        0  heap_4.o(i.pvPortMalloc)
    i.pvTaskIncrementMutexHeldCount          0x08010bc0   Section        0  tasks.o(i.pvTaskIncrementMutexHeldCount)
    i.pxPortInitialiseStack                  0x08010bd8   Section        0  port.o(i.pxPortInitialiseStack)
    i.startUARTRcv                           0x08010bfc   Section        0  usart_app.o(i.startUARTRcv)
    i.stopUART                               0x08010c2c   Section        0  usart_app.o(i.stopUART)
    i.usMBCRC16                              0x08010c54   Section        0  mbcrc.o(i.usMBCRC16)
    i.uxListRemove                           0x08010c80   Section        0  list.o(i.uxListRemove)
    i.vListInitialise                        0x08010ca4   Section        0  list.o(i.vListInitialise)
    i.vListInitialiseItem                    0x08010cba   Section        0  list.o(i.vListInitialiseItem)
    i.vListInsert                            0x08010cc0   Section        0  list.o(i.vListInsert)
    i.vListInsertEnd                         0x08010cf0   Section        0  list.o(i.vListInsertEnd)
    i.vMBPortSerialEnable                    0x08010d08   Section        0  portserial.o(i.vMBPortSerialEnable)
    i.vMBPortTimersDisable                   0x08010d34   Section        0  porttimer.o(i.vMBPortTimersDisable)
    i.vMBPortTimersEnable                    0x08010d50   Section        0  porttimer.o(i.vMBPortTimersEnable)
    i.vPortEnterCritical                     0x08010d64   Section        0  port.o(i.vPortEnterCritical)
    i.vPortExitCritical                      0x08010da4   Section        0  port.o(i.vPortExitCritical)
    i.vPortFree                              0x08010dcc   Section        0  heap_4.o(i.vPortFree)
    i.vPortSetupTimerInterrupt               0x08010e28   Section        0  port.o(i.vPortSetupTimerInterrupt)
    i.vTaskDelay                             0x08010e48   Section        0  tasks.o(i.vTaskDelay)
    i.vTaskMissedYield                       0x08010e94   Section        0  tasks.o(i.vTaskMissedYield)
    i.vTaskPlaceOnEventList                  0x08010ea0   Section        0  tasks.o(i.vTaskPlaceOnEventList)
    i.vTaskPriorityInherit                   0x08010ed0   Section        0  tasks.o(i.vTaskPriorityInherit)
    i.vTaskSetTimeOutState                   0x08010f54   Section        0  tasks.o(i.vTaskSetTimeOutState)
    i.vTaskStartScheduler                    0x08010f78   Section        0  tasks.o(i.vTaskStartScheduler)
    i.vTaskSuspendAll                        0x08010fe0   Section        0  tasks.o(i.vTaskSuspendAll)
    i.vTaskSwitchContext                     0x08010ff0   Section        0  tasks.o(i.vTaskSwitchContext)
    i.xMBPortEventGet                        0x0801104c   Section        0  portevent.o(i.xMBPortEventGet)
    i.xMBPortEventInit                       0x08011068   Section        0  portevent.o(i.xMBPortEventInit)
    i.xMBPortEventPost                       0x08011078   Section        0  portevent.o(i.xMBPortEventPost)
    i.xMBPortSerialInit                      0x08011088   Section        0  portserial.o(i.xMBPortSerialInit)
    i.xMBPortSerialPutPktDMA                 0x080110b4   Section        0  portserial.o(i.xMBPortSerialPutPktDMA)
    i.xMBPortTimersInit                      0x080110c8   Section        0  porttimer.o(i.xMBPortTimersInit)
    i.xMBPort_TimerExpired                   0x08011118   Section        0  porttimer.o(i.xMBPort_TimerExpired)
    i.xMBRTUReceiveFSM                       0x08011140   Section        0  mbrtu_dma.o(i.xMBRTUReceiveFSM)
    i.xMBRTUTimerT35Expired                  0x08011154   Section        0  mbrtu_dma.o(i.xMBRTUTimerT35Expired)
    i.xMBRTUTransmitFSM                      0x08011190   Section        0  mbrtu_dma.o(i.xMBRTUTransmitFSM)
    i.xPortStartScheduler                    0x080111d8   Section        0  port.o(i.xPortStartScheduler)
    i.xPortSysTickHandler                    0x0801124c   Section        0  port.o(i.xPortSysTickHandler)
    i.xQueueGenericCreate                    0x08011278   Section        0  queue.o(i.xQueueGenericCreate)
    i.xQueueGenericReceive                   0x080112c0   Section        0  queue.o(i.xQueueGenericReceive)
    i.xQueueGenericReset                     0x0801142c   Section        0  queue.o(i.xQueueGenericReset)
    i.xQueueGenericSend                      0x080114b4   Section        0  queue.o(i.xQueueGenericSend)
    i.xTaskCheckForTimeOut                   0x08011614   Section        0  tasks.o(i.xTaskCheckForTimeOut)
    i.xTaskCreate                            0x08011680   Section        0  tasks.o(i.xTaskCreate)
    i.xTaskGetSchedulerState                 0x080116d8   Section        0  tasks.o(i.xTaskGetSchedulerState)
    i.xTaskIncrementTick                     0x080116f4   Section        0  tasks.o(i.xTaskIncrementTick)
    i.xTaskPriorityDisinherit                0x080117bc   Section        0  tasks.o(i.xTaskPriorityDisinherit)
    i.xTaskRemoveFromEventList               0x08011854   Section        0  tasks.o(i.xTaskRemoveFromEventList)
    i.xTaskResumeAll                         0x080118c8   Section        0  tasks.o(i.xTaskResumeAll)
    .constdata                               0x0801198c   Section       20  main.o(.constdata)
    .constdata                               0x080119a0   Section       76  cfg_info.o(.constdata)
    .constdata                               0x080119ec   Section      512  mbcrc.o(.constdata)
    aucCRCHi                                 0x080119ec   Data         256  mbcrc.o(.constdata)
    aucCRCLo                                 0x08011aec   Data         256  mbcrc.o(.constdata)
    .constdata                               0x08011bec   Section       16  system_stm32f2xx.o(.constdata)
    .constdata                               0x08011bfc   Section        8  system_stm32f2xx.o(.constdata)
    .constdata                               0x08011c04   Section        8  stm32f2xx_hal_dma.o(.constdata)
    flagBitshiftOffset                       0x08011c04   Data           8  stm32f2xx_hal_dma.o(.constdata)
    .conststring                             0x08011c0c   Section       12  main.o(.conststring)
    .data                                    0x20000000   Section        4  main.o(.data)
    .data                                    0x20000004   Section        4  cfg_info.o(.data)
    pMyInfoActive                            0x20000004   Data           4  cfg_info.o(.data)
    .data                                    0x20000008   Section       12  pyro_squib.o(.data)
    .data                                    0x20000014   Section      172  mb.o(.data)
    eMBState                                 0x20000014   Data           1  mb.o(.data)
    ucRcvAddress                             0x20000015   Data           1  mb.o(.data)
    ucFunctionCode                           0x20000016   Data           1  mb.o(.data)
    eException                               0x20000017   Data           1  mb.o(.data)
    ucMBAddress                              0x20000018   Data           1  mb.o(.data)
    eMBCurrentMode                           0x20000019   Data           1  mb.o(.data)
    usLength                                 0x2000001a   Data           2  mb.o(.data)
    ucMBFrame                                0x2000001c   Data           4  mb.o(.data)
    peMBFrameSendCur                         0x20000020   Data           4  mb.o(.data)
    pvMBFrameStartCur                        0x20000024   Data           4  mb.o(.data)
    pvMBFrameStopCur                         0x20000028   Data           4  mb.o(.data)
    peMBFrameReceiveCur                      0x2000002c   Data           4  mb.o(.data)
    pvMBFrameCloseCur                        0x20000030   Data           4  mb.o(.data)
    xFuncHandlers                            0x20000040   Data         128  mb.o(.data)
    .data                                    0x200000c0   Section       12  mbrtu_dma.o(.data)
    eSndState                                0x200000c0   Data           1  mbrtu_dma.o(.data)
    eRcvState                                0x200000c1   Data           1  mbrtu_dma.o(.data)
    usSndBufferCount                         0x200000c2   Data           2  mbrtu_dma.o(.data)
    usRcvBufferPos                           0x200000c4   Data           2  mbrtu_dma.o(.data)
    pucSndBufferCur                          0x200000c8   Data           4  mbrtu_dma.o(.data)
    .data                                    0x200000cc   Section        4  mbport.o(.data)
    usRegInputStart                          0x200000cc   Data           2  mbport.o(.data)
    usRegHoldingStart                        0x200000ce   Data           2  mbport.o(.data)
    .data                                    0x200000d0   Section        2  portevent.o(.data)
    eQueuedEvent                             0x200000d0   Data           1  portevent.o(.data)
    xEventInQueue                            0x200000d1   Data           1  portevent.o(.data)
    .data                                    0x200000d2   Section        2  mbfuncother.o(.data)
    usMBSlaveIDLen                           0x200000d2   Data           2  mbfuncother.o(.data)
    .data                                    0x200000d4   Section        4  system_stm32f2xx.o(.data)
    .data                                    0x200000d8   Section        4  stm32f2xx_hal.o(.data)
    .data                                    0x200000dc   Section       60  tasks.o(.data)
    uxDeletedTasksWaitingCleanUp             0x200000e0   Data           4  tasks.o(.data)
    uxCurrentNumberOfTasks                   0x200000e4   Data           4  tasks.o(.data)
    xTickCount                               0x200000e8   Data           4  tasks.o(.data)
    uxTopReadyPriority                       0x200000ec   Data           4  tasks.o(.data)
    xSchedulerRunning                        0x200000f0   Data           4  tasks.o(.data)
    uxPendedTicks                            0x200000f4   Data           4  tasks.o(.data)
    xYieldPending                            0x200000f8   Data           4  tasks.o(.data)
    xNumOfOverflows                          0x200000fc   Data           4  tasks.o(.data)
    uxTaskNumber                             0x20000100   Data           4  tasks.o(.data)
    xNextTaskUnblockTime                     0x20000104   Data           4  tasks.o(.data)
    xIdleTaskHandle                          0x20000108   Data           4  tasks.o(.data)
    uxSchedulerSuspended                     0x2000010c   Data           4  tasks.o(.data)
    pxDelayedTaskList                        0x20000110   Data           4  tasks.o(.data)
    pxOverflowDelayedTaskList                0x20000114   Data           4  tasks.o(.data)
    .data                                    0x20000118   Section       24  heap_4.o(.data)
    pxEnd                                    0x20000118   Data           4  heap_4.o(.data)
    xFreeBytesRemaining                      0x2000011c   Data           4  heap_4.o(.data)
    xMinimumEverFreeBytesRemaining           0x20000120   Data           4  heap_4.o(.data)
    xBlockAllocatedBit                       0x20000124   Data           4  heap_4.o(.data)
    xStart                                   0x20000128   Data           8  heap_4.o(.data)
    .data                                    0x20000130   Section       12  port.o(.data)
    ucMaxSysCallPriority                     0x20000130   Data           1  port.o(.data)
    uxCriticalNesting                        0x20000134   Data           4  port.o(.data)
    ulMaxPRIGROUPValue                       0x20000138   Data           4  port.o(.data)
    .bss                                     0x2000013c   Section      348  main.o(.bss)
    .bss                                     0x20000298   Section       96  main.o(.bss)
    .bss                                     0x200002f8   Section       96  main.o(.bss)
    .bss                                     0x20000358   Section       96  main.o(.bss)
    .bss                                     0x200003b8   Section       16  adc.o(.bss)
    .bss                                     0x200003c8   Section       76  cfg_info.o(.bss)
    .bss                                     0x20000414   Section       16  pyro_squib.o(.bss)
    .bss                                     0x20000424   Section      256  mbrtu_dma.o(.bss)
    .bss                                     0x20000524   Section      104  mbport.o(.bss)
    .bss                                     0x2000058c   Section       32  mbfuncother.o(.bss)
    ucMBSlaveID                              0x2000058c   Data          32  mbfuncother.o(.bss)
    .bss                                     0x200005ac   Section       32  stm32f2xx_hal_flash.o(.bss)
    .bss                                     0x200005cc   Section      240  tasks.o(.bss)
    pxReadyTasksLists                        0x200005cc   Data         140  tasks.o(.bss)
    xDelayedTaskList1                        0x20000658   Data          20  tasks.o(.bss)
    xDelayedTaskList2                        0x2000066c   Data          20  tasks.o(.bss)
    xPendingReadyList                        0x20000680   Data          20  tasks.o(.bss)
    xTasksWaitingTermination                 0x20000694   Data          20  tasks.o(.bss)
    xSuspendedTaskList                       0x200006a8   Data          20  tasks.o(.bss)
    .bss                                     0x200006bc   Section    15360  heap_4.o(.bss)
    ucHeap                                   0x200006bc   Data       15360  heap_4.o(.bss)
    STACK                                    0x200042c0   Section    16384  startup_stm32f205xx.o(STACK)

    Global Symbols

    Symbol Name                              Value     Ov Type        Size  Object(Section)

    BuildAttributes$$THM_ISAv4$P$D$K$B$S$PE$A:L22UL41UL21$X:L11$S22US41US21$IEEE1$IW$USESV6$~STKCKD$USESV7$~SHL$OTIME$ROPI$EBA8$MICROLIB$REQ8$PRES8$EABIv2 0x00000000   Number         0  anon$$obj.o ABSOLUTE
    __ARM_use_no_argv                        0x00000000   Number         0  main.o ABSOLUTE
    __cpp_initialize__aeabi_                  - Undefined Weak Reference
    __cxa_finalize                            - Undefined Weak Reference
    _clock_init                               - Undefined Weak Reference
    _microlib_exit                            - Undefined Weak Reference
    __Vectors_Size                           0x00000184   Number         0  startup_stm32f205xx.o ABSOLUTE
    __Vectors                                0x08000000   Data           4  startup_stm32f205xx.o(RESET)
    __Vectors_End                            0x08000184   Data           0  startup_stm32f205xx.o(RESET)
    __main                                   0x0800c001   Thumb Code     0  entry.o(.ARM.Collect$$$$00000000)
    _main_stk                                0x0800c001   Thumb Code     0  entry2.o(.ARM.Collect$$$$00000001)
    _main_scatterload                        0x0800c005   Thumb Code     0  entry5.o(.ARM.Collect$$$$00000004)
    __main_after_scatterload                 0x0800c009   Thumb Code     0  entry5.o(.ARM.Collect$$$$00000004)
    _main_clock                              0x0800c009   Thumb Code     0  entry7b.o(.ARM.Collect$$$$00000008)
    _main_cpp_init                           0x0800c009   Thumb Code     0  entry8b.o(.ARM.Collect$$$$0000000A)
    _main_init                               0x0800c009   Thumb Code     0  entry9a.o(.ARM.Collect$$$$0000000B)
    __rt_final_cpp                           0x0800c011   Thumb Code     0  entry10a.o(.ARM.Collect$$$$0000000D)
    __rt_final_exit                          0x0800c011   Thumb Code     0  entry11a.o(.ARM.Collect$$$$0000000F)
    SVC_Handler                              0x0800c015   Thumb Code    32  port.o(.emb_text)
    __asm___6_port_c_39a90d8d__prvStartFirstTask 0x0800c039   Thumb Code    28  port.o(.emb_text)
    PendSV_Handler                           0x0800c059   Thumb Code    72  port.o(.emb_text)
    vPortGetIPSR                             0x0800c0a5   Thumb Code     6  port.o(.emb_text)
    Reset_Handler                            0x0800c0ad   Thumb Code     8  startup_stm32f205xx.o(.text)
    ADC_IRQHandler                           0x0800c0c7   Thumb Code     0  startup_stm32f205xx.o(.text)
    CAN1_RX0_IRQHandler                      0x0800c0c7   Thumb Code     0  startup_stm32f205xx.o(.text)
    CAN1_RX1_IRQHandler                      0x0800c0c7   Thumb Code     0  startup_stm32f205xx.o(.text)
    CAN1_SCE_IRQHandler                      0x0800c0c7   Thumb Code     0  startup_stm32f205xx.o(.text)
    CAN1_TX_IRQHandler                       0x0800c0c7   Thumb Code     0  startup_stm32f205xx.o(.text)
    CAN2_RX0_IRQHandler                      0x0800c0c7   Thumb Code     0  startup_stm32f205xx.o(.text)
    CAN2_RX1_IRQHandler                      0x0800c0c7   Thumb Code     0  startup_stm32f205xx.o(.text)
    CAN2_SCE_IRQHandler                      0x0800c0c7   Thumb Code     0  startup_stm32f205xx.o(.text)
    CAN2_TX_IRQHandler                       0x0800c0c7   Thumb Code     0  startup_stm32f205xx.o(.text)
    DMA1_Stream0_IRQHandler                  0x0800c0c7   Thumb Code     0  startup_stm32f205xx.o(.text)
    DMA1_Stream1_IRQHandler                  0x0800c0c7   Thumb Code     0  startup_stm32f205xx.o(.text)
    DMA1_Stream2_IRQHandler                  0x0800c0c7   Thumb Code     0  startup_stm32f205xx.o(.text)
    DMA1_Stream3_IRQHandler                  0x0800c0c7   Thumb Code     0  startup_stm32f205xx.o(.text)
    DMA1_Stream4_IRQHandler                  0x0800c0c7   Thumb Code     0  startup_stm32f205xx.o(.text)
    DMA1_Stream5_IRQHandler                  0x0800c0c7   Thumb Code     0  startup_stm32f205xx.o(.text)
    DMA1_Stream6_IRQHandler                  0x0800c0c7   Thumb Code     0  startup_stm32f205xx.o(.text)
    DMA1_Stream7_IRQHandler                  0x0800c0c7   Thumb Code     0  startup_stm32f205xx.o(.text)
    DMA2_Stream1_IRQHandler                  0x0800c0c7   Thumb Code     0  startup_stm32f205xx.o(.text)
    DMA2_Stream3_IRQHandler                  0x0800c0c7   Thumb Code     0  startup_stm32f205xx.o(.text)
    DMA2_Stream4_IRQHandler                  0x0800c0c7   Thumb Code     0  startup_stm32f205xx.o(.text)
    DMA2_Stream5_IRQHandler                  0x0800c0c7   Thumb Code     0  startup_stm32f205xx.o(.text)
    DMA2_Stream6_IRQHandler                  0x0800c0c7   Thumb Code     0  startup_stm32f205xx.o(.text)
    EXTI0_IRQHandler                         0x0800c0c7   Thumb Code     0  startup_stm32f205xx.o(.text)
    EXTI15_10_IRQHandler                     0x0800c0c7   Thumb Code     0  startup_stm32f205xx.o(.text)
    EXTI1_IRQHandler                         0x0800c0c7   Thumb Code     0  startup_stm32f205xx.o(.text)
    EXTI2_IRQHandler                         0x0800c0c7   Thumb Code     0  startup_stm32f205xx.o(.text)
    EXTI3_IRQHandler                         0x0800c0c7   Thumb Code     0  startup_stm32f205xx.o(.text)
    EXTI4_IRQHandler                         0x0800c0c7   Thumb Code     0  startup_stm32f205xx.o(.text)
    EXTI9_5_IRQHandler                       0x0800c0c7   Thumb Code     0  startup_stm32f205xx.o(.text)
    FLASH_IRQHandler                         0x0800c0c7   Thumb Code     0  startup_stm32f205xx.o(.text)
    FSMC_IRQHandler                          0x0800c0c7   Thumb Code     0  startup_stm32f205xx.o(.text)
    HASH_RNG_IRQHandler                      0x0800c0c7   Thumb Code     0  startup_stm32f205xx.o(.text)
    I2C1_ER_IRQHandler                       0x0800c0c7   Thumb Code     0  startup_stm32f205xx.o(.text)
    I2C1_EV_IRQHandler                       0x0800c0c7   Thumb Code     0  startup_stm32f205xx.o(.text)
    I2C2_ER_IRQHandler                       0x0800c0c7   Thumb Code     0  startup_stm32f205xx.o(.text)
    I2C2_EV_IRQHandler                       0x0800c0c7   Thumb Code     0  startup_stm32f205xx.o(.text)
    I2C3_ER_IRQHandler                       0x0800c0c7   Thumb Code     0  startup_stm32f205xx.o(.text)
    I2C3_EV_IRQHandler                       0x0800c0c7   Thumb Code     0  startup_stm32f205xx.o(.text)
    OTG_FS_IRQHandler                        0x0800c0c7   Thumb Code     0  startup_stm32f205xx.o(.text)
    OTG_FS_WKUP_IRQHandler                   0x0800c0c7   Thumb Code     0  startup_stm32f205xx.o(.text)
    OTG_HS_EP1_IN_IRQHandler                 0x0800c0c7   Thumb Code     0  startup_stm32f205xx.o(.text)
    OTG_HS_EP1_OUT_IRQHandler                0x0800c0c7   Thumb Code     0  startup_stm32f205xx.o(.text)
    OTG_HS_IRQHandler                        0x0800c0c7   Thumb Code     0  startup_stm32f205xx.o(.text)
    OTG_HS_WKUP_IRQHandler                   0x0800c0c7   Thumb Code     0  startup_stm32f205xx.o(.text)
    PVD_IRQHandler                           0x0800c0c7   Thumb Code     0  startup_stm32f205xx.o(.text)
    RCC_IRQHandler                           0x0800c0c7   Thumb Code     0  startup_stm32f205xx.o(.text)
    RTC_Alarm_IRQHandler                     0x0800c0c7   Thumb Code     0  startup_stm32f205xx.o(.text)
    RTC_WKUP_IRQHandler                      0x0800c0c7   Thumb Code     0  startup_stm32f205xx.o(.text)
    SDIO_IRQHandler                          0x0800c0c7   Thumb Code     0  startup_stm32f205xx.o(.text)
    SPI1_IRQHandler                          0x0800c0c7   Thumb Code     0  startup_stm32f205xx.o(.text)
    SPI2_IRQHandler                          0x0800c0c7   Thumb Code     0  startup_stm32f205xx.o(.text)
    SPI3_IRQHandler                          0x0800c0c7   Thumb Code     0  startup_stm32f205xx.o(.text)
    TAMP_STAMP_IRQHandler                    0x0800c0c7   Thumb Code     0  startup_stm32f205xx.o(.text)
    TIM1_BRK_TIM9_IRQHandler                 0x0800c0c7   Thumb Code     0  startup_stm32f205xx.o(.text)
    TIM1_CC_IRQHandler                       0x0800c0c7   Thumb Code     0  startup_stm32f205xx.o(.text)
    TIM1_TRG_COM_TIM11_IRQHandler            0x0800c0c7   Thumb Code     0  startup_stm32f205xx.o(.text)
    TIM1_UP_TIM10_IRQHandler                 0x0800c0c7   Thumb Code     0  startup_stm32f205xx.o(.text)
    TIM3_IRQHandler                          0x0800c0c7   Thumb Code     0  startup_stm32f205xx.o(.text)
    TIM5_IRQHandler                          0x0800c0c7   Thumb Code     0  startup_stm32f205xx.o(.text)
    TIM6_DAC_IRQHandler                      0x0800c0c7   Thumb Code     0  startup_stm32f205xx.o(.text)
    TIM7_IRQHandler                          0x0800c0c7   Thumb Code     0  startup_stm32f205xx.o(.text)
    TIM8_BRK_TIM12_IRQHandler                0x0800c0c7   Thumb Code     0  startup_stm32f205xx.o(.text)
    TIM8_CC_IRQHandler                       0x0800c0c7   Thumb Code     0  startup_stm32f205xx.o(.text)
    TIM8_TRG_COM_TIM14_IRQHandler            0x0800c0c7   Thumb Code     0  startup_stm32f205xx.o(.text)
    TIM8_UP_TIM13_IRQHandler                 0x0800c0c7   Thumb Code     0  startup_stm32f205xx.o(.text)
    UART4_IRQHandler                         0x0800c0c7   Thumb Code     0  startup_stm32f205xx.o(.text)
    UART5_IRQHandler                         0x0800c0c7   Thumb Code     0  startup_stm32f205xx.o(.text)
    USART2_IRQHandler                        0x0800c0c7   Thumb Code     0  startup_stm32f205xx.o(.text)
    USART3_IRQHandler                        0x0800c0c7   Thumb Code     0  startup_stm32f205xx.o(.text)
    USART6_IRQHandler                        0x0800c0c7   Thumb Code     0  startup_stm32f205xx.o(.text)
    WWDG_IRQHandler                          0x0800c0c7   Thumb Code     0  startup_stm32f205xx.o(.text)
    __aeabi_memcpy                           0x0800c0d1   Thumb Code    36  memcpya.o(.text)
    __aeabi_memcpy4                          0x0800c0d1   Thumb Code     0  memcpya.o(.text)
    __aeabi_memcpy8                          0x0800c0d1   Thumb Code     0  memcpya.o(.text)
    strcmp                                   0x0800c0f5   Thumb Code    28  strcmp.o(.text)
    __aeabi_fadd                             0x0800c111   Thumb Code   164  fadd.o(.text)
    __aeabi_fsub                             0x0800c1b5   Thumb Code     6  fadd.o(.text)
    __aeabi_frsub                            0x0800c1bb   Thumb Code     6  fadd.o(.text)
    __aeabi_fmul                             0x0800c1c1   Thumb Code   100  fmul.o(.text)
    __aeabi_dadd                             0x0800c225   Thumb Code   322  dadd.o(.text)
    __aeabi_dsub                             0x0800c367   Thumb Code     6  dadd.o(.text)
    __aeabi_drsub                            0x0800c36d   Thumb Code     6  dadd.o(.text)
    __aeabi_dmul                             0x0800c373   Thumb Code   228  dmul.o(.text)
    __aeabi_ddiv                             0x0800c457   Thumb Code   222  ddiv.o(.text)
    __aeabi_ui2d                             0x0800c535   Thumb Code    26  dfltui.o(.text)
    __aeabi_f2uiz                            0x0800c54f   Thumb Code    40  ffixui.o(.text)
    __aeabi_f2d                              0x0800c577   Thumb Code    38  f2d.o(.text)
    __aeabi_cdcmpeq                          0x0800c59d   Thumb Code     0  cdcmple.o(.text)
    __aeabi_cdcmple                          0x0800c59d   Thumb Code    48  cdcmple.o(.text)
    __aeabi_d2f                              0x0800c5cd   Thumb Code    56  d2f.o(.text)
    __aeabi_llsl                             0x0800c605   Thumb Code    30  llshl.o(.text)
    _ll_shift_l                              0x0800c605   Thumb Code     0  llshl.o(.text)
    __aeabi_lasr                             0x0800c623   Thumb Code    36  llsshr.o(.text)
    _ll_sshift_r                             0x0800c623   Thumb Code     0  llsshr.o(.text)
    __I$use$fp                               0x0800c647   Thumb Code     0  iusefp.o(.text)
    _float_round                             0x0800c647   Thumb Code    18  fepilogue.o(.text)
    _float_epilogue                          0x0800c659   Thumb Code    92  fepilogue.o(.text)
    _double_round                            0x0800c6b5   Thumb Code    30  depilogue.o(.text)
    _double_epilogue                         0x0800c6d3   Thumb Code   156  depilogue.o(.text)
    __scatterload                            0x0800c771   Thumb Code    28  init.o(.text)
    __scatterload_rt2                        0x0800c771   Thumb Code     0  init.o(.text)
    __aeabi_llsr                             0x0800c795   Thumb Code    32  llushr.o(.text)
    _ll_ushift_r                             0x0800c795   Thumb Code     0  llushr.o(.text)
    __decompress                             0x0800c7b5   Thumb Code     0  __dczerorl2.o(.text)
    __decompress1                            0x0800c7b5   Thumb Code    86  __dczerorl2.o(.text)
    ADC_Init                                 0x0800c88d   Thumb Code    10  adc.o(i.ADC_Init)
    ADC_toCurrent                            0x0800c9d5   Thumb Code    38  adc.o(i.ADC_toCurrent)
    BusFault_Handler                         0x0800ca11   Thumb Code     2  stm32f2xx_it.o(i.BusFault_Handler)
    ConfigInfoRead                           0x0800ca15   Thumb Code    80  cfg_info.o(i.ConfigInfoRead)
    ConfigInfoWrite                          0x0800ca85   Thumb Code    56  cfg_info.o(i.ConfigInfoWrite)
    DMA2_Stream0_IRQHandler                  0x0800cacd   Thumb Code     6  stm32f2xx_it.o(i.DMA2_Stream0_IRQHandler)
    DMA2_Stream2_IRQHandler                  0x0800cad9   Thumb Code     6  stm32f2xx_it.o(i.DMA2_Stream2_IRQHandler)
    DMA2_Stream7_IRQHandler                  0x0800cae5   Thumb Code     6  stm32f2xx_it.o(i.DMA2_Stream7_IRQHandler)
    DebugMon_Handler                         0x0800cb95   Thumb Code     2  stm32f2xx_it.o(i.DebugMon_Handler)
    DigPot_Init                              0x0800cb99   Thumb Code    44  dig_pot.o(i.DigPot_Init)
    DigPot_SetValue                          0x0800cbc9   Thumb Code    52  dig_pot.o(i.DigPot_SetValue)
    ENTER_CRITICAL_SECTION                   0x0800cc01   Thumb Code     4  mbport.o(i.ENTER_CRITICAL_SECTION)
    EXIT_CRITICAL_SECTION                    0x0800cc05   Thumb Code     4  mbport.o(i.EXIT_CRITICAL_SECTION)
    FLASH_Erase_Sector                       0x0800cc4d   Thumb Code    84  stm32f2xx_hal_flash_ex.o(i.FLASH_Erase_Sector)
    FLASH_FlushCaches                        0x0800cca5   Thumb Code    80  stm32f2xx_hal_flash_ex.o(i.FLASH_FlushCaches)
    FLASH_WaitForLastOperation               0x0800ce19   Thumb Code    72  stm32f2xx_hal_flash.o(i.FLASH_WaitForLastOperation)
    FloatCheckEquality                       0x0800ced5   Thumb Code    76  utilities.o(i.FloatCheckEquality)
    Float_To_UINT16_Buf                      0x0800cf21   Thumb Code     8  utilities.o(i.Float_To_UINT16_Buf)
    HAL_ADC_ConfigChannel                    0x0800cf29   Thumb Code   322  stm32f2xx_hal_adc.o(i.HAL_ADC_ConfigChannel)
    HAL_ADC_ConvCpltCallback                 0x0800d079   Thumb Code     2  stm32f2xx_hal_adc.o(i.HAL_ADC_ConvCpltCallback)
    HAL_ADC_ConvHalfCpltCallback             0x0800d07b   Thumb Code     2  stm32f2xx_hal_adc.o(i.HAL_ADC_ConvHalfCpltCallback)
    HAL_ADC_ErrorCallback                    0x0800d07d   Thumb Code     2  stm32f2xx_hal_adc.o(i.HAL_ADC_ErrorCallback)
    HAL_ADC_Init                             0x0800d07f   Thumb Code    84  stm32f2xx_hal_adc.o(i.HAL_ADC_Init)
    HAL_ADC_MspInit                          0x0800d0d5   Thumb Code   122  stm32f2xx_hal_msp.o(i.HAL_ADC_MspInit)
    HAL_ADC_Start_DMA                        0x0800d185   Thumb Code   228  stm32f2xx_hal_adc.o(i.HAL_ADC_Start_DMA)
    HAL_DMA_Abort                            0x0800d281   Thumb Code   142  stm32f2xx_hal_dma.o(i.HAL_DMA_Abort)
    HAL_DMA_Abort_IT                         0x0800d30f   Thumb Code    36  stm32f2xx_hal_dma.o(i.HAL_DMA_Abort_IT)
    HAL_DMA_IRQHandler                       0x0800d335   Thumb Code   414  stm32f2xx_hal_dma.o(i.HAL_DMA_IRQHandler)
    HAL_DMA_Init                             0x0800d4dd   Thumb Code   206  stm32f2xx_hal_dma.o(i.HAL_DMA_Init)
    HAL_DMA_Start_IT                         0x0800d5b1   Thumb Code   120  stm32f2xx_hal_dma.o(i.HAL_DMA_Start_IT)
    HAL_FLASHEx_Erase                        0x0800d629   Thumb Code   144  stm32f2xx_hal_flash_ex.o(i.HAL_FLASHEx_Erase)
    HAL_FLASH_Lock                           0x0800d6c1   Thumb Code    14  stm32f2xx_hal_flash.o(i.HAL_FLASH_Lock)
    HAL_FLASH_Program                        0x0800d6d5   Thumb Code   116  stm32f2xx_hal_flash.o(i.HAL_FLASH_Program)
    HAL_FLASH_Unlock                         0x0800d751   Thumb Code    28  stm32f2xx_hal_flash.o(i.HAL_FLASH_Unlock)
    HAL_GPIO_Init                            0x0800d779   Thumb Code   398  stm32f2xx_hal_gpio.o(i.HAL_GPIO_Init)
    HAL_GPIO_WritePin                        0x0800d939   Thumb Code    10  stm32f2xx_hal_gpio.o(i.HAL_GPIO_WritePin)
    HAL_GetTick                              0x0800d945   Thumb Code     6  stm32f2xx_hal.o(i.HAL_GetTick)
    HAL_I2C_Init                             0x0800d951   Thumb Code   254  stm32f2xx_hal_i2c.o(i.HAL_I2C_Init)
    HAL_I2C_Master_Transmit                  0x0800da59   Thumb Code   304  stm32f2xx_hal_i2c.o(i.HAL_I2C_Master_Transmit)
    HAL_I2C_MspInit                          0x0800db91   Thumb Code    64  stm32f2xx_hal_msp.o(i.HAL_I2C_MspInit)
    HAL_IncTick                              0x0800dbdd   Thumb Code    10  stm32f2xx_hal.o(i.HAL_IncTick)
    HAL_Init                                 0x0800dbed   Thumb Code    48  stm32f2xx_hal.o(i.HAL_Init)
    HAL_InitTick                             0x0800dc21   Thumb Code    34  stm32f2xx_hal.o(i.HAL_InitTick)
    HAL_MspInit                              0x0800dc49   Thumb Code    88  stm32f2xx_hal_msp.o(i.HAL_MspInit)
    HAL_NVIC_EnableIRQ                       0x0800dca1   Thumb Code    22  stm32f2xx_hal_cortex.o(i.HAL_NVIC_EnableIRQ)
    HAL_NVIC_SetPriority                     0x0800dcb9   Thumb Code    60  stm32f2xx_hal_cortex.o(i.HAL_NVIC_SetPriority)
    HAL_NVIC_SetPriorityGrouping             0x0800dcf9   Thumb Code    26  stm32f2xx_hal_cortex.o(i.HAL_NVIC_SetPriorityGrouping)
    HAL_RCC_ClockConfig                      0x0800dd1d   Thumb Code   328  stm32f2xx_hal_rcc.o(i.HAL_RCC_ClockConfig)
    HAL_RCC_GetHCLKFreq                      0x0800de75   Thumb Code     6  stm32f2xx_hal_rcc.o(i.HAL_RCC_GetHCLKFreq)
    HAL_RCC_GetPCLK1Freq                     0x0800de81   Thumb Code    34  stm32f2xx_hal_rcc.o(i.HAL_RCC_GetPCLK1Freq)
    HAL_RCC_GetPCLK2Freq                     0x0800deb1   Thumb Code    34  stm32f2xx_hal_rcc.o(i.HAL_RCC_GetPCLK2Freq)
    HAL_RCC_GetSysClockFreq                  0x0800dee1   Thumb Code   104  stm32f2xx_hal_rcc.o(i.HAL_RCC_GetSysClockFreq)
    HAL_RCC_OscConfig                        0x0800df51   Thumb Code   722  stm32f2xx_hal_rcc.o(i.HAL_RCC_OscConfig)
    HAL_SYSTICK_CLKSourceConfig              0x0800e235   Thumb Code    24  stm32f2xx_hal_cortex.o(i.HAL_SYSTICK_CLKSourceConfig)
    HAL_SYSTICK_Config                       0x0800e24d   Thumb Code    40  stm32f2xx_hal_cortex.o(i.HAL_SYSTICK_Config)
    HAL_TIMEx_BreakCallback                  0x0800e275   Thumb Code     2  stm32f2xx_hal_tim_ex.o(i.HAL_TIMEx_BreakCallback)
    HAL_TIMEx_CommutationCallback            0x0800e277   Thumb Code     2  stm32f2xx_hal_tim_ex.o(i.HAL_TIMEx_CommutationCallback)
    HAL_TIMEx_MasterConfigSynchronization    0x0800e279   Thumb Code    80  stm32f2xx_hal_tim_ex.o(i.HAL_TIMEx_MasterConfigSynchronization)
    HAL_TIM_Base_Init                        0x0800e2c9   Thumb Code    54  stm32f2xx_hal_tim.o(i.HAL_TIM_Base_Init)
    HAL_TIM_Base_MspInit                     0x0800e301   Thumb Code    86  stm32f2xx_hal_msp.o(i.HAL_TIM_Base_MspInit)
    HAL_TIM_Base_Start_IT                    0x0800e361   Thumb Code    24  stm32f2xx_hal_tim.o(i.HAL_TIM_Base_Start_IT)
    HAL_TIM_Base_Stop                        0x0800e379   Thumb Code    44  stm32f2xx_hal_tim.o(i.HAL_TIM_Base_Stop)
    HAL_TIM_Base_Stop_IT                     0x0800e3a5   Thumb Code    42  stm32f2xx_hal_tim.o(i.HAL_TIM_Base_Stop_IT)
    HAL_TIM_ConfigClockSource                0x0800e3cf   Thumb Code   242  stm32f2xx_hal_tim.o(i.HAL_TIM_ConfigClockSource)
    HAL_TIM_IC_CaptureCallback               0x0800e4c1   Thumb Code     2  stm32f2xx_hal_tim.o(i.HAL_TIM_IC_CaptureCallback)
    HAL_TIM_IRQHandler                       0x0800e4c3   Thumb Code   358  stm32f2xx_hal_tim.o(i.HAL_TIM_IRQHandler)
    HAL_TIM_OC_DelayElapsedCallback          0x0800e629   Thumb Code     2  stm32f2xx_hal_tim.o(i.HAL_TIM_OC_DelayElapsedCallback)
    HAL_TIM_PWM_PulseFinishedCallback        0x0800e62b   Thumb Code     2  stm32f2xx_hal_tim.o(i.HAL_TIM_PWM_PulseFinishedCallback)
    HAL_TIM_PeriodElapsedCallback            0x0800e62d   Thumb Code    24  stm32f2xx_it.o(i.HAL_TIM_PeriodElapsedCallback)
    HAL_TIM_TriggerCallback                  0x0800e649   Thumb Code     2  stm32f2xx_hal_tim.o(i.HAL_TIM_TriggerCallback)
    HAL_UART_DMAStop                         0x0800e64b   Thumb Code    88  stm32f2xx_hal_uart.o(i.HAL_UART_DMAStop)
    HAL_UART_ErrorCallback                   0x0800e6a3   Thumb Code     4  usart_app.o(i.HAL_UART_ErrorCallback)
    HAL_UART_IRQHandler                      0x0800e6a9   Thumb Code   266  stm32f2xx_hal_uart.o(i.HAL_UART_IRQHandler)
    HAL_UART_Init                            0x0800e7b9   Thumb Code    98  stm32f2xx_hal_uart.o(i.HAL_UART_Init)
    HAL_UART_MspInit                         0x0800e81d   Thumb Code   196  stm32f2xx_hal_msp.o(i.HAL_UART_MspInit)
    HAL_UART_Receive_DMA                     0x0800e915   Thumb Code   138  stm32f2xx_hal_uart.o(i.HAL_UART_Receive_DMA)
    HAL_UART_RxCpltCallback                  0x0800e9ad   Thumb Code     2  usart_app.o(i.HAL_UART_RxCpltCallback)
    HAL_UART_RxHalfCpltCallback              0x0800e9af   Thumb Code     2  stm32f2xx_hal_uart.o(i.HAL_UART_RxHalfCpltCallback)
    HAL_UART_Transmit_DMA                    0x0800e9b1   Thumb Code   114  stm32f2xx_hal_uart.o(i.HAL_UART_Transmit_DMA)
    HAL_UART_TxCpltCallback                  0x0800ea31   Thumb Code    14  usart_app.o(i.HAL_UART_TxCpltCallback)
    HAL_UART_TxHalfCpltCallback              0x0800ea45   Thumb Code     2  stm32f2xx_hal_uart.o(i.HAL_UART_TxHalfCpltCallback)
    HardFault_Handler                        0x0800ea47   Thumb Code     2  stm32f2xx_it.o(i.HardFault_Handler)
    MemManage_Handler                        0x0800ef1d   Thumb Code     2  stm32f2xx_it.o(i.MemManage_Handler)
    Modbus_Init                              0x0800ef21   Thumb Code    40  mbinit.o(i.Modbus_Init)
    NMI_Handler                              0x0800ef63   Thumb Code     2  stm32f2xx_it.o(i.NMI_Handler)
    PyroSquib_CurrentToPotVal                0x0800ef85   Thumb Code    46  pyro_squib.o(i.PyroSquib_CurrentToPotVal)
    PyroSquib_Init                           0x0800efbd   Thumb Code    60  pyro_squib.o(i.PyroSquib_Init)
    PyroSquib_SetCurrent                     0x0800f015   Thumb Code    42  pyro_squib.o(i.PyroSquib_SetCurrent)
    PyroSquib_SetCurrent_All                 0x0800f045   Thumb Code    32  pyro_squib.o(i.PyroSquib_SetCurrent_All)
    PyroSquib_SetKeysState                   0x0800f065   Thumb Code   330  pyro_squib.o(i.PyroSquib_SetKeysState)
    PyroSquib_Start                          0x0800f1c1   Thumb Code   120  pyro_squib.o(i.PyroSquib_Start)
    PyroSquib_Test                           0x0800f27d   Thumb Code   126  pyro_squib.o(i.PyroSquib_Test)
    PyroSquib_TimerExpired                   0x0800f315   Thumb Code    36  pyro_squib.o(i.PyroSquib_TimerExpired)
    StartDefaultTask                         0x0800f345   Thumb Code     8  main.o(i.StartDefaultTask)
    SysTick_Handler                          0x0800f34d   Thumb Code    14  stm32f2xx_it.o(i.SysTick_Handler)
    SystemClock_Config                       0x0800f35b   Thumb Code   108  main.o(i.SystemClock_Config)
    SystemInit                               0x0800f3c9   Thumb Code    54  system_stm32f2xx.o(i.SystemInit)
    TIM2_IRQHandler                          0x0800f411   Thumb Code     6  stm32f2xx_it.o(i.TIM2_IRQHandler)
    TIM4_IRQHandler                          0x0800f41d   Thumb Code     6  stm32f2xx_it.o(i.TIM4_IRQHandler)
    TIM_Base_SetConfig                       0x0800f429   Thumb Code   156  stm32f2xx_hal_tim.o(i.TIM_Base_SetConfig)
    UINT16_Buf_To_Float                      0x0800f9fb   Thumb Code    16  utilities.o(i.UINT16_Buf_To_Float)
    USART1_IRQHandler                        0x0800fa0d   Thumb Code    42  stm32f2xx_it.o(i.USART1_IRQHandler)
    UsageFault_Handler                       0x0800fa3d   Thumb Code     2  stm32f2xx_it.o(i.UsageFault_Handler)
    _Error_Handler                           0x0800fa3f   Thumb Code     2  main.o(i._Error_Handler)
    __scatterload_copy                       0x0800fa41   Thumb Code    14  handlers.o(i.__scatterload_copy)
    __scatterload_null                       0x0800fa4f   Thumb Code     2  handlers.o(i.__scatterload_null)
    __scatterload_zeroinit                   0x0800fa51   Thumb Code    14  handlers.o(i.__scatterload_zeroinit)
    eMBEnable                                0x0800fa61   Thumb Code    28  mb.o(i.eMBEnable)
    eMBFuncReadCoils                         0x0800fa81   Thumb Code   110  mbfunccoils.o(i.eMBFuncReadCoils)
    eMBFuncReadDiscreteInputs                0x0800faef   Thumb Code   110  mbfuncdisc.o(i.eMBFuncReadDiscreteInputs)
    eMBFuncReadHoldingRegister               0x0800fb5d   Thumb Code    90  mbfuncholding.o(i.eMBFuncReadHoldingRegister)
    eMBFuncReadInputRegister                 0x0800fbb7   Thumb Code    94  mbfuncinput.o(i.eMBFuncReadInputRegister)
    eMBFuncReadWriteMultipleHoldingRegister  0x0800fc15   Thumb Code   156  mbfuncholding.o(i.eMBFuncReadWriteMultipleHoldingRegister)
    eMBFuncReportSlaveID                     0x0800fcb1   Thumb Code    26  mbfuncother.o(i.eMBFuncReportSlaveID)
    eMBFuncWriteCoil                         0x0800fcd5   Thumb Code    82  mbfunccoils.o(i.eMBFuncWriteCoil)
    eMBFuncWriteHoldingRegister              0x0800fd27   Thumb Code    46  mbfuncholding.o(i.eMBFuncWriteHoldingRegister)
    eMBFuncWriteMultipleCoils                0x0800fd55   Thumb Code    94  mbfunccoils.o(i.eMBFuncWriteMultipleCoils)
    eMBFuncWriteMultipleHoldingRegister      0x0800fdb3   Thumb Code    74  mbfuncholding.o(i.eMBFuncWriteMultipleHoldingRegister)
    eMBInit                                  0x0800fdfd   Thumb Code    96  mb.o(i.eMBInit)
    eMBPoll                                  0x0800fe7d   Thumb Code   176  mb.o(i.eMBPoll)
    eMBRTUInit                               0x0800ff31   Thumb Code    66  mbrtu_dma.o(i.eMBRTUInit)
    eMBRTUReceive                            0x0800ff79   Thumb Code    68  mbrtu_dma.o(i.eMBRTUReceive)
    eMBRTUSend                               0x0800ffc5   Thumb Code    98  mbrtu_dma.o(i.eMBRTUSend)
    eMBRTUStart                              0x08010031   Thumb Code    32  mbrtu_dma.o(i.eMBRTUStart)
    eMBRTUStop                               0x08010055   Thumb Code    26  mbrtu_dma.o(i.eMBRTUStop)
    eMBRegCoilsCB                            0x0801006f   Thumb Code     4  mbport.o(i.eMBRegCoilsCB)
    eMBRegDiscreteCB                         0x08010073   Thumb Code     4  mbport.o(i.eMBRegDiscreteCB)
    eMBRegHoldingCB                          0x08010079   Thumb Code   904  mbport.o(i.eMBRegHoldingCB)
    eMBRegInputCB                            0x08010419   Thumb Code   220  mbport.o(i.eMBRegInputCB)
    getUART_BB_RcvDMAPktLength               0x0801050d   Thumb Code    16  usart_app.o(i.getUART_BB_RcvDMAPktLength)
    main                                     0x08010521   Thumb Code   180  main.o(i.main)
    osDelay                                  0x080105f5   Thumb Code    14  cmsis_os.o(i.osDelay)
    osKernelStart                            0x08010603   Thumb Code    10  cmsis_os.o(i.osKernelStart)
    osSystickHandler                         0x0801060d   Thumb Code    20  cmsis_os.o(i.osSystickHandler)
    osThreadCreate                           0x08010621   Thumb Code    46  cmsis_os.o(i.osThreadCreate)
    prveMBError2Exception                    0x08010aa7   Thumb Code    24  mbutils.o(i.prveMBError2Exception)
    prvvUARTTxReadyISR                       0x08010ac1   Thumb Code    30  portserial.o(i.prvvUARTTxReadyISR)
    pvPortMalloc                             0x08010ae9   Thumb Code   210  heap_4.o(i.pvPortMalloc)
    pvTaskIncrementMutexHeldCount            0x08010bc1   Thumb Code    18  tasks.o(i.pvTaskIncrementMutexHeldCount)
    pxPortInitialiseStack                    0x08010bd9   Thumb Code    32  port.o(i.pxPortInitialiseStack)
    startUARTRcv                             0x08010bfd   Thumb Code    34  usart_app.o(i.startUARTRcv)
    stopUART                                 0x08010c2d   Thumb Code    30  usart_app.o(i.stopUART)
    usMBCRC16                                0x08010c55   Thumb Code    40  mbcrc.o(i.usMBCRC16)
    uxListRemove                             0x08010c81   Thumb Code    36  list.o(i.uxListRemove)
    vListInitialise                          0x08010ca5   Thumb Code    22  list.o(i.vListInitialise)
    vListInitialiseItem                      0x08010cbb   Thumb Code     6  list.o(i.vListInitialiseItem)
    vListInsert                              0x08010cc1   Thumb Code    48  list.o(i.vListInsert)
    vListInsertEnd                           0x08010cf1   Thumb Code    24  list.o(i.vListInsertEnd)
    vMBPortSerialEnable                      0x08010d09   Thumb Code    36  portserial.o(i.vMBPortSerialEnable)
    vMBPortTimersDisable                     0x08010d35   Thumb Code    24  porttimer.o(i.vMBPortTimersDisable)
    vMBPortTimersEnable                      0x08010d51   Thumb Code    14  porttimer.o(i.vMBPortTimersEnable)
    vPortEnterCritical                       0x08010d65   Thumb Code    54  port.o(i.vPortEnterCritical)
    vPortExitCritical                        0x08010da5   Thumb Code    34  port.o(i.vPortExitCritical)
    vPortFree                                0x08010dcd   Thumb Code    88  heap_4.o(i.vPortFree)
    vPortSetupTimerInterrupt                 0x08010e29   Thumb Code    26  port.o(i.vPortSetupTimerInterrupt)
    vTaskDelay                               0x08010e49   Thumb Code    66  tasks.o(i.vTaskDelay)
    vTaskMissedYield                         0x08010e95   Thumb Code     8  tasks.o(i.vTaskMissedYield)
    vTaskPlaceOnEventList                    0x08010ea1   Thumb Code    44  tasks.o(i.vTaskPlaceOnEventList)
    vTaskPriorityInherit                     0x08010ed1   Thumb Code   124  tasks.o(i.vTaskPriorityInherit)
    vTaskSetTimeOutState                     0x08010f55   Thumb Code    30  tasks.o(i.vTaskSetTimeOutState)
    vTaskStartScheduler                      0x08010f79   Thumb Code    86  tasks.o(i.vTaskStartScheduler)
    vTaskSuspendAll                          0x08010fe1   Thumb Code    10  tasks.o(i.vTaskSuspendAll)
    vTaskSwitchContext                       0x08010ff1   Thumb Code    82  tasks.o(i.vTaskSwitchContext)
    xMBPortEventGet                          0x0801104d   Thumb Code    24  portevent.o(i.xMBPortEventGet)
    xMBPortEventInit                         0x08011069   Thumb Code    10  portevent.o(i.xMBPortEventInit)
    xMBPortEventPost                         0x08011079   Thumb Code    12  portevent.o(i.xMBPortEventPost)
    xMBPortSerialInit                        0x08011089   Thumb Code    34  portserial.o(i.xMBPortSerialInit)
    xMBPortSerialPutPktDMA                   0x080110b5   Thumb Code    16  portserial.o(i.xMBPortSerialPutPktDMA)
    xMBPortTimersInit                        0x080110c9   Thumb Code    72  porttimer.o(i.xMBPortTimersInit)
    xMBPort_TimerExpired                     0x08011119   Thumb Code    30  porttimer.o(i.xMBPort_TimerExpired)
    xMBRTUReceiveFSM                         0x08011141   Thumb Code    16  mbrtu_dma.o(i.xMBRTUReceiveFSM)
    xMBRTUTimerT35Expired                    0x08011155   Thumb Code    56  mbrtu_dma.o(i.xMBRTUTimerT35Expired)
    xMBRTUTransmitFSM                        0x08011191   Thumb Code    66  mbrtu_dma.o(i.xMBRTUTransmitFSM)
    xPortStartScheduler                      0x080111d9   Thumb Code   102  port.o(i.xPortStartScheduler)
    xPortSysTickHandler                      0x0801124d   Thumb Code    38  port.o(i.xPortSysTickHandler)
    xQueueGenericCreate                      0x08011279   Thumb Code    72  queue.o(i.xQueueGenericCreate)
    xQueueGenericReceive                     0x080112c1   Thumb Code   360  queue.o(i.xQueueGenericReceive)
    xQueueGenericReset                       0x0801142d   Thumb Code   132  queue.o(i.xQueueGenericReset)
    xQueueGenericSend                        0x080114b5   Thumb Code   346  queue.o(i.xQueueGenericSend)
    xTaskCheckForTimeOut                     0x08011615   Thumb Code   102  tasks.o(i.xTaskCheckForTimeOut)
    xTaskCreate                              0x08011681   Thumb Code    86  tasks.o(i.xTaskCreate)
    xTaskGetSchedulerState                   0x080116d9   Thumb Code    22  tasks.o(i.xTaskGetSchedulerState)
    xTaskIncrementTick                       0x080116f5   Thumb Code   192  tasks.o(i.xTaskIncrementTick)
    xTaskPriorityDisinherit                  0x080117bd   Thumb Code   144  tasks.o(i.xTaskPriorityDisinherit)
    xTaskRemoveFromEventList                 0x08011855   Thumb Code   108  tasks.o(i.xTaskRemoveFromEventList)
    xTaskResumeAll                           0x080118c9   Thumb Code   182  tasks.o(i.xTaskResumeAll)
    configInfoHard                           0x080119a0   Data          76  cfg_info.o(.constdata)
    AHBPrescTable                            0x08011bec   Data          16  system_stm32f2xx.o(.constdata)
    APBPrescTable                            0x08011bfc   Data           8  system_stm32f2xx.o(.constdata)
    Region$$Table$$Base                      0x08011c18   Number         0  anon$$obj.o(Region$$Table)
    Region$$Table$$Limit                     0x08011c38   Number         0  anon$$obj.o(Region$$Table)
    defaultTaskHandle                        0x20000000   Data           4  main.o(.data)
    pyroSquibStatus                          0x20000008   Data           1  pyro_squib.o(.data)
    pulseTimeExpired                         0x20000009   Data           1  pyro_squib.o(.data)
    PyroSquibError                           0x2000000a   Data           1  pyro_squib.o(.data)
    xPyroSquib_Semaphore                     0x2000000c   Data           4  pyro_squib.o(.data)
    PyroSquibParam                           0x20000010   Data           4  pyro_squib.o(.data)
    pxMBFrameCBByteReceived                  0x20000034   Data           4  mb.o(.data)
    pxMBFrameCBTransmitterEmpty              0x20000038   Data           4  mb.o(.data)
    pxMBPortCBTimerExpired                   0x2000003c   Data           4  mb.o(.data)
    SystemCoreClock                          0x200000d4   Data           4  system_stm32f2xx.o(.data)
    uwTick                                   0x200000d8   Data           4  stm32f2xx_hal.o(.data)
    pxCurrentTCB                             0x200000dc   Data           4  tasks.o(.data)
    hadc1                                    0x2000013c   Data          72  main.o(.bss)
    hi2c2                                    0x20000184   Data          84  main.o(.bss)
    htim2                                    0x200001d8   Data          64  main.o(.bss)
    htim4                                    0x20000218   Data          64  main.o(.bss)
    huart1                                   0x20000258   Data          64  main.o(.bss)
    hdma_adc1                                0x20000298   Data          96  main.o(.bss)
    hdma_usart1_rx                           0x200002f8   Data          96  main.o(.bss)
    hdma_usart1_tx                           0x20000358   Data          96  main.o(.bss)
    ADC_value                                0x200003b8   Data          16  adc.o(.bss)
    configInfo                               0x200003c8   Data          76  cfg_info.o(.bss)
    ADC_value_temp                           0x20000414   Data          16  pyro_squib.o(.bss)
    ucRTUBuf                                 0x20000424   Data         256  mbrtu_dma.o(.bss)
    usRegInputBuf                            0x20000524   Data          40  mbport.o(.bss)
    usRegHoldingBuf                          0x2000054c   Data          64  mbport.o(.bss)
    pFlash                                   0x200005ac   Data          32  stm32f2xx_hal_flash.o(.bss)
    __initial_sp                             0x200082c0   Data           0  startup_stm32f205xx.o(STACK)



==============================================================================

Memory Map of the image

  Image Entry point : 0x0800c001

  Load Region LR_IROM1 (Base: 0x08000000, Size: 0x00000184, Max: 0x00004000, ABSOLUTE)

    Execution Region ER_IROM1 (Base: 0x08000000, Size: 0x00000184, Max: 0x00004000, ABSOLUTE)

    Base Addr    Size         Type   Attr      Idx    E Section Name        Object

    0x08000000   0x00000184   Data   RO         1433    RESET               startup_stm32f205xx.o



  Load Region LR_IROM2 (Base: 0x0800c000, Size: 0x00005d74, Max: 0x00014000, ABSOLUTE, COMPRESSED[0x00005c88])

    Execution Region ER_IROM2 (Base: 0x0800c000, Size: 0x00005c38, Max: 0x00014000, ABSOLUTE)

    Base Addr    Size         Type   Attr      Idx    E Section Name        Object

    0x0800c000   0x00000000   Code   RO         5372  * .ARM.Collect$$$$00000000  mc_w.l(entry.o)
    0x0800c000   0x00000004   Code   RO         5401    .ARM.Collect$$$$00000001  mc_w.l(entry2.o)
    0x0800c004   0x00000004   Code   RO         5404    .ARM.Collect$$$$00000004  mc_w.l(entry5.o)
    0x0800c008   0x00000000   Code   RO         5406    .ARM.Collect$$$$00000008  mc_w.l(entry7b.o)
    0x0800c008   0x00000000   Code   RO         5408    .ARM.Collect$$$$0000000A  mc_w.l(entry8b.o)
    0x0800c008   0x00000008   Code   RO         5409    .ARM.Collect$$$$0000000B  mc_w.l(entry9a.o)
    0x0800c010   0x00000000   Code   RO         5411    .ARM.Collect$$$$0000000D  mc_w.l(entry10a.o)
    0x0800c010   0x00000000   Code   RO         5413    .ARM.Collect$$$$0000000F  mc_w.l(entry11a.o)
    0x0800c010   0x00000004   Code   RO         5402    .ARM.Collect$$$$00002712  mc_w.l(entry2.o)
    0x0800c014   0x00000096   Code   RO         5122    .emb_text           port.o
    0x0800c0aa   0x00000002   PAD
    0x0800c0ac   0x00000024   Code   RO         1434    .text               startup_stm32f205xx.o
    0x0800c0d0   0x00000024   Code   RO         5375    .text               mc_w.l(memcpya.o)
    0x0800c0f4   0x0000001c   Code   RO         5377    .text               mc_w.l(strcmp.o)
    0x0800c110   0x000000b0   Code   RO         5381    .text               mf_w.l(fadd.o)
    0x0800c1c0   0x00000064   Code   RO         5383    .text               mf_w.l(fmul.o)
    0x0800c224   0x0000014e   Code   RO         5385    .text               mf_w.l(dadd.o)
    0x0800c372   0x000000e4   Code   RO         5387    .text               mf_w.l(dmul.o)
    0x0800c456   0x000000de   Code   RO         5389    .text               mf_w.l(ddiv.o)
    0x0800c534   0x0000001a   Code   RO         5391    .text               mf_w.l(dfltui.o)
    0x0800c54e   0x00000028   Code   RO         5393    .text               mf_w.l(ffixui.o)
    0x0800c576   0x00000026   Code   RO         5395    .text               mf_w.l(f2d.o)
    0x0800c59c   0x00000030   Code   RO         5397    .text               mf_w.l(cdcmple.o)
    0x0800c5cc   0x00000038   Code   RO         5399    .text               mf_w.l(d2f.o)
    0x0800c604   0x0000001e   Code   RO         5415    .text               mc_w.l(llshl.o)
    0x0800c622   0x00000024   Code   RO         5417    .text               mc_w.l(llsshr.o)
    0x0800c646   0x00000000   Code   RO         5419    .text               mc_w.l(iusefp.o)
    0x0800c646   0x0000006e   Code   RO         5420    .text               mf_w.l(fepilogue.o)
    0x0800c6b4   0x000000ba   Code   RO         5422    .text               mf_w.l(depilogue.o)
    0x0800c76e   0x00000002   PAD
    0x0800c770   0x00000024   Code   RO         5424    .text               mc_w.l(init.o)
    0x0800c794   0x00000020   Code   RO         5426    .text               mc_w.l(llushr.o)
    0x0800c7b4   0x00000056   Code   RO         5436    .text               mc_w.l(__dczerorl2.o)
    0x0800c80a   0x00000062   Code   RO         2850    i.ADC_DMAConvCplt   stm32f2xx_hal_adc.o
    0x0800c86c   0x00000016   Code   RO         2851    i.ADC_DMAError      stm32f2xx_hal_adc.o
    0x0800c882   0x0000000a   Code   RO         2852    i.ADC_DMAHalfConvCplt  stm32f2xx_hal_adc.o
    0x0800c88c   0x00000014   Code   RO          448    i.ADC_Init          adc.o
    0x0800c8a0   0x00000134   Code   RO         2853    i.ADC_Init          stm32f2xx_hal_adc.o
    0x0800c9d4   0x0000003c   Code   RO          449    i.ADC_toCurrent     adc.o
    0x0800ca10   0x00000002   Code   RO          240    i.BusFault_Handler  stm32f2xx_it.o
    0x0800ca12   0x00000002   PAD
    0x0800ca14   0x00000070   Code   RO          490    i.ConfigInfoRead    cfg_info.o
    0x0800ca84   0x00000048   Code   RO          491    i.ConfigInfoWrite   cfg_info.o
    0x0800cacc   0x0000000c   Code   RO          241    i.DMA2_Stream0_IRQHandler  stm32f2xx_it.o
    0x0800cad8   0x0000000c   Code   RO          242    i.DMA2_Stream2_IRQHandler  stm32f2xx_it.o
    0x0800cae4   0x0000000c   Code   RO          243    i.DMA2_Stream7_IRQHandler  stm32f2xx_it.o
    0x0800caf0   0x00000028   Code   RO         2346    i.DMA_CalcBaseAndBitshift  stm32f2xx_hal_dma.o
    0x0800cb18   0x00000054   Code   RO         2347    i.DMA_CheckFifoParam  stm32f2xx_hal_dma.o
    0x0800cb6c   0x00000028   Code   RO         2348    i.DMA_SetConfig     stm32f2xx_hal_dma.o
    0x0800cb94   0x00000002   Code   RO          244    i.DebugMon_Handler  stm32f2xx_it.o
    0x0800cb96   0x00000002   PAD
    0x0800cb98   0x00000030   Code   RO          553    i.DigPot_Init       dig_pot.o
    0x0800cbc8   0x00000038   Code   RO          554    i.DigPot_SetValue   dig_pot.o
    0x0800cc00   0x00000004   Code   RO         1038    i.ENTER_CRITICAL_SECTION  mbport.o
    0x0800cc04   0x00000004   Code   RO         1039    i.EXIT_CRITICAL_SECTION  mbport.o
    0x0800cc08   0x00000044   Code   RO          492    i.FLASH_ErasePage   cfg_info.o
    0x0800cc4c   0x00000058   Code   RO         1662    i.FLASH_Erase_Sector  stm32f2xx_hal_flash_ex.o
    0x0800cca4   0x00000054   Code   RO         1663    i.FLASH_FlushCaches  stm32f2xx_hal_flash_ex.o
    0x0800ccf8   0x00000028   Code   RO         1664    i.FLASH_MassErase   stm32f2xx_hal_flash_ex.o
    0x0800cd20   0x00000020   Code   RO         2145    i.FLASH_Program_Byte  stm32f2xx_hal_flash.o
    0x0800cd40   0x00000028   Code   RO         2146    i.FLASH_Program_DoubleWord  stm32f2xx_hal_flash.o
    0x0800cd68   0x00000024   Code   RO         2147    i.FLASH_Program_HalfWord  stm32f2xx_hal_flash.o
    0x0800cd8c   0x00000024   Code   RO         2148    i.FLASH_Program_Word  stm32f2xx_hal_flash.o
    0x0800cdb0   0x00000068   Code   RO         2149    i.FLASH_SetErrorCode  stm32f2xx_hal_flash.o
    0x0800ce18   0x00000050   Code   RO         2150    i.FLASH_WaitForLastOperation  stm32f2xx_hal_flash.o
    0x0800ce68   0x0000006c   Code   RO          493    i.FlashWrite_32     cfg_info.o
    0x0800ced4   0x0000004c   Code   RO          767    i.FloatCheckEquality  utilities.o
    0x0800cf20   0x00000008   Code   RO          768    i.Float_To_UINT16_Buf  utilities.o
    0x0800cf28   0x00000150   Code   RO         2855    i.HAL_ADC_ConfigChannel  stm32f2xx_hal_adc.o
    0x0800d078   0x00000002   Code   RO         2856    i.HAL_ADC_ConvCpltCallback  stm32f2xx_hal_adc.o
    0x0800d07a   0x00000002   Code   RO         2857    i.HAL_ADC_ConvHalfCpltCallback  stm32f2xx_hal_adc.o
    0x0800d07c   0x00000002   Code   RO         2859    i.HAL_ADC_ErrorCallback  stm32f2xx_hal_adc.o
    0x0800d07e   0x00000054   Code   RO         2864    i.HAL_ADC_Init      stm32f2xx_hal_adc.o
    0x0800d0d2   0x00000002   PAD
    0x0800d0d4   0x000000b0   Code   RO          360    i.HAL_ADC_MspInit   stm32f2xx_hal_msp.o
    0x0800d184   0x000000fc   Code   RO         2871    i.HAL_ADC_Start_DMA  stm32f2xx_hal_adc.o
    0x0800d280   0x0000008e   Code   RO         2349    i.HAL_DMA_Abort     stm32f2xx_hal_dma.o
    0x0800d30e   0x00000024   Code   RO         2350    i.HAL_DMA_Abort_IT  stm32f2xx_hal_dma.o
    0x0800d332   0x00000002   PAD
    0x0800d334   0x000001a8   Code   RO         2354    i.HAL_DMA_IRQHandler  stm32f2xx_hal_dma.o
    0x0800d4dc   0x000000d4   Code   RO         2355    i.HAL_DMA_Init      stm32f2xx_hal_dma.o
    0x0800d5b0   0x00000078   Code   RO         2359    i.HAL_DMA_Start_IT  stm32f2xx_hal_dma.o
    0x0800d628   0x00000098   Code   RO         1665    i.HAL_FLASHEx_Erase  stm32f2xx_hal_flash_ex.o
    0x0800d6c0   0x00000014   Code   RO         2154    i.HAL_FLASH_Lock    stm32f2xx_hal_flash.o
    0x0800d6d4   0x0000007c   Code   RO         2159    i.HAL_FLASH_Program  stm32f2xx_hal_flash.o
    0x0800d750   0x00000028   Code   RO         2161    i.HAL_FLASH_Unlock  stm32f2xx_hal_flash.o
    0x0800d778   0x000001c0   Code   RO         2082    i.HAL_GPIO_Init     stm32f2xx_hal_gpio.o
    0x0800d938   0x0000000a   Code   RO         2086    i.HAL_GPIO_WritePin  stm32f2xx_hal_gpio.o
    0x0800d942   0x00000002   PAD
    0x0800d944   0x0000000c   Code   RO         1522    i.HAL_GetTick       stm32f2xx_hal.o
    0x0800d950   0x00000108   Code   RO         2463    i.HAL_I2C_Init      stm32f2xx_hal_i2c.o
    0x0800da58   0x00000138   Code   RO         2474    i.HAL_I2C_Master_Transmit  stm32f2xx_hal_i2c.o
    0x0800db90   0x0000004c   Code   RO          362    i.HAL_I2C_MspInit   stm32f2xx_hal_msp.o
    0x0800dbdc   0x00000010   Code   RO         1524    i.HAL_IncTick       stm32f2xx_hal.o
    0x0800dbec   0x00000034   Code   RO         1525    i.HAL_Init          stm32f2xx_hal.o
    0x0800dc20   0x00000028   Code   RO         1526    i.HAL_InitTick      stm32f2xx_hal.o
    0x0800dc48   0x00000058   Code   RO          363    i.HAL_MspInit       stm32f2xx_hal_msp.o
    0x0800dca0   0x00000016   Code   RO         1949    i.HAL_NVIC_EnableIRQ  stm32f2xx_hal_cortex.o
    0x0800dcb6   0x00000002   PAD
    0x0800dcb8   0x00000040   Code   RO         1955    i.HAL_NVIC_SetPriority  stm32f2xx_hal_cortex.o
    0x0800dcf8   0x00000024   Code   RO         1956    i.HAL_NVIC_SetPriorityGrouping  stm32f2xx_hal_cortex.o
    0x0800dd1c   0x00000158   Code   RO         1843    i.HAL_RCC_ClockConfig  stm32f2xx_hal_rcc.o
    0x0800de74   0x0000000c   Code   RO         1848    i.HAL_RCC_GetHCLKFreq  stm32f2xx_hal_rcc.o
    0x0800de80   0x00000030   Code   RO         1850    i.HAL_RCC_GetPCLK1Freq  stm32f2xx_hal_rcc.o
    0x0800deb0   0x00000030   Code   RO         1851    i.HAL_RCC_GetPCLK2Freq  stm32f2xx_hal_rcc.o
    0x0800dee0   0x00000070   Code   RO         1852    i.HAL_RCC_GetSysClockFreq  stm32f2xx_hal_rcc.o
    0x0800df50   0x000002e4   Code   RO         1855    i.HAL_RCC_OscConfig  stm32f2xx_hal_rcc.o
    0x0800e234   0x00000018   Code   RO         1958    i.HAL_SYSTICK_CLKSourceConfig  stm32f2xx_hal_cortex.o
    0x0800e24c   0x00000028   Code   RO         1960    i.HAL_SYSTICK_Config  stm32f2xx_hal_cortex.o
    0x0800e274   0x00000002   Code   RO         3346    i.HAL_TIMEx_BreakCallback  stm32f2xx_hal_tim_ex.o
    0x0800e276   0x00000002   Code   RO         3347    i.HAL_TIMEx_CommutationCallback  stm32f2xx_hal_tim_ex.o
    0x0800e278   0x00000050   Code   RO         3363    i.HAL_TIMEx_MasterConfigSynchronization  stm32f2xx_hal_tim_ex.o
    0x0800e2c8   0x00000036   Code   RO         3587    i.HAL_TIM_Base_Init  stm32f2xx_hal_tim.o
    0x0800e2fe   0x00000002   PAD
    0x0800e300   0x00000060   Code   RO          365    i.HAL_TIM_Base_MspInit  stm32f2xx_hal_msp.o
    0x0800e360   0x00000018   Code   RO         3592    i.HAL_TIM_Base_Start_IT  stm32f2xx_hal_tim.o
    0x0800e378   0x0000002c   Code   RO         3593    i.HAL_TIM_Base_Stop  stm32f2xx_hal_tim.o
    0x0800e3a4   0x0000002a   Code   RO         3595    i.HAL_TIM_Base_Stop_IT  stm32f2xx_hal_tim.o
    0x0800e3ce   0x000000f2   Code   RO         3596    i.HAL_TIM_ConfigClockSource  stm32f2xx_hal_tim.o
    0x0800e4c0   0x00000002   Code   RO         3616    i.HAL_TIM_IC_CaptureCallback  stm32f2xx_hal_tim.o
    0x0800e4c2   0x00000166   Code   RO         3629    i.HAL_TIM_IRQHandler  stm32f2xx_hal_tim.o
    0x0800e628   0x00000002   Code   RO         3632    i.HAL_TIM_OC_DelayElapsedCallback  stm32f2xx_hal_tim.o
    0x0800e62a   0x00000002   Code   RO         3659    i.HAL_TIM_PWM_PulseFinishedCallback  stm32f2xx_hal_tim.o
    0x0800e62c   0x0000001c   Code   RO          245    i.HAL_TIM_PeriodElapsedCallback  stm32f2xx_it.o
    0x0800e648   0x00000002   Code   RO         3670    i.HAL_TIM_TriggerCallback  stm32f2xx_hal_tim.o
    0x0800e64a   0x00000058   Code   RO         3039    i.HAL_UART_DMAStop  stm32f2xx_hal_uart.o
    0x0800e6a2   0x00000004   Code   RO          709    i.HAL_UART_ErrorCallback  usart_app.o
    0x0800e6a6   0x00000002   PAD
    0x0800e6a8   0x00000110   Code   RO         3044    i.HAL_UART_IRQHandler  stm32f2xx_hal_uart.o
    0x0800e7b8   0x00000062   Code   RO         3045    i.HAL_UART_Init     stm32f2xx_hal_uart.o
    0x0800e81a   0x00000002   PAD
    0x0800e81c   0x000000f8   Code   RO          367    i.HAL_UART_MspInit  stm32f2xx_hal_msp.o
    0x0800e914   0x00000098   Code   RO         3049    i.HAL_UART_Receive_DMA  stm32f2xx_hal_uart.o
    0x0800e9ac   0x00000002   Code   RO          710    i.HAL_UART_RxCpltCallback  usart_app.o
    0x0800e9ae   0x00000002   Code   RO         3052    i.HAL_UART_RxHalfCpltCallback  stm32f2xx_hal_uart.o
    0x0800e9b0   0x00000080   Code   RO         3054    i.HAL_UART_Transmit_DMA  stm32f2xx_hal_uart.o
    0x0800ea30   0x00000014   Code   RO          711    i.HAL_UART_TxCpltCallback  usart_app.o
    0x0800ea44   0x00000002   Code   RO         3057    i.HAL_UART_TxHalfCpltCallback  stm32f2xx_hal_uart.o
    0x0800ea46   0x00000002   Code   RO          246    i.HardFault_Handler  stm32f2xx_it.o
    0x0800ea48   0x00000028   Code   RO         2501    i.I2C_IsAcknowledgeFailed  stm32f2xx_hal_i2c.o
    0x0800ea70   0x00000094   Code   RO         2505    i.I2C_MasterRequestWrite  stm32f2xx_hal_i2c.o
    0x0800eb04   0x0000004e   Code   RO         2514    i.I2C_WaitOnBTFFlagUntilTimeout  stm32f2xx_hal_i2c.o
    0x0800eb52   0x00000060   Code   RO         2515    i.I2C_WaitOnFlagUntilTimeout  stm32f2xx_hal_i2c.o
    0x0800ebb2   0x00000002   PAD
    0x0800ebb4   0x00000088   Code   RO         2516    i.I2C_WaitOnMasterAddressFlagUntilTimeout  stm32f2xx_hal_i2c.o
    0x0800ec3c   0x0000004e   Code   RO         2518    i.I2C_WaitOnTXEFlagUntilTimeout  stm32f2xx_hal_i2c.o
    0x0800ec8a   0x00000002   PAD
    0x0800ec8c   0x000000cc   Code   RO            4    i.MX_ADC1_Init      main.o
    0x0800ed58   0x000000e4   Code   RO            5    i.MX_GPIO_Init      main.o
    0x0800ee3c   0x00000038   Code   RO            6    i.MX_I2C2_Init      main.o
    0x0800ee74   0x00000054   Code   RO            7    i.MX_TIM2_Init      main.o
    0x0800eec8   0x00000054   Code   RO            8    i.MX_TIM4_Init      main.o
    0x0800ef1c   0x00000002   Code   RO          247    i.MemManage_Handler  stm32f2xx_it.o
    0x0800ef1e   0x00000002   PAD
    0x0800ef20   0x00000038   Code   RO          584    i.Modbus_Init       mbinit.o
    0x0800ef58   0x0000000a   Code   RO          585    i.Modbus_Task       mbinit.o
    0x0800ef62   0x00000002   Code   RO          248    i.NMI_Handler       stm32f2xx_it.o
    0x0800ef64   0x00000020   Code   RO         1962    i.NVIC_SetPriority  stm32f2xx_hal_cortex.o
    0x0800ef84   0x00000038   Code   RO          622    i.PyroSquib_CurrentToPotVal  pyro_squib.o
    0x0800efbc   0x00000058   Code   RO          623    i.PyroSquib_Init    pyro_squib.o
    0x0800f014   0x00000030   Code   RO          624    i.PyroSquib_SetCurrent  pyro_squib.o
    0x0800f044   0x00000020   Code   RO          625    i.PyroSquib_SetCurrent_All  pyro_squib.o
    0x0800f064   0x0000015c   Code   RO          626    i.PyroSquib_SetKeysState  pyro_squib.o
    0x0800f1c0   0x00000084   Code   RO          628    i.PyroSquib_Start   pyro_squib.o
    0x0800f244   0x00000038   Code   RO          629    i.PyroSquib_Task    pyro_squib.o
    0x0800f27c   0x00000098   Code   RO          630    i.PyroSquib_Test    pyro_squib.o
    0x0800f314   0x00000030   Code   RO          631    i.PyroSquib_TimerExpired  pyro_squib.o
    0x0800f344   0x00000008   Code   RO            9    i.StartDefaultTask  main.o
    0x0800f34c   0x0000000e   Code   RO          249    i.SysTick_Handler   stm32f2xx_it.o
    0x0800f35a   0x0000006c   Code   RO           10    i.SystemClock_Config  main.o
    0x0800f3c6   0x00000002   PAD
    0x0800f3c8   0x00000048   Code   RO         1442    i.SystemInit        system_stm32f2xx.o
    0x0800f410   0x0000000c   Code   RO          250    i.TIM2_IRQHandler   stm32f2xx_it.o
    0x0800f41c   0x0000000c   Code   RO          251    i.TIM4_IRQHandler   stm32f2xx_it.o
    0x0800f428   0x000000c8   Code   RO         3671    i.TIM_Base_SetConfig  stm32f2xx_hal_tim.o
    0x0800f4f0   0x00000014   Code   RO         3678    i.TIM_ETR_SetConfig  stm32f2xx_hal_tim.o
    0x0800f504   0x00000010   Code   RO         3679    i.TIM_ITRx_SetConfig  stm32f2xx_hal_tim.o
    0x0800f514   0x00000022   Code   RO         3685    i.TIM_TI1_ConfigInputStage  stm32f2xx_hal_tim.o
    0x0800f536   0x00000024   Code   RO         3687    i.TIM_TI2_ConfigInputStage  stm32f2xx_hal_tim.o
    0x0800f55a   0x00000010   Code   RO         3058    i.UART_DMAAbortOnError  stm32f2xx_hal_uart.o
    0x0800f56a   0x0000004a   Code   RO         3059    i.UART_DMAError     stm32f2xx_hal_uart.o
    0x0800f5b4   0x0000003c   Code   RO         3060    i.UART_DMAReceiveCplt  stm32f2xx_hal_uart.o
    0x0800f5f0   0x0000000a   Code   RO         3062    i.UART_DMARxHalfCplt  stm32f2xx_hal_uart.o
    0x0800f5fa   0x0000002e   Code   RO         3064    i.UART_DMATransmitCplt  stm32f2xx_hal_uart.o
    0x0800f628   0x0000000a   Code   RO         3066    i.UART_DMATxHalfCplt  stm32f2xx_hal_uart.o
    0x0800f632   0x0000001c   Code   RO         3068    i.UART_EndRxTransfer  stm32f2xx_hal_uart.o
    0x0800f64e   0x00000012   Code   RO         3069    i.UART_EndTxTransfer  stm32f2xx_hal_uart.o
    0x0800f660   0x0000008c   Code   RO         3070    i.UART_Receive_IT   stm32f2xx_hal_uart.o
    0x0800f6ec   0x000002ac   Code   RO         3071    i.UART_SetConfig    stm32f2xx_hal_uart.o
    0x0800f998   0x00000062   Code   RO         3072    i.UART_Transmit_IT  stm32f2xx_hal_uart.o
    0x0800f9fa   0x00000010   Code   RO          770    i.UINT16_Buf_To_Float  utilities.o
    0x0800fa0a   0x00000002   PAD
    0x0800fa0c   0x00000030   Code   RO          252    i.USART1_IRQHandler  stm32f2xx_it.o
    0x0800fa3c   0x00000002   Code   RO          253    i.UsageFault_Handler  stm32f2xx_it.o
    0x0800fa3e   0x00000002   Code   RO           11    i._Error_Handler    main.o
    0x0800fa40   0x0000000e   Code   RO         5430    i.__scatterload_copy  mc_w.l(handlers.o)
    0x0800fa4e   0x00000002   Code   RO         5431    i.__scatterload_null  mc_w.l(handlers.o)
    0x0800fa50   0x0000000e   Code   RO         5432    i.__scatterload_zeroinit  mc_w.l(handlers.o)
    0x0800fa5e   0x00000002   PAD
    0x0800fa60   0x00000020   Code   RO          827    i.eMBEnable         mb.o
    0x0800fa80   0x0000006e   Code   RO         1236    i.eMBFuncReadCoils  mbfunccoils.o
    0x0800faee   0x0000006e   Code   RO         1275    i.eMBFuncReadDiscreteInputs  mbfuncdisc.o
    0x0800fb5c   0x0000005a   Code   RO         1299    i.eMBFuncReadHoldingRegister  mbfuncholding.o
    0x0800fbb6   0x0000005e   Code   RO         1341    i.eMBFuncReadInputRegister  mbfuncinput.o
    0x0800fc14   0x0000009c   Code   RO         1300    i.eMBFuncReadWriteMultipleHoldingRegister  mbfuncholding.o
    0x0800fcb0   0x00000024   Code   RO         1365    i.eMBFuncReportSlaveID  mbfuncother.o
    0x0800fcd4   0x00000052   Code   RO         1237    i.eMBFuncWriteCoil  mbfunccoils.o
    0x0800fd26   0x0000002e   Code   RO         1301    i.eMBFuncWriteHoldingRegister  mbfuncholding.o
    0x0800fd54   0x0000005e   Code   RO         1238    i.eMBFuncWriteMultipleCoils  mbfunccoils.o
    0x0800fdb2   0x0000004a   Code   RO         1302    i.eMBFuncWriteMultipleHoldingRegister  mbfuncholding.o
    0x0800fdfc   0x00000080   Code   RO          828    i.eMBInit           mb.o
    0x0800fe7c   0x000000b4   Code   RO          829    i.eMBPoll           mb.o
    0x0800ff30   0x00000048   Code   RO          959    i.eMBRTUInit        mbrtu_dma.o
    0x0800ff78   0x0000004c   Code   RO          960    i.eMBRTUReceive     mbrtu_dma.o
    0x0800ffc4   0x0000006c   Code   RO          961    i.eMBRTUSend        mbrtu_dma.o
    0x08010030   0x00000024   Code   RO          962    i.eMBRTUStart       mbrtu_dma.o
    0x08010054   0x0000001a   Code   RO          963    i.eMBRTUStop        mbrtu_dma.o
    0x0801006e   0x00000004   Code   RO         1040    i.eMBRegCoilsCB     mbport.o
    0x08010072   0x00000004   Code   RO         1041    i.eMBRegDiscreteCB  mbport.o
    0x08010076   0x00000002   PAD
    0x08010078   0x000003a0   Code   RO         1042    i.eMBRegHoldingCB   mbport.o
    0x08010418   0x000000f4   Code   RO         1043    i.eMBRegInputCB     mbport.o
    0x0801050c   0x00000014   Code   RO          712    i.getUART_BB_RcvDMAPktLength  usart_app.o
    0x08010520   0x000000c8   Code   RO           12    i.main              main.o
    0x080105e8   0x0000000c   Code   RO         4322    i.makeFreeRtosPriority  cmsis_os.o
    0x080105f4   0x0000000e   Code   RO         4324    i.osDelay           cmsis_os.o
    0x08010602   0x0000000a   Code   RO         4327    i.osKernelStart     cmsis_os.o
    0x0801060c   0x00000014   Code   RO         4360    i.osSystickHandler  cmsis_os.o
    0x08010620   0x0000002e   Code   RO         4361    i.osThreadCreate    cmsis_os.o
    0x0801064e   0x00000002   PAD
    0x08010650   0x00000070   Code   RO         4767    i.prvAddCurrentTaskToDelayedList  tasks.o
    0x080106c0   0x000000d0   Code   RO         4768    i.prvAddNewTaskToReadyList  tasks.o
    0x08010790   0x00000050   Code   RO         4769    i.prvCheckTasksWaitingTermination  tasks.o
    0x080107e0   0x00000026   Code   RO         5200    i.prvCopyDataFromQueue  queue.o
    0x08010806   0x0000006c   Code   RO         5201    i.prvCopyDataToQueue  queue.o
    0x08010872   0x00000014   Code   RO         4770    i.prvDeleteTCB      tasks.o
    0x08010886   0x00000002   PAD
    0x08010888   0x0000004c   Code   RO         5061    i.prvHeapInit       heap_4.o
    0x080108d4   0x00000028   Code   RO         4771    i.prvIdleTask       tasks.o
    0x080108fc   0x0000008e   Code   RO         4772    i.prvInitialiseNewTask  tasks.o
    0x0801098a   0x00000002   PAD
    0x0801098c   0x0000004c   Code   RO         5062    i.prvInsertBlockIntoFreeList  heap_4.o
    0x080109d8   0x0000001c   Code   RO         5202    i.prvIsQueueEmpty   queue.o
    0x080109f4   0x00000020   Code   RO         4773    i.prvResetNextTaskUnblockTime  tasks.o
    0x08010a14   0x00000028   Code   RO         5123    i.prvTaskExitError  port.o
    0x08010a3c   0x0000006a   Code   RO         5203    i.prvUnlockQueue    queue.o
    0x08010aa6   0x00000018   Code   RO         1398    i.prveMBError2Exception  mbutils.o
    0x08010abe   0x00000002   PAD
    0x08010ac0   0x00000028   Code   RO         1138    i.prvvUARTTxReadyISR  portserial.o
    0x08010ae8   0x000000d8   Code   RO         5063    i.pvPortMalloc      heap_4.o
    0x08010bc0   0x00000018   Code   RO         4775    i.pvTaskIncrementMutexHeldCount  tasks.o
    0x08010bd8   0x00000024   Code   RO         5124    i.pxPortInitialiseStack  port.o
    0x08010bfc   0x00000030   Code   RO          713    i.startUARTRcv      usart_app.o
    0x08010c2c   0x00000028   Code   RO          714    i.stopUART          usart_app.o
    0x08010c54   0x0000002c   Code   RO          927    i.usMBCRC16         mbcrc.o
    0x08010c80   0x00000024   Code   RO         5336    i.uxListRemove      list.o
    0x08010ca4   0x00000016   Code   RO         5337    i.vListInitialise   list.o
    0x08010cba   0x00000006   Code   RO         5338    i.vListInitialiseItem  list.o
    0x08010cc0   0x00000030   Code   RO         5339    i.vListInsert       list.o
    0x08010cf0   0x00000018   Code   RO         5340    i.vListInsertEnd    list.o
    0x08010d08   0x0000002c   Code   RO         1139    i.vMBPortSerialEnable  portserial.o
    0x08010d34   0x0000001c   Code   RO         1223    i.vMBPortTimersDisable  porttimer.o
    0x08010d50   0x00000014   Code   RO         1217    i.vMBPortTimersEnable  porttimer.o
    0x08010d64   0x00000040   Code   RO         5126    i.vPortEnterCritical  port.o
    0x08010da4   0x00000028   Code   RO         5127    i.vPortExitCritical  port.o
    0x08010dcc   0x0000005c   Code   RO         5064    i.vPortFree         heap_4.o
    0x08010e28   0x00000020   Code   RO         5128    i.vPortSetupTimerInterrupt  port.o
    0x08010e48   0x0000004c   Code   RO         4781    i.vTaskDelay        tasks.o
    0x08010e94   0x0000000c   Code   RO         4784    i.vTaskMissedYield  tasks.o
    0x08010ea0   0x00000030   Code   RO         4786    i.vTaskPlaceOnEventList  tasks.o
    0x08010ed0   0x00000084   Code   RO         4788    i.vTaskPriorityInherit  tasks.o
    0x08010f54   0x00000024   Code   RO         4791    i.vTaskSetTimeOutState  tasks.o
    0x08010f78   0x00000068   Code   RO         4792    i.vTaskStartScheduler  tasks.o
    0x08010fe0   0x00000010   Code   RO         4794    i.vTaskSuspendAll   tasks.o
    0x08010ff0   0x0000005c   Code   RO         4795    i.vTaskSwitchContext  tasks.o
    0x0801104c   0x0000001c   Code   RO         1100    i.xMBPortEventGet   portevent.o
    0x08011068   0x00000010   Code   RO         1101    i.xMBPortEventInit  portevent.o
    0x08011078   0x00000010   Code   RO         1102    i.xMBPortEventPost  portevent.o
    0x08011088   0x0000002c   Code   RO         1141    i.xMBPortSerialInit  portserial.o
    0x080110b4   0x00000014   Code   RO         1143    i.xMBPortSerialPutPktDMA  portserial.o
    0x080110c8   0x00000050   Code   RO         1193    i.xMBPortTimersInit  porttimer.o
    0x08011118   0x00000028   Code   RO         1194    i.xMBPort_TimerExpired  porttimer.o
    0x08011140   0x00000014   Code   RO          964    i.xMBRTUReceiveFSM  mbrtu_dma.o
    0x08011154   0x0000003c   Code   RO          965    i.xMBRTUTimerT35Expired  mbrtu_dma.o
    0x08011190   0x00000048   Code   RO          966    i.xMBRTUTransmitFSM  mbrtu_dma.o
    0x080111d8   0x00000074   Code   RO         5130    i.xPortStartScheduler  port.o
    0x0801124c   0x0000002c   Code   RO         5131    i.xPortSysTickHandler  port.o
    0x08011278   0x00000048   Code   RO         5211    i.xQueueGenericCreate  queue.o
    0x080112c0   0x0000016c   Code   RO         5212    i.xQueueGenericReceive  queue.o
    0x0801142c   0x00000088   Code   RO         5213    i.xQueueGenericReset  queue.o
    0x080114b4   0x00000160   Code   RO         5214    i.xQueueGenericSend  queue.o
    0x08011614   0x0000006c   Code   RO         4796    i.xTaskCheckForTimeOut  tasks.o
    0x08011680   0x00000056   Code   RO         4797    i.xTaskCreate       tasks.o
    0x080116d6   0x00000002   PAD
    0x080116d8   0x0000001c   Code   RO         4801    i.xTaskGetSchedulerState  tasks.o
    0x080116f4   0x000000c8   Code   RO         4804    i.xTaskIncrementTick  tasks.o
    0x080117bc   0x00000098   Code   RO         4807    i.xTaskPriorityDisinherit  tasks.o
    0x08011854   0x00000074   Code   RO         4808    i.xTaskRemoveFromEventList  tasks.o
    0x080118c8   0x000000c4   Code   RO         4810    i.xTaskResumeAll    tasks.o
    0x0801198c   0x00000014   Data   RO           17    .constdata          main.o
    0x080119a0   0x0000004c   Data   RO          495    .constdata          cfg_info.o
    0x080119ec   0x00000200   Data   RO          928    .constdata          mbcrc.o
    0x08011bec   0x00000010   Data   RO         1443    .constdata          system_stm32f2xx.o
    0x08011bfc   0x00000008   Data   RO         1444    .constdata          system_stm32f2xx.o
    0x08011c04   0x00000008   Data   RO         2361    .constdata          stm32f2xx_hal_dma.o
    0x08011c0c   0x0000000c   Data   RO           18    .conststring        main.o
    0x08011c18   0x00000020   Data   RO         5428    Region$$Table       anon$$obj.o


    Execution Region RW_IRAM2 (Base: 0x20000000, Size: 0x000082c0, Max: 0x00010000, ABSOLUTE, COMPRESSED[0x00000050])

    Base Addr    Size         Type   Attr      Idx    E Section Name        Object

    0x20000000   0x00000004   Data   RW           19    .data               main.o
    0x20000004   0x00000004   Data   RW          496    .data               cfg_info.o
    0x20000008   0x0000000c   Data   RW          633    .data               pyro_squib.o
    0x20000014   0x000000ac   Data   RW          831    .data               mb.o
    0x200000c0   0x0000000c   Data   RW          968    .data               mbrtu_dma.o
    0x200000cc   0x00000004   Data   RW         1045    .data               mbport.o
    0x200000d0   0x00000002   Data   RW         1103    .data               portevent.o
    0x200000d2   0x00000002   Data   RW         1368    .data               mbfuncother.o
    0x200000d4   0x00000004   Data   RW         1445    .data               system_stm32f2xx.o
    0x200000d8   0x00000004   Data   RW         1531    .data               stm32f2xx_hal.o
    0x200000dc   0x0000003c   Data   RW         4813    .data               tasks.o
    0x20000118   0x00000018   Data   RW         5069    .data               heap_4.o
    0x20000130   0x0000000c   Data   RW         5132    .data               port.o
    0x2000013c   0x0000015c   Zero   RW           13    .bss                main.o
    0x20000298   0x00000060   Zero   RW           14    .bss                main.o
    0x200002f8   0x00000060   Zero   RW           15    .bss                main.o
    0x20000358   0x00000060   Zero   RW           16    .bss                main.o
    0x200003b8   0x00000010   Zero   RW          450    .bss                adc.o
    0x200003c8   0x0000004c   Zero   RW          494    .bss                cfg_info.o
    0x20000414   0x00000010   Zero   RW          632    .bss                pyro_squib.o
    0x20000424   0x00000100   Zero   RW          967    .bss                mbrtu_dma.o
    0x20000524   0x00000068   Zero   RW         1044    .bss                mbport.o
    0x2000058c   0x00000020   Zero   RW         1367    .bss                mbfuncother.o
    0x200005ac   0x00000020   Zero   RW         2162    .bss                stm32f2xx_hal_flash.o
    0x200005cc   0x000000f0   Zero   RW         4812    .bss                tasks.o
    0x200006bc   0x00003c00   Zero   RW         5068    .bss                heap_4.o
    0x200042bc   0x00000004   PAD
    0x200042c0   0x00004000   Zero   RW         1431    STACK               startup_stm32f205xx.o



  Load Region LR_IROM3 (Base: 0x08004000, Size: 0x0000004c, Max: 0x00004000, ABSOLUTE)

    Execution Region FLASH_CFG1 (Base: 0x08004000, Size: 0x0000004c, Max: 0x00004000, ABSOLUTE)

    Base Addr    Size         Type   Attr      Idx    E Section Name        Object

    0x08004000   0x0000004c   Data   RW          497    .flash_cfg1         cfg_info.o



  Load Region LR_IROM4 (Base: 0x08008000, Size: 0x0000004c, Max: 0x00004000, ABSOLUTE)

    Execution Region FLASH_CFG2 (Base: 0x08008000, Size: 0x0000004c, Max: 0x00004000, ABSOLUTE)

    Base Addr    Size         Type   Attr      Idx    E Section Name        Object

    0x08008000   0x0000004c   Data   RW          498    .flash_cfg2         cfg_info.o


==============================================================================

Image component sizes


      Code (inc. data)   RO Data    RW Data    ZI Data      Debug   Object Name

        80         32          0          0         16       1685   adc.o
       360         60         76        156         76       4331   cfg_info.o
       102          0          0          0          0      13320   cmsis_os.o
       104          8          0          0          0       1092   dig_pot.o
         0          0          0          0          0       8128   event_groups.o
       460         24          0         24      15360       7335   heap_4.o
       136          0          0          0          0       3478   list.o
       974         76         32          4        636     660843   main.o
       340         40          0        172          0       9108   mb.o
        44          4        512          0          0       1228   mbcrc.o
       286          0          0          0          0       3674   mbfunccoils.o
       110          0          0          0          0       1528   mbfuncdisc.o
       366          0          0          0          0       5075   mbfuncholding.o
        94          0          0          0          0       1523   mbfuncinput.o
        36         10          0          2         32       1363   mbfuncother.o
        66         16          0          0          0       2782   mbinit.o
      1188         76          0          4        104       6189   mbport.o
       470         42          0         12        256       6195   mbrtu_dma.o
        24          0          0          0          0        616   mbutils.o
       522         62          0         12          0      10336   port.o
        60         14          0          2          0       2136   portevent.o
       148         32          0          0          0       2813   portserial.o
       168         28          0          0          0       2724   porttimer.o
       960        118          0         12         16       6717   pyro_squib.o
      1204         14          0          0          0      10594   queue.o
        36          8        388          0      16384        784   startup_stm32f205xx.o
       120         22          0          4          0       3575   stm32f2xx_hal.o
      1116         46          0          0          0       7045   stm32f2xx_hal_adc.o
       218         14          0          0          0      28093   stm32f2xx_hal_cortex.o
      1098         22          8          0          0       7226   stm32f2xx_hal_dma.o
       512         66          0          0         32       6438   stm32f2xx_hal_flash.o
       364         22          0          0          0       3938   stm32f2xx_hal_flash_ex.o
       458         50          0          0          0       2420   stm32f2xx_hal_gpio.o
      1152         24          0          0          0       8961   stm32f2xx_hal_i2c.o
       684        128          0          0          0       3758   stm32f2xx_hal_msp.o
      1304         76          0          0          0       5488   stm32f2xx_hal_rcc.o
      1078         44          0          0          0      10810   stm32f2xx_hal_tim.o
        84          0          0          0          0       2378   stm32f2xx_hal_tim_ex.o
      1926         42          0          0          0      12620   stm32f2xx_hal_uart.o
       162         40          0          0          0       8639   stm32f2xx_it.o
        72         18         24          4          0       1183   system_stm32f2xx.o
      2060        172          0         60        240      21945   tasks.o
       134         34          0          0          0       3494   usart_app.o
       100          0          0          0          0       2245   utilities.o

    ----------------------------------------------------------------------
     21022       1484       1072        468      33156     915853   Object Totals
         0          0         32          0          0          0   (incl. Generated)
        42          0          0          0          4          0   (incl. Padding)

    ----------------------------------------------------------------------

      Code (inc. data)   RO Data    RW Data    ZI Data      Debug   Library Member Name

        86          0          0          0          0          0   __dczerorl2.o
         0          0          0          0          0          0   entry.o
         0          0          0          0          0          0   entry10a.o
         0          0          0          0          0          0   entry11a.o
         8          4          0          0          0          0   entry2.o
         4          0          0          0          0          0   entry5.o
         0          0          0          0          0          0   entry7b.o
         0          0          0          0          0          0   entry8b.o
         8          4          0          0          0          0   entry9a.o
        30          0          0          0          0          0   handlers.o
        36          8          0          0          0         68   init.o
         0          0          0          0          0          0   iusefp.o
        30          0          0          0          0         68   llshl.o
        36          0          0          0          0         68   llsshr.o
        32          0          0          0          0         68   llushr.o
        36          0          0          0          0         68   memcpya.o
        28          0          0          0          0         76   strcmp.o
        48          0          0          0          0         68   cdcmple.o
        56          0          0          0          0         88   d2f.o
       334          0          0          0          0        148   dadd.o
       222          0          0          0          0        100   ddiv.o
       186          0          0          0          0        176   depilogue.o
        26          0          0          0          0         76   dfltui.o
       228          0          0          0          0         96   dmul.o
        38          0          0          0          0         68   f2d.o
       176          0          0          0          0        140   fadd.o
       110          0          0          0          0        168   fepilogue.o
        40          0          0          0          0         68   ffixui.o
       100          0          0          0          0         76   fmul.o

    ----------------------------------------------------------------------
      1902         16          0          0          0       1688   Library Totals
         4          0          0          0          0          0   (incl. Padding)

    ----------------------------------------------------------------------

      Code (inc. data)   RO Data    RW Data    ZI Data      Debug   Library Name

       334         16          0          0          0        416   mc_w.l
      1564          0          0          0          0       1272   mf_w.l

    ----------------------------------------------------------------------
      1902         16          0          0          0       1688   Library Totals

    ----------------------------------------------------------------------

==============================================================================


      Code (inc. data)   RO Data    RW Data    ZI Data      Debug   

     22924       1500       1072        468      33156     904461   Grand Totals
     22924       1500       1072        232      33156     904461   ELF Image Totals (compressed)
     22924       1500       1072        232          0          0   ROM Totals

==============================================================================

    Total RO  Size (Code + RO Data)                23996 (  23.43kB)
    Total RW  Size (RW Data + ZI Data)             33624 (  32.84kB)
    Total ROM Size (Code + RO Data + RW Data)      24228 (  23.66kB)

==============================================================================

