<html>
<body>
<pre>
<h1>µVision Build Log</h1>
<h2>Tool Versions:</h2>
IDE-Version: µVision V5.17.0.0
Copyright (C) 2015 ARM Ltd and ARM Germany GmbH. All rights reserved.
License Information: noW noW, geo, LIC=NHY9U-SL21I-KTI3H-W80HX-ENB0V-57A1N
 
Tool Versions:
Toolchain:       MDK-ARM Professional  Version: 5.17
Toolchain Path:  D:\Programs\Keil\ARM\ARMCC\Bin
C Compiler:      Armcc.exe V5.06 update 1 (build 61)
Assembler:       Armasm.exe V5.06 update 1 (build 61)
Linker/Locator:  ArmLink.exe V5.06 update 1 (build 61)
Library Manager: ArmAr.exe V5.06 update 1 (build 61)
Hex Converter:   FromElf.exe V5.06 update 1 (build 61)
CPU DLL:         SARMCM3.DLL V5.17
Dialog DLL:      DCM.DLL V1.13.4.0
Target DLL:      STLink\ST-LINKIII-KEIL_SWO.dll V2.0.18.0
Dialog DLL:      TCM.DLL V1.14.6.0
 
<h2>Project:</h2>
D:\PROJECTS\STM32F205_PYRO_SQUIB\PYRO_SQUIB\MDK-ARM\PYRO_SQUIB.uvprojx
Project File Date:  10/19/2017

<h2>Output:</h2>
*** Using Compiler 'V5.06 update 1 (build 61)', folder: 'D:\Programs\Keil\ARM\ARMCC\Bin'
Build target 'PYRO_SQUIB'
compiling stm32f2xx_it.c...
../Inc/adc.h(17): warning:  #1-D: last line of file ends without a newline
  #endif
../Inc/dig_pot.h(24): warning:  #1-D: last line of file ends without a newline
  #endif
../Inc/pyro_squib.h(79): warning:  #1-D: last line of file ends without a newline
  #endif
../Src/stm32f2xx_it.c(212): warning:  #223-D: function "xMBRTUReceiveFSM" declared implicitly
  		xMBRTUReceiveFSM();
../Src/stm32f2xx_it.c(271): warning:  #223-D: function "xMBPort_TimerExpired" declared implicitly
  			xMBPort_TimerExpired();		
../Src/stm32f2xx_it.c: 5 warnings, 0 errors
compiling stm32f2xx_hal_msp.c...
compiling main.c...
../Inc/adc.h(17): warning:  #1-D: last line of file ends without a newline
  #endif
../Inc/dig_pot.h(24): warning:  #1-D: last line of file ends without a newline
  #endif
../Inc/pyro_squib.h(79): warning:  #1-D: last line of file ends without a newline
  #endif
../Src/main.c: 3 warnings, 0 errors
compiling freertos.c...
compiling dig_pot.c...
../Inc/dig_pot.h(24): warning:  #1-D: last line of file ends without a newline
  #endif
..\Src\dig_pot.c: 1 warning, 0 errors
compiling adc.c...
../Inc/adc.h(17): warning:  #1-D: last line of file ends without a newline
  #endif
..\Src\adc.c: 1 warning, 0 errors
compiling cfg_info.c...
../Inc/dig_pot.h(24): warning:  #1-D: last line of file ends without a newline
  #endif
../Inc/pyro_squib.h(79): warning:  #1-D: last line of file ends without a newline
  #endif
..\Src\cfg_info.c: 2 warnings, 0 errors
compiling usart_app.c...
compiling mbinit.c...
..\Src\mbinit.c(32): warning:  #188-D: enumerated type mixed with another type
  	eStatus = eMBInit(MB_RTU, 
ODBUS_DEV_ADDR, 0, 
ODBUS_BAUDRATE, 0 );
..\Src\mbinit.c(30): warning:  #550-D: variable "eStatus" was set but never used
  	eMBErrorCode    eStatus;
..\Src\mbinit.c: 2 warnings, 0 errors
compiling pyro_squib.c...
../Inc/dig_pot.h(24): warning:  #1-D: last line of file ends without a newline
  #endif
../Inc/pyro_squib.h(79): warning:  #1-D: last line of file ends without a newline
  #endif
../Inc/adc.h(17): warning:  #1-D: last line of file ends without a newline
  #endif
../Inc/utilities.h(25): warning:  #1-D: last line of file ends without a newline
  #endif
..\Src\pyro_squib.c(81): warning:  #188-D: enumerated type mixed with another type
  		hal_err=DigPot_SetValue((uint8_t)PyroSquib, potVal);
..\Src\pyro_squib.c(99): warning:  #940-D: missing return statement at end of non-void function "PyroSquib_SetMask"
  }
..\Src\pyro_squib.c(146): warning:  #940-D: missing return statement at end of non-void function "PyroSquib_SetKeysState"
  }
..\Src\pyro_squib.c: 7 warnings, 0 errors
compiling utilities.c...
../Inc/utilities.h(25): warning:  #1-D: last line of file ends without a newline
  #endif
..\Src\utilities.c(80): warning:  #1-D: last line of file ends without a newline
  }
..\Src\utilities.c: 2 warnings, 0 errors
compiling mb.c...
..\modbus\mb.c(233): warning:  #223-D: function "ENTER_CRITICAL_SECTION" declared implicitly
          ENTER_CRITICAL_SECTION(  );
..\modbus\mb.c(262): warning:  #223-D: function "EXIT_CRITICAL_SECTION" declared implicitly
          EXIT_CRITICAL_SECTION(  );
..\modbus\mb.c: 2 warnings, 0 errors
compiling mbcrc.c...
compiling mbrtu_dma.c...
..\modbus\rtu\mbrtu_dma.c(88): warning:  #223-D: function "ENTER_CRITICAL_SECTION" declared implicitly
      ENTER_CRITICAL_SECTION(  );
..\modbus\rtu\mbrtu_dma.c(124): warning:  #223-D: function "EXIT_CRITICAL_SECTION" declared implicitly
      EXIT_CRITICAL_SECTION(  );
..\modbus\rtu\mbrtu_dma.c(132): warning:  #223-D: function "ENTER_CRITICAL_SECTION" declared implicitly
      ENTER_CRITICAL_SECTION(  );
..\modbus\rtu\mbrtu_dma.c(142): warning:  #223-D: function "EXIT_CRITICAL_SECTION" declared implicitly
      EXIT_CRITICAL_SECTION(  );
..\modbus\rtu\mbrtu_dma.c(148): warning:  #223-D: function "ENTER_CRITICAL_SECTION" declared implicitly
      ENTER_CRITICAL_SECTION(  );
..\modbus\rtu\mbrtu_dma.c(151): warning:  #223-D: function "EXIT_CRITICAL_SECTION" declared implicitly
      EXIT_CRITICAL_SECTION(  );
..\modbus\rtu\mbrtu_dma.c(160): warning:  #223-D: function "ENTER_CRITICAL_SECTION" declared implicitly
      ENTER_CRITICAL_SECTION(  );
..\modbus\rtu\mbrtu_dma.c(186): warning:  #223-D: function "EXIT_CRITICAL_SECTION" declared implicitly
      EXIT_CRITICAL_SECTION(  );
..\modbus\rtu\mbrtu_dma.c(157): warning:  #550-D: variable "xFrameReceived" was set but never used
      BOOL            xFrameReceived = FALSE;
..\modbus\rtu\mbrtu_dma.c(196): warning:  #223-D: function "ENTER_CRITICAL_SECTION" declared implicitly
      ENTER_CRITICAL_SECTION(  );
..\modbus\rtu\mbrtu_dma.c(225): warning:  #223-D: function "EXIT_CRITICAL_SECTION" declared implicitly
      EXIT_CRITICAL_SECTION(  );
..\modbus\rtu\mbrtu_dma.c(316): warning:  #223-D: function "getUART_BB_RcvDMAPktLength" declared implicitly
  		usRcvBufferPos=	getUART_BB_RcvDMAPktLength();// Bykov_DMA
..\modbus\rtu\mbrtu_dma.c: 12 warnings, 0 errors
compiling portevent.c...
compiling mbport.c...
../Inc/adc.h(17): warning:  #1-D: last line of file ends without a newline
  #endif
../Inc/dig_pot.h(24): warning:  #1-D: last line of file ends without a newline
  #endif
../Inc/pyro_squib.h(79): warning:  #1-D: last line of file ends without a newline
  #endif
../Inc/utilities.h(25): warning:  #1-D: last line of file ends without a newline
  #endif
..\modbus\port\mbport.c: 4 warnings, 0 errors
compiling portserial.c...
..\modbus\port\portserial.c(40): warning:  #223-D: function "startUARTRcv" declared implicitly
  		startUARTRcv(&huart1);
..\modbus\port\portserial.c(43): warning:  #223-D: function "stopUART" declared implicitly
  		stopUART(&huart1);
..\modbus\port\portserial.c: 2 warnings, 0 errors
compiling porttimer.c...
compiling mbfuncdiag.c...
compiling mbfunccoils.c...
compiling mbfuncdisc.c...
compiling mbfuncholding.c...
compiling mbfuncinput.c...
assembling startup_stm32f205xx.s...
compiling system_stm32f2xx.c...
compiling mbfuncother.c...
compiling mbutils.c...
compiling stm32f2xx_hal_rcc_ex.c...
compiling stm32f2xx_hal_flash_ex.c...
compiling stm32f2xx_hal.c...
compiling stm32f2xx_hal_cortex.c...
compiling stm32f2xx_hal_pwr.c...
compiling stm32f2xx_hal_rcc.c...
compiling stm32f2xx_hal_pwr_ex.c...
compiling stm32f2xx_hal_gpio.c...
compiling stm32f2xx_hal_flash.c...
compiling stm32f2xx_hal_dma.c...
compiling stm32f2xx_hal_dma_ex.c...
compiling stm32f2xx_hal_i2c.c...
compiling stm32f2xx_hal_adc.c...
compiling stm32f2xx_hal_uart.c...
compiling stm32f2xx_hal_tim_ex.c...
compiling stm32f2xx_hal_iwdg.c...
compiling stm32f2xx_hal_adc_ex.c...
compiling event_groups.c...
compiling cmsis_os.c...
compiling timers.c...
compiling croutine.c...
compiling tasks.c...
compiling heap_4.c...
compiling port.c...
compiling queue.c...
compiling list.c...
compiling stm32f2xx_hal_tim.c...
linking...
Program Size: Code=23064 RO-data=1072 RW-data=468 ZI-data=33164  
FromELF: creating hex file...
"PYRO_SQUIB\PYRO_SQUIB.axf" - 0 Error(s), 43 Warning(s).

<h2>Software Packages used:</h2>

Package Vendor: ARM
                http://www.keil.com/pack/ARM.CMSIS.4.5.0.pack
                ARM::CMSIS:CORE:4.3.0
                CMSIS (Cortex Microcontroller Software Interface Standard)
   * Component: CORE Version: 4.3.0

<h2>Collection of Component include folders:</h2>
  D:\PROJECTS\STM32F205_PYRO_SQUIB\PYRO_SQUIB\MDK-ARM\RTE
  D:\Programs\Keil\ARM\PACK\ARM\CMSIS\4.5.0\CMSIS\Include
  D:\Programs\Keil\ARM\PACK\Keil\STM32F2xx_DFP\2.6.0\Drivers\CMSIS\Device\ST\STM32F2xx\Include

<h2>Collection of Component Files used:</h2>

   * Component: ARM::CMSIS:CORE:4.3.0
Build Time Elapsed:  00:01:12
</pre>
</body>
</html>
